******************************************************************************
                  TI ARM Linker PC v18.1.1                     
******************************************************************************
>> Linked Sun Apr 29 02:38:11 2018

OUTPUT FILE NAME:   <FreeRTOS_tiva_demo.out>
ENTRY POINT SYMBOL: "_c_int00_noargs"  address: 0000c1a5


MEMORY CONFIGURATION

         name            origin    length      used     unused   attr    fill
----------------------  --------  ---------  --------  --------  ----  --------
  FLASH                 00000000   00100000  0000ccf6  000f330a  R  X
  SRAM                  20000000   00040000  0000cd7c  00033284  RW X


SEGMENT ALLOCATION MAP

run origin  load origin   length   init length attrs members
----------  ----------- ---------- ----------- ----- -------
00000000    00000000    0000ccf8   0000ccf8    r-x
  00000000    00000000    00000208   00000208    r-- .intvecs
  00000208    00000208    0000c31e   0000c31e    r-x .text
  0000c528    0000c528    00000718   00000718    r-- .const
  0000cc40    0000cc40    000000b8   000000b8    r-- .cinit
20000000    20000000    0000cd80   00000000    rw-
  20000000    20000000    0000026c   00000000    rw- .vtable
  20000270    20000270    0000c6c4   00000000    rw- .bss
  2000c934    2000c934    00000244   00000000    rw- .data
  2000cb78    2000cb78    00000200   00000000    rw- .stack
  2000cd78    2000cd78    00000008   00000000    rw- .sysmem


SECTION ALLOCATION MAP

 output                                  attributes/
section   page    origin      length       input sections
--------  ----  ----------  ----------   ----------------
.intvecs   0    00000000    00000208     
                  00000000    00000208     tm4c1294ncpdt_startup_ccs.obj (.intvecs)

.text      0    00000208    0000c31e     
                  00000208    000017b0     tasks.obj (.text)
                  000019b8    000015cc     sysctl.obj (.text)
                  00002f84    0000114c     gpio.obj (.text)
                  000040d0    00000fb4     adc.obj (.text)
                  00005084    00000b4c     i2c.obj (.text)
                  00005bd0    00000ad0     queue.obj (.text)
                  000066a0    00000a5e     rtsv7M4_T_le_v4SPD16_eabi.lib : _printfi.c.obj (.text:__TI_printfi)
                  000070fe    00000002                                   : _lock.c.obj (.text:_nop)
                  00007100    00000a50     uart.obj (.text)
                  00007b50    000009c0     rtsv7M4_T_le_v4SPD16_eabi.lib : e_pow.c.obj (.text:pow)
                  00008510    00000790     main.obj (.text)
                  00008ca0    00000578     timers.obj (.text)
                  00009218    00000490     interrupt.obj (.text)
                  000096a8    00000324     pinout.obj (.text)
                  000099cc    00000270     rtsv7M4_T_le_v4SPD16_eabi.lib : _printfi.c.obj (.text:_pconv_a)
                  00009c3c    000001d0                                   : _printfi.c.obj (.text:_pconv_g)
                  00009e0c    000001b8     heap_2.obj (.text)
                  00009fc4    000001b6     rtsv7M4_T_le_v4SPD16_eabi.lib : fd_add_t2.asm.obj (.text)
                  0000a17a    00000002                                   : div0.asm.obj (.text)
                  0000a17c    00000190     si7021.obj (.text)
                  0000a30c    0000016c     gas_flame.obj (.text)
                  0000a478    00000158     rtsv7M4_T_le_v4SPD16_eabi.lib : e_sqrt.c.obj (.text:sqrt)
                  0000a5d0    0000013c                                   : _printfi.c.obj (.text:_pconv_e)
                  0000a70c    00000138     uart.obj (.text)
                  0000a844    00000136     rtsv7M4_T_le_v4SPD16_eabi.lib : fd_div_t2.asm.obj (.text)
                  0000a97a    00000002     --HOLE-- [fill = 0]
                  0000a97c    0000012c     port.obj (.text)
                  0000aaa8    0000012a     list.obj (.text)
                  0000abd2    00000002     --HOLE-- [fill = 0]
                  0000abd4    00000120     rtsv7M4_T_le_v4SPD16_eabi.lib : _printfi.c.obj (.text:fcvt)
                  0000acf4    00000114                                   : fputs.c.obj (.text:fputs)
                  0000ae08    00000110                                   : s_scalbn.c.obj (.text:scalbn)
                  0000af18    000000fc                                   : fd_mul_t2.asm.obj (.text)
                  0000b014    000000dc                                   : setvbuf.c.obj (.text:setvbuf)
                  0000b0f0    000000d8                                   : memory.c.obj (.text:free)
                  0000b1c8    000000d2     portasm.obj (.text)
                  0000b29a    00000002     --HOLE-- [fill = 0]
                  0000b29c    000000c8     rtsv7M4_T_le_v4SPD16_eabi.lib : perror.c.obj (.text:perror)
                  0000b364    000000b1                                   : _printfi.c.obj (.text:_ltostr)
                  0000b415    00000001     --HOLE-- [fill = 0]
                  0000b416    0000009c                                   : memcpy_t2.asm.obj (.text)
                  0000b4b2    00000096                                   : ull_div_t2.asm.obj (.text)
                  0000b548    0000008c                                   : fputc.c.obj (.text:fputc)
                  0000b5d4    00000086                                   : fd_cmp_t2.asm.obj (.text:__aeabi_cdcmple)
                  0000b65a    00000086                                   : fd_cmp_t2.asm.obj (.text:__aeabi_cdrcmple)
                  0000b6e0    0000007a                                   : memset_t2.asm.obj (.text)
                  0000b75a    00000002     --HOLE-- [fill = 0]
                  0000b75c    00000078                                   : memory.c.obj (.text:malloc)
                  0000b7d4    00000074                                   : fclose.c.obj (.text:__TI_closefile)
                  0000b848    0000006e                                   : _printfi.c.obj (.text:_mcpy)
                  0000b8b6    0000006e                                   : fd_tos_t2.asm.obj (.text)
                  0000b924    00000068                                   : hostlseek.c.obj (.text:HOSTlseek)
                  0000b98c    00000068                                   : hostrename.c.obj (.text:HOSTrename)
                  0000b9f4    00000068                                   : copy_decompress_lzss.c.obj (.text:decompress:lzss:__TI_decompress_lzss)
                  0000ba5c    00000064                                   : s_frexp.c.obj (.text:frexp)
                  0000bac0    00000064                                   : fseek.c.obj (.text:fseek)
                  0000bb24    00000062                                   : _io_perm.c.obj (.text:__TI_wrt_ok)
                  0000bb86    00000002     --HOLE-- [fill = 0]
                  0000bb88    00000060                                   : hostopen.c.obj (.text:HOSTopen)
                  0000bbe8    0000005c                                   : close.c.obj (.text:close)
                  0000bc44    00000058                                   : hostread.c.obj (.text:HOSTread)
                  0000bc9c    00000058                                   : hostwrite.c.obj (.text:HOSTwrite)
                  0000bcf4    00000056                                   : _printfi.c.obj (.text:_pconv_f)
                  0000bd4a    00000054                                   : ltoa.c.obj (.text:ltoa)
                  0000bd9e    00000052                                   : _printfi.c.obj (.text:_ecpy)
                  0000bdf0    0000004c                                   : fflush.c.obj (.text:__TI_doflush)
                  0000be3c    0000004c                                   : atoi.c.obj (.text:atoi)
                  0000be88    0000004a     startup.obj (.text)
                  0000bed2    00000002     --HOLE-- [fill = 0]
                  0000bed4    00000048     rtsv7M4_T_le_v4SPD16_eabi.lib : exit.c.obj (.text:exit)
                  0000bf1c    00000048                                   : fd_toi_t2.asm.obj (.text)
                  0000bf64    00000044                                   : hostclose.c.obj (.text:HOSTclose)
                  0000bfa8    00000044                                   : hostunlink.c.obj (.text:HOSTunlink)
                  0000bfec    00000044                                   : autoinit.c.obj (.text:__TI_auto_init_nobinit_nopinit:__TI_auto_init_nobinit_nopinit)
                  0000c030    00000044                                   : getdevice.c.obj (.text:getdevice)
                  0000c074    00000040                                   : sprintf.c.obj (.text:sprintf)
                  0000c0b4    0000003e                                   : _printfi.c.obj (.text:_fcpy)
                  0000c0f2    0000003e     cpu.obj (.text)
                  0000c130    0000003c     rtsv7M4_T_le_v4SPD16_eabi.lib : memory.c.obj (.text:minsert)
                  0000c16c    00000038                                   : trgmsg.c.obj (.text:__TI_writemsg)
                  0000c1a4    00000038                                   : boot_cortex_m.c.obj (.text:_c_int00_noargs:_c_int00_noargs)
                  0000c1dc    00000038                                   : memory.c.obj (.text:minit)
                  0000c214    00000038                                   : fs_tod_t2.asm.obj (.text)
                  0000c24c    00000036                                   : strncpy.c.obj (.text:strncpy)
                  0000c282    00000002     --HOLE-- [fill = 0]
                  0000c284    00000034                                   : fopen.c.obj (.text:__TI_cleanup)
                  0000c2b8    00000034                                   : trgmsg.c.obj (.text:__TI_readmsg)
                  0000c2ec    00000030                                   : getdevice.c.obj (.text:finddevice)
                  0000c31c    0000002e                                   : i_tofd_t2.asm.obj (.text)
                  0000c34a    00000002     --HOLE-- [fill = 0]
                  0000c34c    0000002c                                   : unlink.c.obj (.text:unlink)
                  0000c378    00000028                                   : lseek.c.obj (.text:lseek)
                  0000c3a0    00000028                                   : memory.c.obj (.text:mremove)
                  0000c3c8    00000028                                   : write.c.obj (.text:write)
                  0000c3f0    00000020                                   : memchr.c.obj (.text:memchr)
                  0000c410    00000020                                   : u_tofd_t2.asm.obj (.text)
                  0000c430    0000001c                                   : memccpy.c.obj (.text:memccpy)
                  0000c44c    00000018                                   : sprintf.c.obj (.text:_outs)
                  0000c464    00000018                                   : strcmp.c.obj (.text:strcmp)
                  0000c47c    00000016                                   : strchr.c.obj (.text:strchr)
                  0000c492    00000014                                   : s_copysign.c.obj (.text:copysign)
                  0000c4a6    00000014                                   : strcpy.c.obj (.text:strcpy)
                  0000c4ba    00000014                                   : strlen.c.obj (.text:strlen)
                  0000c4ce    00000012                                   : wcslen.c.obj (.text:wcslen)
                  0000c4e0    0000000e                                   : copy_decompress_none.c.obj (.text:decompress:none:__TI_decompress_none)
                  0000c4ee    0000000c                                   : copy_zero_init.c.obj (.text:decompress:ZI:__TI_zero_init)
                  0000c4fa    0000000c     tm4c1294ncpdt_startup_ccs.obj (.text)
                  0000c506    0000000a     rtsv7M4_T_le_v4SPD16_eabi.lib : sprintf.c.obj (.text:_outc)
                  0000c510    00000008                                   : errno.c.obj (.text:__aeabi_errno_addr)
                  0000c518    00000006     sysctl.obj (.text:SysCtlDelay)
                  0000c51e    00000004     rtsv7M4_T_le_v4SPD16_eabi.lib : pre_init.c.obj (.text:_system_pre_init)
                  0000c522    00000004                                   : exit.c.obj (.text:abort:abort)

.const     0    0000c528    00000718     
                  0000c528    00000120     sysctl.obj (.const:g_pppui32XTALtoVCO)
                  0000c648    00000101     rtsv7M4_T_le_v4SPD16_eabi.lib : ctype.c.obj (.const:.string:_ctypes_)
                  0000c749    00000003     --HOLE-- [fill = 0]
                  0000c74c    000000c0     gpio.obj (.const:g_ppui32GPIOIntMapBlizzard)
                  0000c80c    000000c0     gpio.obj (.const:g_ppui32GPIOIntMapSnowflake)
                  0000c8cc    0000009c     interrupt.obj (.const:g_pui32Regs)
                  0000c968    00000090     gpio.obj (.const:g_pui32GPIOBaseAddrs)
                  0000c9f8    0000006c     sysctl.obj (.const:g_pui32Xtals)
                  0000ca64    00000050     i2c.obj (.const:g_ppui32I2CIntMapSnowflake)
                  0000cab4    00000040     uart.obj (.const:g_ppui32UARTIntMap)
                  0000caf4    00000040     uart.obj (.const:g_ppui32UARTIntMapSnowflake)
                  0000cb34    00000004     port.obj (.const)
                  0000cb38    00000030     rtsv7M4_T_le_v4SPD16_eabi.lib : e_pow.c.obj (.const:$O1$$)
                  0000cb68    00000030     i2c.obj (.const:g_ppui32I2CIntMap)
                  0000cb98    00000030     sysctl.obj (.const:g_sXTALtoMEMTIM)
                  0000cbc8    00000020     interrupt.obj (.const:g_pui32Priority)
                  0000cbe8    00000014     interrupt.obj (.const:g_pui32Dii16Regs)
                  0000cbfc    00000014     interrupt.obj (.const:g_pui32EnRegs)
                  0000cc10    00000014     interrupt.obj (.const:g_pui32PendRegs)
                  0000cc24    00000014     interrupt.obj (.const:g_pui32UnpendRegs)
                  0000cc38    00000008     sysctl.obj (.const:g_pui32VCOFrequencies)

.cinit     0    0000cc40    000000b8     
                  0000cc40    0000007d     (.cinit..data.load) [load image, compression = lzss]
                  0000ccbd    00000003     --HOLE-- [fill = 0]
                  0000ccc0    0000000c     (__TI_handler_table)
                  0000cccc    00000004     --HOLE-- [fill = 0]
                  0000ccd0    00000008     (.cinit..bss.load) [load image, compression = zero_init]
                  0000ccd8    00000008     (.cinit..vtable.load) [load image, compression = zero_init]
                  0000cce0    00000018     (__TI_cinit_table)

.init_array 
*          0    00000000    00000000     UNINITIALIZED

.vtable    0    20000000    0000026c     UNINITIALIZED
                  20000000    0000026c     interrupt.obj (.vtable)

.bss       0    20000270    0000c6c4     UNINITIALIZED
                  20000270    0000c350     heap_2.obj (.bss:ucHeap)
                  2000c5c0    00000120     rtsv7M4_T_le_v4SPD16_eabi.lib : trgmsg.c.obj (.bss:_CIOBUF_)
                  2000c6e0    000000a0     (.common:__TI_tmpnams)
                  2000c780    00000064     tasks.obj (.bss:pxReadyTasksLists)
                  2000c7e4    00000040     (.common:xQueueRegistry)
                  2000c824    00000014     timers.obj (.bss:xActiveTimerList1)
                  2000c838    00000014     timers.obj (.bss:xActiveTimerList2)
                  2000c84c    00000014     tasks.obj (.bss:xDelayedTaskList1)
                  2000c860    00000014     tasks.obj (.bss:xDelayedTaskList2)
                  2000c874    00000014     tasks.obj (.bss:xPendingReadyList)
                  2000c888    00000014     tasks.obj (.bss:xSuspendedTaskList)
                  2000c89c    00000014     tasks.obj (.bss:xTasksWaitingTermination)
                  2000c8b0    0000000c     (.common:msg_struct)
                  2000c8bc    00000008     tasks.obj (.bss)
                  2000c8c4    00000008     timers.obj (.bss)
                  2000c8cc    00000008     heap_2.obj (.bss:xEnd)
                  2000c8d4    00000008     heap_2.obj (.bss:xStart)
                  2000c8dc    00000004     adc.obj (.bss:g_pui8OversampleFactor)
                  2000c8e0    00000008     (.common:humidity_val)
                  2000c8e8    00000008     (.common:parmbuf)
                  2000c8f0    00000008     (.common:temp_val)
                  2000c8f8    00000004     (.common:ADC0Value)
                  2000c8fc    00000004     (.common:ADC1Value)
                  2000c900    00000004     (.common:AlertTaskHandle)
                  2000c904    00000004     (.common:LogTaskHandle)
                  2000c908    00000004     (.common:Task1Handle)
                  2000c90c    00000004     (.common:Task2Handle)
                  2000c910    00000004     (.common:Task4Handle)
                  2000c914    00000004     (.common:g_ui32SysClock)
                  2000c918    00000004     (.common:myQueue)
                  2000c91c    00000004     (.common:my_sem)
                  2000c920    00000004     (.common:ptr)
                  2000c924    00000004     (.common:ptr2)
                  2000c928    00000004     (.common:rh)
                  2000c92c    00000004     (.common:sem_uart)
                  2000c930    00000004     (.common:tp)

.data      0    2000c934    00000244     UNINITIALIZED
                  2000c934    000000f0     rtsv7M4_T_le_v4SPD16_eabi.lib : defs.c.obj (.data:_ftable)
                  2000ca24    00000078                                   : write.c.obj (.data:_device)
                  2000ca9c    00000050                                   : write.c.obj (.data:_stream)
                  2000caec    00000034     tasks.obj (.data)
                  2000cb20    00000010     rtsv7M4_T_le_v4SPD16_eabi.lib : defs.c.obj (.data)
                  2000cb30    0000000c                                   : exit.c.obj (.data:$O1$$)
                  2000cb3c    0000000c                                   : memory.c.obj (.data:$O1$$)
                  2000cb48    0000000c     timers.obj (.data)
                  2000cb54    0000000a     main.obj (.data:buff2)
                  2000cb5e    00000002     --HOLE--
                  2000cb60    00000008     rtsv7M4_T_le_v4SPD16_eabi.lib : _lock.c.obj (.data:$O1$$)
                  2000cb68    00000008     heap_2.obj (.data)
                  2000cb70    00000004     port.obj (.data)
                  2000cb74    00000004     rtsv7M4_T_le_v4SPD16_eabi.lib : errno.c.obj (.data)

.stack     0    2000cb78    00000200     UNINITIALIZED
                  2000cb78    00000004     rtsv7M4_T_le_v4SPD16_eabi.lib : boot_cortex_m.c.obj (.stack)
                  2000cb7c    000001fc     --HOLE--

.sysmem    0    2000cd78    00000008     UNINITIALIZED
                  2000cd78    00000008     rtsv7M4_T_le_v4SPD16_eabi.lib : memory.c.obj (.sysmem)

MODULE SUMMARY

       Module                          code    ro data   rw data
       ------                          ----    -------   -------
    .\
       main.obj                        1936    0         70     
       tm4c1294ncpdt_startup_ccs.obj   12      520       0      
       si7021.obj                      400     0         0      
       gas_flame.obj                   364     0         28     
       uart.obj                        312     0         0      
       startup.obj                     74      0         0      
    +--+-------------------------------+-------+---------+---------+
       Total:                          3098    520       98     
                                                                
    .\FreeRTOS\
       tasks.obj                       6064    0         260    
       queue.obj                       2768    0         64     
       timers.obj                      1400    0         60     
       list.obj                        298     0         0      
    +--+-------------------------------+-------+---------+---------+
       Total:                          10530   0         384    
                                                                
    .\FreeRTOS\portable\CCS\ARM_CM4F\
       port.obj                        300     4         4      
       portasm.obj                     210     0         0      
    +--+-------------------------------+-------+---------+---------+
       Total:                          510     4         4      
                                                                
    .\FreeRTOS\portable\MemMang\
       heap_2.obj                      440     0         50024  
    +--+-------------------------------+-------+---------+---------+
       Total:                          440     0         50024  
                                                                
    .\driverlib\
       sysctl.obj                      5586    452       0      
       gpio.obj                        4428    528       0      
       adc.obj                         4020    0         4      
       i2c.obj                         2892    128       0      
       uart.obj                        2640    128       0      
       interrupt.obj                   1168    268       620    
       cpu.obj                         62      0         0      
    +--+-------------------------------+-------+---------+---------+
       Total:                          20796   1504      624    
                                                                
    .\drivers\
       pinout.obj                      804     0         0      
    +--+-------------------------------+-------+---------+---------+
       Total:                          804     0         0      
                                                                
    C:\ti\ccsv8\tools\compiler\ti-cgt-arm_18.1.1.LTS\lib\rtsv7M4_T_le_v4SPD16_eabi.lib
       _printfi.c.obj                  4863    0         0      
       e_pow.c.obj                     2496    48        0      
       memory.c.obj                    492     0         12     
       fd_add_t2.asm.obj               438     0         0      
       defs.c.obj                      0       0         416    
       trgmsg.c.obj                    108     0         288    
       e_sqrt.c.obj                    344     0         0      
       fd_div_t2.asm.obj               310     0         0      
       fputs.c.obj                     276     0         0      
       s_scalbn.c.obj                  272     0         0      
       fd_cmp_t2.asm.obj               268     0         0      
       ctype.c.obj                     0       257       0      
       fd_mul_t2.asm.obj               252     0         0      
       write.c.obj                     40      0         200    
       setvbuf.c.obj                   220     0         0      
       perror.c.obj                    200     0         0      
       memcpy_t2.asm.obj               156     0         0      
       ull_div_t2.asm.obj              150     0         0      
       fputc.c.obj                     140     0         0      
       memset_t2.asm.obj               122     0         0      
       fclose.c.obj                    116     0         0      
       getdevice.c.obj                 116     0         0      
       fd_tos_t2.asm.obj               110     0         0      
       copy_decompress_lzss.c.obj      104     0         0      
       hostlseek.c.obj                 104     0         0      
       hostopen.c.obj                  96      0         8      
       hostrename.c.obj                104     0         0      
       fseek.c.obj                     100     0         0      
       s_frexp.c.obj                   100     0         0      
       _io_perm.c.obj                  98      0         0      
       sprintf.c.obj                   98      0         0      
       close.c.obj                     92      0         0      
       exit.c.obj                      76      0         12     
       hostread.c.obj                  88      0         0      
       hostwrite.c.obj                 88      0         0      
       ltoa.c.obj                      84      0         0      
       atoi.c.obj                      76      0         0      
       fflush.c.obj                    76      0         0      
       fd_toi_t2.asm.obj               72      0         0      
       autoinit.c.obj                  68      0         0      
       hostclose.c.obj                 68      0         0      
       hostunlink.c.obj                68      0         0      
       boot_cortex_m.c.obj             56      0         0      
       fs_tod_t2.asm.obj               56      0         0      
       strncpy.c.obj                   54      0         0      
       fopen.c.obj                     52      0         0      
       i_tofd_t2.asm.obj               46      0         0      
       unlink.c.obj                    44      0         0      
       lseek.c.obj                     40      0         0      
       memchr.c.obj                    32      0         0      
       u_tofd_t2.asm.obj               32      0         0      
       memccpy.c.obj                   28      0         0      
       strcmp.c.obj                    24      0         0      
       strchr.c.obj                    22      0         0      
       s_copysign.c.obj                20      0         0      
       strcpy.c.obj                    20      0         0      
       strlen.c.obj                    20      0         0      
       wcslen.c.obj                    18      0         0      
       copy_decompress_none.c.obj      14      0         0      
       copy_zero_init.c.obj            12      0         0      
       errno.c.obj                     8       0         4      
       _lock.c.obj                     2       0         8      
       pre_init.c.obj                  4       0         0      
       div0.asm.obj                    2       0         0      
    +--+-------------------------------+-------+---------+---------+
       Total:                          13755   305       948    
                                                                
       Heap:                           0       0         8      
       Stack:                          0       0         512    
       Linker Generated:               0       177       0      
    +--+-------------------------------+-------+---------+---------+
       Grand Total:                    49933   2510      52602  


LINKER GENERATED COPY TABLES

__TI_cinit_table @ 0000cce0 records: 3, size/record: 8, table size: 24
	.data: load addr=0000cc40, load size=0000007d bytes, run addr=2000c934, run size=00000244 bytes, compression=lzss
	.bss: load addr=0000ccd0, load size=00000008 bytes, run addr=20000270, run size=0000c6c4 bytes, compression=zero_init
	.vtable: load addr=0000ccd8, load size=00000008 bytes, run addr=20000000, run size=0000026c bytes, compression=zero_init


LINKER GENERATED HANDLER TABLE

__TI_handler_table @ 0000ccc0 records: 3, size/record: 4, table size: 12
	index: 0, handler: __TI_zero_init
	index: 1, handler: __TI_decompress_lzss
	index: 2, handler: __TI_decompress_none


GLOBAL SYMBOLS: SORTED ALPHABETICALLY BY Name 

address   name                              
-------   ----                              
2000c8f8  ADC0Value                         
2000c8fc  ADC1Value                         
00004f97  ADCBusy                           
0000502f  ADCClockConfigGet                 
00004fd1  ADCClockConfigSet                 
00004b15  ADCComparatorConfigure            
00004cf5  ADCComparatorIntClear             
00004c49  ADCComparatorIntDisable           
00004c8d  ADCComparatorIntEnable            
00004cd1  ADCComparatorIntStatus            
00004b57  ADCComparatorRegionSet            
00004bcf  ADCComparatorReset                
00004a95  ADCHardwareOversampleConfigure    
000042e3  ADCIntClear                       
00004dc5  ADCIntClearEx                     
000041d5  ADCIntDisable                     
00004d21  ADCIntDisableEx                   
00004213  ADCIntEnable                      
00004d4f  ADCIntEnableEx                    
0000412b  ADCIntRegister                    
0000425f  ADCIntStatus                      
00004d7d  ADCIntStatusEx                    
00004185  ADCIntUnregister                  
00004eef  ADCPhaseDelayGet                  
00004e51  ADCPhaseDelaySet                  
000047c5  ADCProcessorTrigger               
00004e29  ADCReferenceGet                   
00004ddd  ADCReferenceSet                   
000043b9  ADCSequenceConfigure              
00004f55  ADCSequenceDMADisable             
00004f13  ADCSequenceDMAEnable              
00004753  ADCSequenceDataGet                
00004371  ADCSequenceDisable                
0000431f  ADCSequenceEnable                 
00004659  ADCSequenceOverflow               
0000469d  ADCSequenceOverflowClear          
00004507  ADCSequenceStepConfigure          
000046d9  ADCSequenceUnderflow              
00004717  ADCSequenceUnderflowClear         
00004813  ADCSoftwareOversampleConfigure    
000049c5  ADCSoftwareOversampleDataGet      
0000489d  ADCSoftwareOversampleStepConfigure
2000c900  AlertTaskHandle                   
00008a65  Alert_Task                        
0000c523  C$$EXIT                           
0000c19b  C$$IO$$                           
0000c127  CPUbasepriGet                     
0000c119  CPUbasepriSet                     
0000c0f3  CPUcpsid                          
0000c109  CPUcpsie                          
0000c0ff  CPUprimask                        
0000c115  CPUwfi                            
0000a70d  ConfigureUART0                    
0000a76b  ConfigureUART2                    
0000881d  Flame_Task                        
0000863f  Flame_Task_timer                  
00004099  GPIOADCTriggerDisable             
0000406d  GPIOADCTriggerEnable              
00004041  GPIODMATriggerDisable             
00004015  GPIODMATriggerEnable              
00003161  GPIODirModeGet                    
000030dd  GPIODirModeSet                    
00003899  GPIOIntClear                      
00003841  GPIOIntDisable                    
00003819  GPIOIntEnable                     
000038bb  GPIOIntRegister                   
00003869  GPIOIntStatus                     
00003329  GPIOIntTypeGet                    
0000322d  GPIOIntTypeSet                    
000038f9  GPIOIntUnregister                 
000036a1  GPIOPadConfigGet                  
000033e7  GPIOPadConfigSet                  
00003f8f  GPIOPinConfigure                  
00003933  GPIOPinRead                       
0000398b  GPIOPinTypeADC                    
000039c1  GPIOPinTypeCAN                    
00003f49  GPIOPinTypeCIR                    
000039f7  GPIOPinTypeComparator             
00003a2d  GPIOPinTypeEPI                    
00003a63  GPIOPinTypeEthernetLED            
00003a99  GPIOPinTypeEthernetMII            
00003acf  GPIOPinTypeGPIOInput              
00003b05  GPIOPinTypeGPIOOutput             
00003b3b  GPIOPinTypeGPIOOutputOD           
00003b71  GPIOPinTypeI2C                    
00003ba7  GPIOPinTypeI2CSCL                 
00003ed9  GPIOPinTypeKBColumn               
00003ea3  GPIOPinTypeKBRow                  
00003bdd  GPIOPinTypeLCD                    
00003f0f  GPIOPinTypeLEDSeq                 
00003c13  GPIOPinTypeLPC                    
00003c4d  GPIOPinTypePECIRx                 
00003c83  GPIOPinTypePECITx                 
00003cb9  GPIOPinTypePWM                    
00003cef  GPIOPinTypeQEI                    
00003d25  GPIOPinTypeSSI                    
00003d5b  GPIOPinTypeTimer                  
00003d91  GPIOPinTypeUART                   
00003dc7  GPIOPinTypeUSBAnalog              
00003dfd  GPIOPinTypeUSBDigital             
00003e33  GPIOPinTypeWakeHigh               
00003e6b  GPIOPinTypeWakeLow                
00003f7f  GPIOPinWakeStatus                 
0000395d  GPIOPinWrite                      
00008731  Gas_Task                          
00008605  Gas_Task_timer                    
0000bf65  HOSTclose                         
0000b925  HOSTlseek                         
0000bb89  HOSTopen                          
0000bc45  HOSTread                          
0000b98d  HOSTrename                        
0000bfa9  HOSTunlink                        
0000bc9d  HOSTwrite                         
00008911  Humidity_Task                     
00008679  Humidity_Task_timer               
00005ab7  I2CFIFODataGet                    
00005adf  I2CFIFODataGetNonBlocking         
00005a51  I2CFIFODataPut                    
00005a81  I2CFIFODataPutNonBlocking         
00005a33  I2CFIFOStatus                     
00005349  I2CIntRegister                    
000053b5  I2CIntUnregister                  
00005b45  I2CMasterBurstCountGet            
00005b13  I2CMasterBurstLengthSet           
00005727  I2CMasterBusBusy                  
00005701  I2CMasterBusy                     
0000574d  I2CMasterControl                  
00005859  I2CMasterDataGet                  
00005835  I2CMasterDataPut                  
000052d5  I2CMasterDisable                  
00005285  I2CMasterEnable                   
000057fb  I2CMasterErr                      
00005b61  I2CMasterGlitchFilterConfigSet    
00005155  I2CMasterInitExpClk               
00005617  I2CMasterIntClear                 
00005641  I2CMasterIntClearEx               
00005495  I2CMasterIntDisable               
000054b3  I2CMasterIntDisableEx             
000053f1  I2CMasterIntEnable                
0000540f  I2CMasterIntEnableEx              
00005527  I2CMasterIntStatus                
0000556f  I2CMasterIntStatusEx              
000056e5  I2CMasterLineStateGet             
000056a3  I2CMasterSlaveAddrSet             
00005875  I2CMasterTimeoutSet               
000059d7  I2CRxFIFOConfigSet                
00005a0d  I2CRxFIFOFlush                    
00005899  I2CSlaveACKOverride               
000058d9  I2CSlaveACKValueSet               
00005215  I2CSlaveAddressSet                
0000595d  I2CSlaveDataGet                   
00005937  I2CSlaveDataPut                   
000052f9  I2CSlaveDisable                   
000052a9  I2CSlaveEnable                    
00005bad  I2CSlaveFIFODisable               
00005b87  I2CSlaveFIFOEnable                
000051d7  I2CSlaveInit                      
00005661  I2CSlaveIntClear                  
00005681  I2CSlaveIntClearEx                
000054d9  I2CSlaveIntDisable                
000054ff  I2CSlaveIntDisableEx              
0000543d  I2CSlaveIntEnable                 
0000546d  I2CSlaveIntEnableEx               
0000559b  I2CSlaveIntStatus                 
000055e7  I2CSlaveIntStatusEx               
00005919  I2CSlaveStatus                    
0000597b  I2CTxFIFOConfigSet                
000059b1  I2CTxFIFOFlush                    
00009445  IntDisable                        
000093c7  IntEnable                         
000094cd  IntIsEnabled                      
0000922b  IntMasterDisable                  
0000921b  IntMasterEnable                   
000095f1  IntPendClear                      
00009581  IntPendSet                        
00009391  IntPriorityGet                    
000092f7  IntPriorityGroupingGet            
000092d1  IntPriorityGroupingSet            
00009657  IntPriorityMaskGet                
0000964b  IntPriorityMaskSet                
0000932f  IntPrioritySet                    
0000923b  IntRegister                       
0000965f  IntTrigger                        
000092b1  IntUnregister                     
0000990b  LEDRead                           
0000987b  LEDWrite                          
2000c904  LogTaskHandle                     
00008bd5  Log_Task                          
000086ed  Log_Task_timer                    
000096a9  PinoutSet                         
00008b97  Queue_init                        
0000c4fb  ResetISR                          
00002f2d  SysCtlAltClkConfig                
00002575  SysCtlClockFreqSet                
00002a71  SysCtlClockGet                    
00002ef5  SysCtlClockOutConfig              
000028a5  SysCtlClockSet                    
0000245d  SysCtlDeepSleep                   
00002c55  SysCtlDeepSleepClockConfigSet     
00002c39  SysCtlDeepSleepClockSet           
0000243d  SysCtlDeepSleepPowerSet           
0000c519  SysCtlDelay                       
00001d69  SysCtlFlashSectorSizeGet          
00001d3d  SysCtlFlashSizeGet                
00002e29  SysCtlGPIOAHBDisable              
00002da1  SysCtlGPIOAHBEnable               
00002351  SysCtlIntClear                    
00002339  SysCtlIntDisable                  
00002325  SysCtlIntEnable                   
00002301  SysCtlIntRegister                 
00002361  SysCtlIntStatus                   
00002315  SysCtlIntUnregister               
00002423  SysCtlLDODeepSleepGet             
000023d5  SysCtlLDODeepSleepSet             
000023cb  SysCtlLDOSleepGet                 
0000237d  SysCtlLDOSleepSet                 
00002499  SysCtlMOSCConfigSet               
00002edb  SysCtlNMIClear                    
00002ed5  SysCtlNMIStatus                   
000024a9  SysCtlPIOSCCalibrate              
00002d6d  SysCtlPWMClockGet                 
00002d01  SysCtlPWMClockSet                 
000022ad  SysCtlPeripheralClockGating       
0000225f  SysCtlPeripheralDeepSleepDisable  
00002211  SysCtlPeripheralDeepSleepEnable   
0000211d  SysCtlPeripheralDisable           
000020b1  SysCtlPeripheralEnable            
00001f61  SysCtlPeripheralPowerOff          
00001edd  SysCtlPeripheralPowerOn           
00001dc9  SysCtlPeripheralPresent           
00001e55  SysCtlPeripheralReady             
0000200d  SysCtlPeripheralReset             
000021bd  SysCtlPeripheralSleepDisable      
0000216b  SysCtlPeripheralSleepEnable       
0000244d  SysCtlReset                       
00002509  SysCtlResetBehaviorGet            
000024f9  SysCtlResetBehaviorSet            
00002485  SysCtlResetCauseClear             
00002479  SysCtlResetCauseGet               
00001d33  SysCtlSRAMSizeGet                 
00002455  SysCtlSleep                       
0000242d  SysCtlSleepPowerSet               
00002e9f  SysCtlUSBPLLDisable               
00002e93  SysCtlUSBPLLEnable                
00002ec1  SysCtlVoltageEventClear           
00002eab  SysCtlVoltageEventConfig          
00002ebb  SysCtlVoltageEventStatus          
2000c908  Task1Handle                       
2000c90c  Task2Handle                       
2000c910  Task4Handle                       
000089b1  Temp_Task                         
000086b3  Temp_Task_timer                   
00007af7  UART9BitAddrSend                  
00007ac3  UART9BitAddrSet                   
00007a9f  UART9BitDisable                   
00007a7b  UART9BitEnable                    
00007825  UARTBreakCtl                      
0000785d  UARTBusy                          
0000779f  UARTCharGet                       
00007775  UARTCharGetNonBlocking            
000077f5  UARTCharPut                       
000077c3  UARTCharPutNonBlocking            
0000771d  UARTCharsAvail                    
00007a5d  UARTClockSourceGet                
00007a27  UARTClockSourceSet                
000073a5  UARTConfigGetExpClk               
000072c7  UARTConfigSetExpClk               
000079c3  UARTDMADisable                    
0000799d  UARTDMAEnable                     
0000744d  UARTDisable                       
00007509  UARTDisableSIR                    
00007405  UARTEnable                        
000074cd  UARTEnableSIR                     
000074a9  UARTFIFODisable                   
00007485  UARTFIFOEnable                    
0000728b  UARTFIFOLevelGet                  
00007219  UARTFIFOLevelSet                  
00007697  UARTFlowControlGet                
0000765b  UARTFlowControlSet                
0000797d  UARTIntClear                      
00007927  UARTIntDisable                    
00007901  UARTIntEnable                     
0000a7e3  UARTIntHandler                    
00007889  UARTIntRegister                   
0000794d  UARTIntStatus                     
000078c7  UARTIntUnregister                 
000075d5  UARTModemControlClear             
00007619  UARTModemControlGet               
00007591  UARTModemControlSet               
00007639  UARTModemStatusGet                
000071fb  UARTParityModeGet                 
000071af  UARTParityModeSet                 
00007a09  UARTRxErrorClear                  
000079e9  UARTRxErrorGet                    
0000756d  UARTSmartCardDisable              
0000752d  UARTSmartCardEnable               
00007749  UARTSpaceAvail                    
000076f9  UARTTxIntModeGet                  
000076b7  UARTTxIntModeSet                  
00008511  UART_send                         
2000c5c0  __CIOBUF_                         
2000cd78  __STACK_END                       
00000200  __STACK_SIZE                      
2000cd78  __STACK_TOP                       
00000008  __SYSMEM_SIZE                     
0000cce0  __TI_CINIT_Base                   
0000ccf8  __TI_CINIT_Limit                  
0000ccc0  __TI_Handler_Table_Base           
0000cccc  __TI_Handler_Table_Limit          
0000bfed  __TI_auto_init_nobinit_nopinit    
0000c285  __TI_cleanup                      
2000cb30  __TI_cleanup_ptr                  
0000b7d5  __TI_closefile                    
0000b9f5  __TI_decompress_lzss              
0000c4e1  __TI_decompress_none              
0000bdf1  __TI_doflush                      
2000cb34  __TI_dtors_ptr                    
2000cb38  __TI_enable_exit_profile_output   
2000cb20  __TI_ft_end                       
ffffffff  __TI_pprof_out_hndl               
000066a1  __TI_printfi                      
ffffffff  __TI_prof_data_size               
ffffffff  __TI_prof_data_start              
0000c2b9  __TI_readmsg                      
00000000  __TI_static_base__                
2000c6e0  __TI_tmpnams                      
0000c16d  __TI_writemsg                     
0000bb25  __TI_wrt_ok                       
0000c4ef  __TI_zero_init                    
0000b5d5  __aeabi_cdcmpeq                   
0000b5d5  __aeabi_cdcmple                   
0000b65b  __aeabi_cdrcmple                  
0000b8b7  __aeabi_d2f                       
0000bf1d  __aeabi_d2iz                      
00009fcf  __aeabi_dadd                      
0000a845  __aeabi_ddiv                      
0000af19  __aeabi_dmul                      
00009fc5  __aeabi_dsub                      
0000c511  __aeabi_errno_addr                
0000c215  __aeabi_f2d                       
0000c31d  __aeabi_i2d                       
0000a17b  __aeabi_idiv0                     
0000a17b  __aeabi_ldiv0                     
0000b6e1  __aeabi_memclr                    
0000b6e1  __aeabi_memclr4                   
0000b6e1  __aeabi_memclr8                   
0000b417  __aeabi_memcpy                    
0000b417  __aeabi_memcpy4                   
0000b417  __aeabi_memcpy8                   
0000b6e3  __aeabi_memset                    
0000b6e3  __aeabi_memset4                   
0000b6e3  __aeabi_memset8                   
2000cb2c  __aeabi_stderr                    
2000cb24  __aeabi_stdin                     
2000cb28  __aeabi_stdout                    
0000c411  __aeabi_ui2d                      
0000b4b3  __aeabi_uldivmod                  
ffffffff  __binit__                         
ffffffff  __c_args__                        
00008c39  __error__                         
UNDEFED   __mpu_init                        
2000cb78  __stack                           
0000c1a5  _c_int00_noargs                   
0000c648  _ctypes_                          
2000ca24  _device                           
2000c934  _ftable                           
2000cb60  _lock                             
000070ff  _nop                              
2000ca9c  _stream                           
2000cd78  _sys_memory                       
UNDEFED   _system_post_cinit                
0000c51f  _system_pre_init                  
2000cb64  _unlock                           
0000c523  abort                             
0000a30d  adc_ch0_init                      
0000a359  adc_ch1_init                      
0000be3d  atoi                              
ffffffff  binit                             
2000cb54  buff2                             
0000bbe9  close                             
0000a39f  co_val                            
0000c493  copysign                          
0000c493  copysignl                         
0000057d  eTaskGetState                     
2000cb74  errno                             
0000bed5  exit                              
0000c2ed  finddevice                        
0000b549  fputc                             
0000acf5  fputs                             
0000b0f1  free                              
0000ba5d  frexp                             
0000ba5d  frexpl                            
0000bac1  fseek                             
20000000  g_pfnRAMVectors                   
00000000  g_pfnVectors                      
2000c914  g_ui32SysClock                    
0000c031  getdevice                         
0000a249  humidity                          
2000c8e0  humidity_val                      
0000a1cb  i2cRead                           
0000a17d  i2c_init                          
0000ae09  ldexp                             
0000ae09  ldexpl                            
0000c379  lseek                             
0000bd4b  ltoa                              
00008559  main                              
0000b75d  malloc                            
0000c431  memccpy                           
0000c3f1  memchr                            
0000b417  memcpy                            
0000b6e9  memset                            
0000c1dd  minit                             
2000c8b0  msg_struct                        
2000c918  myQueue                           
2000c91c  my_sem                            
2000c8e8  parmbuf                           
000065b9  pcQueueGetName                    
00000b3f  pcTaskGetName                     
00008ddb  pcTimerGetName                    
0000b29d  perror                            
00007b51  pow                               
00007b51  powl                              
2000c920  ptr                               
2000c924  ptr2                              
0000b549  putc                              
00009e0d  pvPortMalloc                      
000014c7  pvTaskIncrementMutexHeldCount     
000091c9  pvTimerGetTimerID                 
2000caec  pxCurrentTCB                      
0000a97d  pxPortInitialiseStack             
0000c34d  remove                            
2000c928  rh                                
0000ae09  scalbn                            
0000ae09  scalbnl                           
2000c92c  sem_uart                          
0000b015  setvbuf                           
0000c075  sprintf                           
0000a479  sqrt                              
0000a479  sqrtl                             
0000be89  startup                           
0000c47d  strchr                            
0000c465  strcmp                            
0000c4a7  strcpy                            
0000c4bb  strlen                            
0000c24d  strncpy                           
0000a28b  temp                              
2000c8f0  temp_val                          
2000c930  tp                                
00006339  ucQueueGetQueueType               
0000cb34  ulMaxSyscallInterruptPriority     
0000b1d9  ulPortGetIPSR                     
000014df  ulTaskNotifyTake                  
0000c34d  unlink                            
0000ab8b  uxListRemove                      
00006319  uxQueueGetQueueNumber             
000062bb  uxQueueMessagesWaiting            
000062f1  uxQueueMessagesWaitingFromISR     
000062d1  uxQueueSpacesAvailable            
00000b39  uxTaskGetNumberOfTasks            
00000b65  uxTaskGetSystemState              
00001009  uxTaskGetTaskNumber               
00000611  uxTaskPriorityGet                 
00000641  uxTaskPriorityGetFromISR          
000014a5  uxTaskResetEventItemValue         
0000aaa9  vListInitialise                   
0000aad9  vListInitialiseItem               
0000ab25  vListInsert                       
0000aae9  vListInsertEnd                    
0000b28d  vPortEnableVFP                    
0000aa1d  vPortEndScheduler                 
0000aa1f  vPortEnterCritical                
0000aa3f  vPortExitCritical                 
00009f05  vPortFree                         
00009f69  vPortInitialiseBlocks             
0000b251  vPortSVCHandler                   
0000aa7b  vPortSetupTimerInterrupt          
0000b271  vPortStartFirstTask               
00006577  vQueueAddToRegistry               
00006303  vQueueDelete                      
00006327  vQueueSetQueueNumber              
000065f9  vQueueUnregisterQueue             
0000663d  vQueueWaitForMessageRestricted    
00000541  vTaskDelay                        
000004b1  vTaskDelayUntil                   
00000403  vTaskDelete                       
000009ff  vTaskEndScheduler                 
0000111d  vTaskGetInfo                      
00000ff7  vTaskMissedYield                  
0000180b  vTaskNotifyGiveFromISR            
00000de5  vTaskPlaceOnEventList             
00000e2b  vTaskPlaceOnEventListRestricted   
00000e01  vTaskPlaceOnUnorderedEventList    
00001345  vTaskPriorityInherit              
0000068d  vTaskPrioritySet                  
000008a1  vTaskResume                       
00001029  vTaskSetTaskNumber                
00000f59  vTaskSetTimeOutState              
000009a9  vTaskStartScheduler               
000007a1  vTaskSuspend                      
00000a1b  vTaskSuspendAll                   
00000d7d  vTaskSwitchContext                
000091e3  vTimerSetTimerID                  
0000c4cf  wcslen                            
0000c3c9  write                             
00009f63  xPortGetFreeHeapSize              
0000b1f1  xPortPendSVHandler                
0000a9e7  xPortStartScheduler               
0000aa55  xPortSysTickHandler               
00005dd9  xQueueCreateCountingSemaphore     
00005d29  xQueueCreateMutex                 
00005c6f  xQueueGenericCreate               
00006051  xQueueGenericReceive              
00005bd1  xQueueGenericReset                
00005df9  xQueueGenericSend                 
00005f25  xQueueGenericSendFromISR          
00005fbf  xQueueGiveFromISR                 
00005d55  xQueueGiveMutexRecursive          
00006513  xQueueIsQueueEmptyFromISR         
00006555  xQueueIsQueueFullFromISR          
00006269  xQueuePeekFromISR                 
000061d1  xQueueReceiveFromISR              
2000c7e4  xQueueRegistry                    
00005d91  xQueueTakeMutexRecursive          
00000f7d  xTaskCheckForTimeOut              
00000209  xTaskCreate                       
00001615  xTaskGenericNotify                
00001701  xTaskGenericNotifyFromISR         
000012e5  xTaskGetCurrentTaskHandle         
000012f9  xTaskGetSchedulerState            
00000b15  xTaskGetTickCount                 
00000b25  xTaskGetTickCountFromISR          
00000c59  xTaskIncrementTick                
000018b9  xTaskNotifyStateClear             
00001565  xTaskNotifyWait                   
00001407  xTaskPriorityDisinherit           
00000e65  xTaskRemoveFromEventList          
00000ee5  xTaskRemoveFromUnorderedEventList 
00000a31  xTaskResumeAll                    
0000091b  xTaskResumeFromISR                
00008ccd  xTimerCreate                      
00008ca1  xTimerCreateTimerTask             
00008d41  xTimerGenericCommand              
00008dc5  xTimerGetExpiryTime               
00008db3  xTimerGetPeriod                   
00008dad  xTimerGetTimerDaemonTaskHandle    
0000919d  xTimerIsTimerActive               


GLOBAL SYMBOLS: SORTED BY Symbol Address 

address   name                              
-------   ----                              
00000000  __TI_static_base__                
00000000  g_pfnVectors                      
00000008  __SYSMEM_SIZE                     
00000200  __STACK_SIZE                      
00000209  xTaskCreate                       
00000403  vTaskDelete                       
000004b1  vTaskDelayUntil                   
00000541  vTaskDelay                        
0000057d  eTaskGetState                     
00000611  uxTaskPriorityGet                 
00000641  uxTaskPriorityGetFromISR          
0000068d  vTaskPrioritySet                  
000007a1  vTaskSuspend                      
000008a1  vTaskResume                       
0000091b  xTaskResumeFromISR                
000009a9  vTaskStartScheduler               
000009ff  vTaskEndScheduler                 
00000a1b  vTaskSuspendAll                   
00000a31  xTaskResumeAll                    
00000b15  xTaskGetTickCount                 
00000b25  xTaskGetTickCountFromISR          
00000b39  uxTaskGetNumberOfTasks            
00000b3f  pcTaskGetName                     
00000b65  uxTaskGetSystemState              
00000c59  xTaskIncrementTick                
00000d7d  vTaskSwitchContext                
00000de5  vTaskPlaceOnEventList             
00000e01  vTaskPlaceOnUnorderedEventList    
00000e2b  vTaskPlaceOnEventListRestricted   
00000e65  xTaskRemoveFromEventList          
00000ee5  xTaskRemoveFromUnorderedEventList 
00000f59  vTaskSetTimeOutState              
00000f7d  xTaskCheckForTimeOut              
00000ff7  vTaskMissedYield                  
00001009  uxTaskGetTaskNumber               
00001029  vTaskSetTaskNumber                
0000111d  vTaskGetInfo                      
000012e5  xTaskGetCurrentTaskHandle         
000012f9  xTaskGetSchedulerState            
00001345  vTaskPriorityInherit              
00001407  xTaskPriorityDisinherit           
000014a5  uxTaskResetEventItemValue         
000014c7  pvTaskIncrementMutexHeldCount     
000014df  ulTaskNotifyTake                  
00001565  xTaskNotifyWait                   
00001615  xTaskGenericNotify                
00001701  xTaskGenericNotifyFromISR         
0000180b  vTaskNotifyGiveFromISR            
000018b9  xTaskNotifyStateClear             
00001d33  SysCtlSRAMSizeGet                 
00001d3d  SysCtlFlashSizeGet                
00001d69  SysCtlFlashSectorSizeGet          
00001dc9  SysCtlPeripheralPresent           
00001e55  SysCtlPeripheralReady             
00001edd  SysCtlPeripheralPowerOn           
00001f61  SysCtlPeripheralPowerOff          
0000200d  SysCtlPeripheralReset             
000020b1  SysCtlPeripheralEnable            
0000211d  SysCtlPeripheralDisable           
0000216b  SysCtlPeripheralSleepEnable       
000021bd  SysCtlPeripheralSleepDisable      
00002211  SysCtlPeripheralDeepSleepEnable   
0000225f  SysCtlPeripheralDeepSleepDisable  
000022ad  SysCtlPeripheralClockGating       
00002301  SysCtlIntRegister                 
00002315  SysCtlIntUnregister               
00002325  SysCtlIntEnable                   
00002339  SysCtlIntDisable                  
00002351  SysCtlIntClear                    
00002361  SysCtlIntStatus                   
0000237d  SysCtlLDOSleepSet                 
000023cb  SysCtlLDOSleepGet                 
000023d5  SysCtlLDODeepSleepSet             
00002423  SysCtlLDODeepSleepGet             
0000242d  SysCtlSleepPowerSet               
0000243d  SysCtlDeepSleepPowerSet           
0000244d  SysCtlReset                       
00002455  SysCtlSleep                       
0000245d  SysCtlDeepSleep                   
00002479  SysCtlResetCauseGet               
00002485  SysCtlResetCauseClear             
00002499  SysCtlMOSCConfigSet               
000024a9  SysCtlPIOSCCalibrate              
000024f9  SysCtlResetBehaviorSet            
00002509  SysCtlResetBehaviorGet            
00002575  SysCtlClockFreqSet                
000028a5  SysCtlClockSet                    
00002a71  SysCtlClockGet                    
00002c39  SysCtlDeepSleepClockSet           
00002c55  SysCtlDeepSleepClockConfigSet     
00002d01  SysCtlPWMClockSet                 
00002d6d  SysCtlPWMClockGet                 
00002da1  SysCtlGPIOAHBEnable               
00002e29  SysCtlGPIOAHBDisable              
00002e93  SysCtlUSBPLLEnable                
00002e9f  SysCtlUSBPLLDisable               
00002eab  SysCtlVoltageEventConfig          
00002ebb  SysCtlVoltageEventStatus          
00002ec1  SysCtlVoltageEventClear           
00002ed5  SysCtlNMIStatus                   
00002edb  SysCtlNMIClear                    
00002ef5  SysCtlClockOutConfig              
00002f2d  SysCtlAltClkConfig                
000030dd  GPIODirModeSet                    
00003161  GPIODirModeGet                    
0000322d  GPIOIntTypeSet                    
00003329  GPIOIntTypeGet                    
000033e7  GPIOPadConfigSet                  
000036a1  GPIOPadConfigGet                  
00003819  GPIOIntEnable                     
00003841  GPIOIntDisable                    
00003869  GPIOIntStatus                     
00003899  GPIOIntClear                      
000038bb  GPIOIntRegister                   
000038f9  GPIOIntUnregister                 
00003933  GPIOPinRead                       
0000395d  GPIOPinWrite                      
0000398b  GPIOPinTypeADC                    
000039c1  GPIOPinTypeCAN                    
000039f7  GPIOPinTypeComparator             
00003a2d  GPIOPinTypeEPI                    
00003a63  GPIOPinTypeEthernetLED            
00003a99  GPIOPinTypeEthernetMII            
00003acf  GPIOPinTypeGPIOInput              
00003b05  GPIOPinTypeGPIOOutput             
00003b3b  GPIOPinTypeGPIOOutputOD           
00003b71  GPIOPinTypeI2C                    
00003ba7  GPIOPinTypeI2CSCL                 
00003bdd  GPIOPinTypeLCD                    
00003c13  GPIOPinTypeLPC                    
00003c4d  GPIOPinTypePECIRx                 
00003c83  GPIOPinTypePECITx                 
00003cb9  GPIOPinTypePWM                    
00003cef  GPIOPinTypeQEI                    
00003d25  GPIOPinTypeSSI                    
00003d5b  GPIOPinTypeTimer                  
00003d91  GPIOPinTypeUART                   
00003dc7  GPIOPinTypeUSBAnalog              
00003dfd  GPIOPinTypeUSBDigital             
00003e33  GPIOPinTypeWakeHigh               
00003e6b  GPIOPinTypeWakeLow                
00003ea3  GPIOPinTypeKBRow                  
00003ed9  GPIOPinTypeKBColumn               
00003f0f  GPIOPinTypeLEDSeq                 
00003f49  GPIOPinTypeCIR                    
00003f7f  GPIOPinWakeStatus                 
00003f8f  GPIOPinConfigure                  
00004015  GPIODMATriggerEnable              
00004041  GPIODMATriggerDisable             
0000406d  GPIOADCTriggerEnable              
00004099  GPIOADCTriggerDisable             
0000412b  ADCIntRegister                    
00004185  ADCIntUnregister                  
000041d5  ADCIntDisable                     
00004213  ADCIntEnable                      
0000425f  ADCIntStatus                      
000042e3  ADCIntClear                       
0000431f  ADCSequenceEnable                 
00004371  ADCSequenceDisable                
000043b9  ADCSequenceConfigure              
00004507  ADCSequenceStepConfigure          
00004659  ADCSequenceOverflow               
0000469d  ADCSequenceOverflowClear          
000046d9  ADCSequenceUnderflow              
00004717  ADCSequenceUnderflowClear         
00004753  ADCSequenceDataGet                
000047c5  ADCProcessorTrigger               
00004813  ADCSoftwareOversampleConfigure    
0000489d  ADCSoftwareOversampleStepConfigure
000049c5  ADCSoftwareOversampleDataGet      
00004a95  ADCHardwareOversampleConfigure    
00004b15  ADCComparatorConfigure            
00004b57  ADCComparatorRegionSet            
00004bcf  ADCComparatorReset                
00004c49  ADCComparatorIntDisable           
00004c8d  ADCComparatorIntEnable            
00004cd1  ADCComparatorIntStatus            
00004cf5  ADCComparatorIntClear             
00004d21  ADCIntDisableEx                   
00004d4f  ADCIntEnableEx                    
00004d7d  ADCIntStatusEx                    
00004dc5  ADCIntClearEx                     
00004ddd  ADCReferenceSet                   
00004e29  ADCReferenceGet                   
00004e51  ADCPhaseDelaySet                  
00004eef  ADCPhaseDelayGet                  
00004f13  ADCSequenceDMAEnable              
00004f55  ADCSequenceDMADisable             
00004f97  ADCBusy                           
00004fd1  ADCClockConfigSet                 
0000502f  ADCClockConfigGet                 
00005155  I2CMasterInitExpClk               
000051d7  I2CSlaveInit                      
00005215  I2CSlaveAddressSet                
00005285  I2CMasterEnable                   
000052a9  I2CSlaveEnable                    
000052d5  I2CMasterDisable                  
000052f9  I2CSlaveDisable                   
00005349  I2CIntRegister                    
000053b5  I2CIntUnregister                  
000053f1  I2CMasterIntEnable                
0000540f  I2CMasterIntEnableEx              
0000543d  I2CSlaveIntEnable                 
0000546d  I2CSlaveIntEnableEx               
00005495  I2CMasterIntDisable               
000054b3  I2CMasterIntDisableEx             
000054d9  I2CSlaveIntDisable                
000054ff  I2CSlaveIntDisableEx              
00005527  I2CMasterIntStatus                
0000556f  I2CMasterIntStatusEx              
0000559b  I2CSlaveIntStatus                 
000055e7  I2CSlaveIntStatusEx               
00005617  I2CMasterIntClear                 
00005641  I2CMasterIntClearEx               
00005661  I2CSlaveIntClear                  
00005681  I2CSlaveIntClearEx                
000056a3  I2CMasterSlaveAddrSet             
000056e5  I2CMasterLineStateGet             
00005701  I2CMasterBusy                     
00005727  I2CMasterBusBusy                  
0000574d  I2CMasterControl                  
000057fb  I2CMasterErr                      
00005835  I2CMasterDataPut                  
00005859  I2CMasterDataGet                  
00005875  I2CMasterTimeoutSet               
00005899  I2CSlaveACKOverride               
000058d9  I2CSlaveACKValueSet               
00005919  I2CSlaveStatus                    
00005937  I2CSlaveDataPut                   
0000595d  I2CSlaveDataGet                   
0000597b  I2CTxFIFOConfigSet                
000059b1  I2CTxFIFOFlush                    
000059d7  I2CRxFIFOConfigSet                
00005a0d  I2CRxFIFOFlush                    
00005a33  I2CFIFOStatus                     
00005a51  I2CFIFODataPut                    
00005a81  I2CFIFODataPutNonBlocking         
00005ab7  I2CFIFODataGet                    
00005adf  I2CFIFODataGetNonBlocking         
00005b13  I2CMasterBurstLengthSet           
00005b45  I2CMasterBurstCountGet            
00005b61  I2CMasterGlitchFilterConfigSet    
00005b87  I2CSlaveFIFOEnable                
00005bad  I2CSlaveFIFODisable               
00005bd1  xQueueGenericReset                
00005c6f  xQueueGenericCreate               
00005d29  xQueueCreateMutex                 
00005d55  xQueueGiveMutexRecursive          
00005d91  xQueueTakeMutexRecursive          
00005dd9  xQueueCreateCountingSemaphore     
00005df9  xQueueGenericSend                 
00005f25  xQueueGenericSendFromISR          
00005fbf  xQueueGiveFromISR                 
00006051  xQueueGenericReceive              
000061d1  xQueueReceiveFromISR              
00006269  xQueuePeekFromISR                 
000062bb  uxQueueMessagesWaiting            
000062d1  uxQueueSpacesAvailable            
000062f1  uxQueueMessagesWaitingFromISR     
00006303  vQueueDelete                      
00006319  uxQueueGetQueueNumber             
00006327  vQueueSetQueueNumber              
00006339  ucQueueGetQueueType               
00006513  xQueueIsQueueEmptyFromISR         
00006555  xQueueIsQueueFullFromISR          
00006577  vQueueAddToRegistry               
000065b9  pcQueueGetName                    
000065f9  vQueueUnregisterQueue             
0000663d  vQueueWaitForMessageRestricted    
000066a1  __TI_printfi                      
000070ff  _nop                              
000071af  UARTParityModeSet                 
000071fb  UARTParityModeGet                 
00007219  UARTFIFOLevelSet                  
0000728b  UARTFIFOLevelGet                  
000072c7  UARTConfigSetExpClk               
000073a5  UARTConfigGetExpClk               
00007405  UARTEnable                        
0000744d  UARTDisable                       
00007485  UARTFIFOEnable                    
000074a9  UARTFIFODisable                   
000074cd  UARTEnableSIR                     
00007509  UARTDisableSIR                    
0000752d  UARTSmartCardEnable               
0000756d  UARTSmartCardDisable              
00007591  UARTModemControlSet               
000075d5  UARTModemControlClear             
00007619  UARTModemControlGet               
00007639  UARTModemStatusGet                
0000765b  UARTFlowControlSet                
00007697  UARTFlowControlGet                
000076b7  UARTTxIntModeSet                  
000076f9  UARTTxIntModeGet                  
0000771d  UARTCharsAvail                    
00007749  UARTSpaceAvail                    
00007775  UARTCharGetNonBlocking            
0000779f  UARTCharGet                       
000077c3  UARTCharPutNonBlocking            
000077f5  UARTCharPut                       
00007825  UARTBreakCtl                      
0000785d  UARTBusy                          
00007889  UARTIntRegister                   
000078c7  UARTIntUnregister                 
00007901  UARTIntEnable                     
00007927  UARTIntDisable                    
0000794d  UARTIntStatus                     
0000797d  UARTIntClear                      
0000799d  UARTDMAEnable                     
000079c3  UARTDMADisable                    
000079e9  UARTRxErrorGet                    
00007a09  UARTRxErrorClear                  
00007a27  UARTClockSourceSet                
00007a5d  UARTClockSourceGet                
00007a7b  UART9BitEnable                    
00007a9f  UART9BitDisable                   
00007ac3  UART9BitAddrSet                   
00007af7  UART9BitAddrSend                  
00007b51  pow                               
00007b51  powl                              
00008511  UART_send                         
00008559  main                              
00008605  Gas_Task_timer                    
0000863f  Flame_Task_timer                  
00008679  Humidity_Task_timer               
000086b3  Temp_Task_timer                   
000086ed  Log_Task_timer                    
00008731  Gas_Task                          
0000881d  Flame_Task                        
00008911  Humidity_Task                     
000089b1  Temp_Task                         
00008a65  Alert_Task                        
00008b97  Queue_init                        
00008bd5  Log_Task                          
00008c39  __error__                         
00008ca1  xTimerCreateTimerTask             
00008ccd  xTimerCreate                      
00008d41  xTimerGenericCommand              
00008dad  xTimerGetTimerDaemonTaskHandle    
00008db3  xTimerGetPeriod                   
00008dc5  xTimerGetExpiryTime               
00008ddb  pcTimerGetName                    
0000919d  xTimerIsTimerActive               
000091c9  pvTimerGetTimerID                 
000091e3  vTimerSetTimerID                  
0000921b  IntMasterEnable                   
0000922b  IntMasterDisable                  
0000923b  IntRegister                       
000092b1  IntUnregister                     
000092d1  IntPriorityGroupingSet            
000092f7  IntPriorityGroupingGet            
0000932f  IntPrioritySet                    
00009391  IntPriorityGet                    
000093c7  IntEnable                         
00009445  IntDisable                        
000094cd  IntIsEnabled                      
00009581  IntPendSet                        
000095f1  IntPendClear                      
0000964b  IntPriorityMaskSet                
00009657  IntPriorityMaskGet                
0000965f  IntTrigger                        
000096a9  PinoutSet                         
0000987b  LEDWrite                          
0000990b  LEDRead                           
00009e0d  pvPortMalloc                      
00009f05  vPortFree                         
00009f63  xPortGetFreeHeapSize              
00009f69  vPortInitialiseBlocks             
00009fc5  __aeabi_dsub                      
00009fcf  __aeabi_dadd                      
0000a17b  __aeabi_idiv0                     
0000a17b  __aeabi_ldiv0                     
0000a17d  i2c_init                          
0000a1cb  i2cRead                           
0000a249  humidity                          
0000a28b  temp                              
0000a30d  adc_ch0_init                      
0000a359  adc_ch1_init                      
0000a39f  co_val                            
0000a479  sqrt                              
0000a479  sqrtl                             
0000a70d  ConfigureUART0                    
0000a76b  ConfigureUART2                    
0000a7e3  UARTIntHandler                    
0000a845  __aeabi_ddiv                      
0000a97d  pxPortInitialiseStack             
0000a9e7  xPortStartScheduler               
0000aa1d  vPortEndScheduler                 
0000aa1f  vPortEnterCritical                
0000aa3f  vPortExitCritical                 
0000aa55  xPortSysTickHandler               
0000aa7b  vPortSetupTimerInterrupt          
0000aaa9  vListInitialise                   
0000aad9  vListInitialiseItem               
0000aae9  vListInsertEnd                    
0000ab25  vListInsert                       
0000ab8b  uxListRemove                      
0000acf5  fputs                             
0000ae09  ldexp                             
0000ae09  ldexpl                            
0000ae09  scalbn                            
0000ae09  scalbnl                           
0000af19  __aeabi_dmul                      
0000b015  setvbuf                           
0000b0f1  free                              
0000b1d9  ulPortGetIPSR                     
0000b1f1  xPortPendSVHandler                
0000b251  vPortSVCHandler                   
0000b271  vPortStartFirstTask               
0000b28d  vPortEnableVFP                    
0000b29d  perror                            
0000b417  __aeabi_memcpy                    
0000b417  __aeabi_memcpy4                   
0000b417  __aeabi_memcpy8                   
0000b417  memcpy                            
0000b4b3  __aeabi_uldivmod                  
0000b549  fputc                             
0000b549  putc                              
0000b5d5  __aeabi_cdcmpeq                   
0000b5d5  __aeabi_cdcmple                   
0000b65b  __aeabi_cdrcmple                  
0000b6e1  __aeabi_memclr                    
0000b6e1  __aeabi_memclr4                   
0000b6e1  __aeabi_memclr8                   
0000b6e3  __aeabi_memset                    
0000b6e3  __aeabi_memset4                   
0000b6e3  __aeabi_memset8                   
0000b6e9  memset                            
0000b75d  malloc                            
0000b7d5  __TI_closefile                    
0000b8b7  __aeabi_d2f                       
0000b925  HOSTlseek                         
0000b98d  HOSTrename                        
0000b9f5  __TI_decompress_lzss              
0000ba5d  frexp                             
0000ba5d  frexpl                            
0000bac1  fseek                             
0000bb25  __TI_wrt_ok                       
0000bb89  HOSTopen                          
0000bbe9  close                             
0000bc45  HOSTread                          
0000bc9d  HOSTwrite                         
0000bd4b  ltoa                              
0000bdf1  __TI_doflush                      
0000be3d  atoi                              
0000be89  startup                           
0000bed5  exit                              
0000bf1d  __aeabi_d2iz                      
0000bf65  HOSTclose                         
0000bfa9  HOSTunlink                        
0000bfed  __TI_auto_init_nobinit_nopinit    
0000c031  getdevice                         
0000c075  sprintf                           
0000c0f3  CPUcpsid                          
0000c0ff  CPUprimask                        
0000c109  CPUcpsie                          
0000c115  CPUwfi                            
0000c119  CPUbasepriSet                     
0000c127  CPUbasepriGet                     
0000c16d  __TI_writemsg                     
0000c19b  C$$IO$$                           
0000c1a5  _c_int00_noargs                   
0000c1dd  minit                             
0000c215  __aeabi_f2d                       
0000c24d  strncpy                           
0000c285  __TI_cleanup                      
0000c2b9  __TI_readmsg                      
0000c2ed  finddevice                        
0000c31d  __aeabi_i2d                       
0000c34d  remove                            
0000c34d  unlink                            
0000c379  lseek                             
0000c3c9  write                             
0000c3f1  memchr                            
0000c411  __aeabi_ui2d                      
0000c431  memccpy                           
0000c465  strcmp                            
0000c47d  strchr                            
0000c493  copysign                          
0000c493  copysignl                         
0000c4a7  strcpy                            
0000c4bb  strlen                            
0000c4cf  wcslen                            
0000c4e1  __TI_decompress_none              
0000c4ef  __TI_zero_init                    
0000c4fb  ResetISR                          
0000c511  __aeabi_errno_addr                
0000c519  SysCtlDelay                       
0000c51f  _system_pre_init                  
0000c523  C$$EXIT                           
0000c523  abort                             
0000c648  _ctypes_                          
0000cb34  ulMaxSyscallInterruptPriority     
0000ccc0  __TI_Handler_Table_Base           
0000cccc  __TI_Handler_Table_Limit          
0000cce0  __TI_CINIT_Base                   
0000ccf8  __TI_CINIT_Limit                  
20000000  g_pfnRAMVectors                   
2000c5c0  __CIOBUF_                         
2000c6e0  __TI_tmpnams                      
2000c7e4  xQueueRegistry                    
2000c8b0  msg_struct                        
2000c8e0  humidity_val                      
2000c8e8  parmbuf                           
2000c8f0  temp_val                          
2000c8f8  ADC0Value                         
2000c8fc  ADC1Value                         
2000c900  AlertTaskHandle                   
2000c904  LogTaskHandle                     
2000c908  Task1Handle                       
2000c90c  Task2Handle                       
2000c910  Task4Handle                       
2000c914  g_ui32SysClock                    
2000c918  myQueue                           
2000c91c  my_sem                            
2000c920  ptr                               
2000c924  ptr2                              
2000c928  rh                                
2000c92c  sem_uart                          
2000c930  tp                                
2000c934  _ftable                           
2000ca24  _device                           
2000ca9c  _stream                           
2000caec  pxCurrentTCB                      
2000cb20  __TI_ft_end                       
2000cb24  __aeabi_stdin                     
2000cb28  __aeabi_stdout                    
2000cb2c  __aeabi_stderr                    
2000cb30  __TI_cleanup_ptr                  
2000cb34  __TI_dtors_ptr                    
2000cb38  __TI_enable_exit_profile_output   
2000cb54  buff2                             
2000cb60  _lock                             
2000cb64  _unlock                           
2000cb74  errno                             
2000cb78  __stack                           
2000cd78  __STACK_END                       
2000cd78  __STACK_TOP                       
2000cd78  _sys_memory                       
ffffffff  __TI_pprof_out_hndl               
ffffffff  __TI_prof_data_size               
ffffffff  __TI_prof_data_start              
ffffffff  __binit__                         
ffffffff  __c_args__                        
ffffffff  binit                             
UNDEFED   __mpu_init                        
UNDEFED   _system_post_cinit                

[546 symbols]
