<?xml version="1.0" encoding="ISO-8859-1" ?>
<link_info>
   <banner>TI ARM Linker PC v18.1.1.LTS</banner>
   <copyright>Copyright (c) 1996-2017 Texas Instruments Incorporated</copyright>
   <link_time>0x5ae2477e</link_time>
   <link_errors>0x0</link_errors>
   <output_file>FreeRTOS_tiva_demo.out</output_file>
   <entry_point>
      <name>_c_int00_noargs</name>
      <address>0xae61</address>
   </entry_point>
   <input_file_list>
      <input_file id="fl-2">
         <path>.\</path>
         <kind>object</kind>
         <file>gas_flame.obj</file>
         <name>gas_flame.obj</name>
      </input_file>
      <input_file id="fl-3">
         <path>.\</path>
         <kind>object</kind>
         <file>logger.obj</file>
         <name>logger.obj</name>
      </input_file>
      <input_file id="fl-4">
         <path>.\</path>
         <kind>object</kind>
         <file>main.obj</file>
         <name>main.obj</name>
      </input_file>
      <input_file id="fl-5">
         <path>.\</path>
         <kind>object</kind>
         <file>si7021.obj</file>
         <name>si7021.obj</name>
      </input_file>
      <input_file id="fl-6">
         <path>.\</path>
         <kind>object</kind>
         <file>tm4c1294ncpdt_startup_ccs.obj</file>
         <name>tm4c1294ncpdt_startup_ccs.obj</name>
      </input_file>
      <input_file id="fl-7">
         <path>.\</path>
         <kind>object</kind>
         <file>uart.obj</file>
         <name>uart.obj</name>
      </input_file>
      <input_file id="fl-8">
         <path>.\FreeRTOS\</path>
         <kind>object</kind>
         <file>croutine.obj</file>
         <name>croutine.obj</name>
      </input_file>
      <input_file id="fl-9">
         <path>.\FreeRTOS\</path>
         <kind>object</kind>
         <file>event_groups.obj</file>
         <name>event_groups.obj</name>
      </input_file>
      <input_file id="fl-a">
         <path>.\FreeRTOS\</path>
         <kind>object</kind>
         <file>list.obj</file>
         <name>list.obj</name>
      </input_file>
      <input_file id="fl-b">
         <path>.\FreeRTOS\</path>
         <kind>object</kind>
         <file>queue.obj</file>
         <name>queue.obj</name>
      </input_file>
      <input_file id="fl-c">
         <path>.\FreeRTOS\</path>
         <kind>object</kind>
         <file>tasks.obj</file>
         <name>tasks.obj</name>
      </input_file>
      <input_file id="fl-d">
         <path>.\FreeRTOS\</path>
         <kind>object</kind>
         <file>timers.obj</file>
         <name>timers.obj</name>
      </input_file>
      <input_file id="fl-e">
         <path>.\FreeRTOS\portable\CCS\ARM_CM4F\</path>
         <kind>object</kind>
         <file>port.obj</file>
         <name>port.obj</name>
      </input_file>
      <input_file id="fl-f">
         <path>.\FreeRTOS\portable\CCS\ARM_CM4F\</path>
         <kind>object</kind>
         <file>portasm.obj</file>
         <name>portasm.obj</name>
      </input_file>
      <input_file id="fl-10">
         <path>.\FreeRTOS\portable\MemMang\</path>
         <kind>object</kind>
         <file>heap_2.obj</file>
         <name>heap_2.obj</name>
      </input_file>
      <input_file id="fl-11">
         <path>.\driverlib\</path>
         <kind>object</kind>
         <file>adc.obj</file>
         <name>adc.obj</name>
      </input_file>
      <input_file id="fl-12">
         <path>.\driverlib\</path>
         <kind>object</kind>
         <file>aes.obj</file>
         <name>aes.obj</name>
      </input_file>
      <input_file id="fl-13">
         <path>.\driverlib\</path>
         <kind>object</kind>
         <file>can.obj</file>
         <name>can.obj</name>
      </input_file>
      <input_file id="fl-14">
         <path>.\driverlib\</path>
         <kind>object</kind>
         <file>comp.obj</file>
         <name>comp.obj</name>
      </input_file>
      <input_file id="fl-15">
         <path>.\driverlib\</path>
         <kind>object</kind>
         <file>cpu.obj</file>
         <name>cpu.obj</name>
      </input_file>
      <input_file id="fl-16">
         <path>.\driverlib\</path>
         <kind>object</kind>
         <file>crc.obj</file>
         <name>crc.obj</name>
      </input_file>
      <input_file id="fl-17">
         <path>.\driverlib\</path>
         <kind>object</kind>
         <file>des.obj</file>
         <name>des.obj</name>
      </input_file>
      <input_file id="fl-18">
         <path>.\driverlib\</path>
         <kind>object</kind>
         <file>eeprom.obj</file>
         <name>eeprom.obj</name>
      </input_file>
      <input_file id="fl-19">
         <path>.\driverlib\</path>
         <kind>object</kind>
         <file>emac.obj</file>
         <name>emac.obj</name>
      </input_file>
      <input_file id="fl-1a">
         <path>.\driverlib\</path>
         <kind>object</kind>
         <file>epi.obj</file>
         <name>epi.obj</name>
      </input_file>
      <input_file id="fl-1b">
         <path>.\driverlib\</path>
         <kind>object</kind>
         <file>epi_workaround_ccs.obj</file>
         <name>epi_workaround_ccs.obj</name>
      </input_file>
      <input_file id="fl-1c">
         <path>.\driverlib\</path>
         <kind>object</kind>
         <file>flash.obj</file>
         <name>flash.obj</name>
      </input_file>
      <input_file id="fl-1d">
         <path>.\driverlib\</path>
         <kind>object</kind>
         <file>fpu.obj</file>
         <name>fpu.obj</name>
      </input_file>
      <input_file id="fl-1e">
         <path>.\driverlib\</path>
         <kind>object</kind>
         <file>gpio.obj</file>
         <name>gpio.obj</name>
      </input_file>
      <input_file id="fl-1f">
         <path>.\driverlib\</path>
         <kind>object</kind>
         <file>hibernate.obj</file>
         <name>hibernate.obj</name>
      </input_file>
      <input_file id="fl-20">
         <path>.\driverlib\</path>
         <kind>object</kind>
         <file>i2c.obj</file>
         <name>i2c.obj</name>
      </input_file>
      <input_file id="fl-21">
         <path>.\driverlib\</path>
         <kind>object</kind>
         <file>interrupt.obj</file>
         <name>interrupt.obj</name>
      </input_file>
      <input_file id="fl-22">
         <path>.\driverlib\</path>
         <kind>object</kind>
         <file>lcd.obj</file>
         <name>lcd.obj</name>
      </input_file>
      <input_file id="fl-23">
         <path>.\driverlib\</path>
         <kind>object</kind>
         <file>mpu.obj</file>
         <name>mpu.obj</name>
      </input_file>
      <input_file id="fl-24">
         <path>.\driverlib\</path>
         <kind>object</kind>
         <file>pwm.obj</file>
         <name>pwm.obj</name>
      </input_file>
      <input_file id="fl-25">
         <path>.\driverlib\</path>
         <kind>object</kind>
         <file>qei.obj</file>
         <name>qei.obj</name>
      </input_file>
      <input_file id="fl-26">
         <path>.\driverlib\</path>
         <kind>object</kind>
         <file>shamd5.obj</file>
         <name>shamd5.obj</name>
      </input_file>
      <input_file id="fl-27">
         <path>.\driverlib\</path>
         <kind>object</kind>
         <file>ssi.obj</file>
         <name>ssi.obj</name>
      </input_file>
      <input_file id="fl-28">
         <path>.\driverlib\</path>
         <kind>object</kind>
         <file>sw_crc.obj</file>
         <name>sw_crc.obj</name>
      </input_file>
      <input_file id="fl-29">
         <path>.\driverlib\</path>
         <kind>object</kind>
         <file>sysctl.obj</file>
         <name>sysctl.obj</name>
      </input_file>
      <input_file id="fl-2a">
         <path>.\driverlib\</path>
         <kind>object</kind>
         <file>sysexc.obj</file>
         <name>sysexc.obj</name>
      </input_file>
      <input_file id="fl-2b">
         <path>.\driverlib\</path>
         <kind>object</kind>
         <file>systick.obj</file>
         <name>systick.obj</name>
      </input_file>
      <input_file id="fl-2c">
         <path>.\driverlib\</path>
         <kind>object</kind>
         <file>timer.obj</file>
         <name>timer.obj</name>
      </input_file>
      <input_file id="fl-2d">
         <path>.\driverlib\</path>
         <kind>object</kind>
         <file>uart.obj</file>
         <name>uart.obj</name>
      </input_file>
      <input_file id="fl-2e">
         <path>.\driverlib\</path>
         <kind>object</kind>
         <file>udma.obj</file>
         <name>udma.obj</name>
      </input_file>
      <input_file id="fl-2f">
         <path>.\driverlib\</path>
         <kind>object</kind>
         <file>usb.obj</file>
         <name>usb.obj</name>
      </input_file>
      <input_file id="fl-30">
         <path>.\driverlib\</path>
         <kind>object</kind>
         <file>watchdog.obj</file>
         <name>watchdog.obj</name>
      </input_file>
      <input_file id="fl-31">
         <path>.\drivers\</path>
         <kind>object</kind>
         <file>pinout.obj</file>
         <name>pinout.obj</name>
      </input_file>
      <input_file id="fl-32">
         <path>.\utils\</path>
         <kind>object</kind>
         <file>uartstdio.obj</file>
         <name>uartstdio.obj</name>
      </input_file>
      <input_file id="fl-36">
         <kind>object</kind>
         <file>&lt;internal&gt;</file>
         <name>&lt;internal&gt;</name>
      </input_file>
      <input_file id="fl-ec">
         <path>C:\ti\ccsv8\tools\compiler\ti-cgt-arm_18.1.1.LTS\lib\</path>
         <kind>archive</kind>
         <file>rtsv7M4_T_le_v4SPD16_eabi.lib</file>
         <name>e_pow.c.obj</name>
      </input_file>
      <input_file id="fl-ed">
         <path>C:\ti\ccsv8\tools\compiler\ti-cgt-arm_18.1.1.LTS\lib\</path>
         <kind>archive</kind>
         <file>rtsv7M4_T_le_v4SPD16_eabi.lib</file>
         <name>e_sqrt.c.obj</name>
      </input_file>
      <input_file id="fl-ee">
         <path>C:\ti\ccsv8\tools\compiler\ti-cgt-arm_18.1.1.LTS\lib\</path>
         <kind>archive</kind>
         <file>rtsv7M4_T_le_v4SPD16_eabi.lib</file>
         <name>s_scalbn.c.obj</name>
      </input_file>
      <input_file id="fl-ef">
         <path>C:\ti\ccsv8\tools\compiler\ti-cgt-arm_18.1.1.LTS\lib\</path>
         <kind>archive</kind>
         <file>rtsv7M4_T_le_v4SPD16_eabi.lib</file>
         <name>s_copysign.c.obj</name>
      </input_file>
      <input_file id="fl-f0">
         <path>C:\ti\ccsv8\tools\compiler\ti-cgt-arm_18.1.1.LTS\lib\</path>
         <kind>archive</kind>
         <file>rtsv7M4_T_le_v4SPD16_eabi.lib</file>
         <name>u_divt2.asm.obj</name>
      </input_file>
      <input_file id="fl-f1">
         <path>C:\ti\ccsv8\tools\compiler\ti-cgt-arm_18.1.1.LTS\lib\</path>
         <kind>archive</kind>
         <file>rtsv7M4_T_le_v4SPD16_eabi.lib</file>
         <name>fd_add_t2.asm.obj</name>
      </input_file>
      <input_file id="fl-f2">
         <path>C:\ti\ccsv8\tools\compiler\ti-cgt-arm_18.1.1.LTS\lib\</path>
         <kind>archive</kind>
         <file>rtsv7M4_T_le_v4SPD16_eabi.lib</file>
         <name>fd_cmp_t2.asm.obj</name>
      </input_file>
      <input_file id="fl-f3">
         <path>C:\ti\ccsv8\tools\compiler\ti-cgt-arm_18.1.1.LTS\lib\</path>
         <kind>archive</kind>
         <file>rtsv7M4_T_le_v4SPD16_eabi.lib</file>
         <name>fd_div_t2.asm.obj</name>
      </input_file>
      <input_file id="fl-f4">
         <path>C:\ti\ccsv8\tools\compiler\ti-cgt-arm_18.1.1.LTS\lib\</path>
         <kind>archive</kind>
         <file>rtsv7M4_T_le_v4SPD16_eabi.lib</file>
         <name>fd_mul_t2.asm.obj</name>
      </input_file>
      <input_file id="fl-f5">
         <path>C:\ti\ccsv8\tools\compiler\ti-cgt-arm_18.1.1.LTS\lib\</path>
         <kind>archive</kind>
         <file>rtsv7M4_T_le_v4SPD16_eabi.lib</file>
         <name>fd_tos_t2.asm.obj</name>
      </input_file>
      <input_file id="fl-f6">
         <path>C:\ti\ccsv8\tools\compiler\ti-cgt-arm_18.1.1.LTS\lib\</path>
         <kind>archive</kind>
         <file>rtsv7M4_T_le_v4SPD16_eabi.lib</file>
         <name>fs_tod_t2.asm.obj</name>
      </input_file>
      <input_file id="fl-f7">
         <path>C:\ti\ccsv8\tools\compiler\ti-cgt-arm_18.1.1.LTS\lib\</path>
         <kind>archive</kind>
         <file>rtsv7M4_T_le_v4SPD16_eabi.lib</file>
         <name>i_tofd_t2.asm.obj</name>
      </input_file>
      <input_file id="fl-f8">
         <path>C:\ti\ccsv8\tools\compiler\ti-cgt-arm_18.1.1.LTS\lib\</path>
         <kind>archive</kind>
         <file>rtsv7M4_T_le_v4SPD16_eabi.lib</file>
         <name>memcpy_t2.asm.obj</name>
      </input_file>
      <input_file id="fl-f9">
         <path>C:\ti\ccsv8\tools\compiler\ti-cgt-arm_18.1.1.LTS\lib\</path>
         <kind>archive</kind>
         <file>rtsv7M4_T_le_v4SPD16_eabi.lib</file>
         <name>u_tofd_t2.asm.obj</name>
      </input_file>
      <input_file id="fl-fa">
         <path>C:\ti\ccsv8\tools\compiler\ti-cgt-arm_18.1.1.LTS\lib\</path>
         <kind>archive</kind>
         <file>rtsv7M4_T_le_v4SPD16_eabi.lib</file>
         <name>memset_t2.asm.obj</name>
      </input_file>
      <input_file id="fl-fb">
         <path>C:\ti\ccsv8\tools\compiler\ti-cgt-arm_18.1.1.LTS\lib\</path>
         <kind>archive</kind>
         <file>rtsv7M4_T_le_v4SPD16_eabi.lib</file>
         <name>copy_zero_init.c.obj</name>
      </input_file>
      <input_file id="fl-fc">
         <path>C:\ti\ccsv8\tools\compiler\ti-cgt-arm_18.1.1.LTS\lib\</path>
         <kind>archive</kind>
         <file>rtsv7M4_T_le_v4SPD16_eabi.lib</file>
         <name>copy_decompress_none.c.obj</name>
      </input_file>
      <input_file id="fl-fd">
         <path>C:\ti\ccsv8\tools\compiler\ti-cgt-arm_18.1.1.LTS\lib\</path>
         <kind>archive</kind>
         <file>rtsv7M4_T_le_v4SPD16_eabi.lib</file>
         <name>copy_decompress_lzss.c.obj</name>
      </input_file>
      <input_file id="fl-fe">
         <path>C:\ti\ccsv8\tools\compiler\ti-cgt-arm_18.1.1.LTS\lib\</path>
         <kind>archive</kind>
         <file>rtsv7M4_T_le_v4SPD16_eabi.lib</file>
         <name>boot_cortex_m.c.obj</name>
      </input_file>
      <input_file id="fl-ff">
         <path>C:\ti\ccsv8\tools\compiler\ti-cgt-arm_18.1.1.LTS\lib\</path>
         <kind>archive</kind>
         <file>rtsv7M4_T_le_v4SPD16_eabi.lib</file>
         <name>errno.c.obj</name>
      </input_file>
      <input_file id="fl-100">
         <path>C:\ti\ccsv8\tools\compiler\ti-cgt-arm_18.1.1.LTS\lib\</path>
         <kind>archive</kind>
         <file>rtsv7M4_T_le_v4SPD16_eabi.lib</file>
         <name>exit.c.obj</name>
      </input_file>
      <input_file id="fl-101">
         <path>C:\ti\ccsv8\tools\compiler\ti-cgt-arm_18.1.1.LTS\lib\</path>
         <kind>archive</kind>
         <file>rtsv7M4_T_le_v4SPD16_eabi.lib</file>
         <name>_lock.c.obj</name>
      </input_file>
      <input_file id="fl-102">
         <path>C:\ti\ccsv8\tools\compiler\ti-cgt-arm_18.1.1.LTS\lib\</path>
         <kind>archive</kind>
         <file>rtsv7M4_T_le_v4SPD16_eabi.lib</file>
         <name>args_main.c.obj</name>
      </input_file>
      <input_file id="fl-103">
         <path>C:\ti\ccsv8\tools\compiler\ti-cgt-arm_18.1.1.LTS\lib\</path>
         <kind>archive</kind>
         <file>rtsv7M4_T_le_v4SPD16_eabi.lib</file>
         <name>perror.c.obj</name>
      </input_file>
      <input_file id="fl-104">
         <path>C:\ti\ccsv8\tools\compiler\ti-cgt-arm_18.1.1.LTS\lib\</path>
         <kind>archive</kind>
         <file>rtsv7M4_T_le_v4SPD16_eabi.lib</file>
         <name>div0.asm.obj</name>
      </input_file>
      <input_file id="fl-105">
         <path>C:\ti\ccsv8\tools\compiler\ti-cgt-arm_18.1.1.LTS\lib\</path>
         <kind>archive</kind>
         <file>rtsv7M4_T_le_v4SPD16_eabi.lib</file>
         <name>autoinit.c.obj</name>
      </input_file>
      <input_file id="fl-106">
         <path>C:\ti\ccsv8\tools\compiler\ti-cgt-arm_18.1.1.LTS\lib\</path>
         <kind>archive</kind>
         <file>rtsv7M4_T_le_v4SPD16_eabi.lib</file>
         <name>pre_init.c.obj</name>
      </input_file>
      <input_file id="fl-107">
         <path>C:\ti\ccsv8\tools\compiler\ti-cgt-arm_18.1.1.LTS\lib\</path>
         <kind>archive</kind>
         <file>rtsv7M4_T_le_v4SPD16_eabi.lib</file>
         <name>cpy_tbl.c.obj</name>
      </input_file>
      <input_file id="fl-108">
         <path>C:\ti\ccsv8\tools\compiler\ti-cgt-arm_18.1.1.LTS\lib\</path>
         <kind>archive</kind>
         <file>rtsv7M4_T_le_v4SPD16_eabi.lib</file>
         <name>defs.c.obj</name>
      </input_file>
      <input_file id="fl-109">
         <path>C:\ti\ccsv8\tools\compiler\ti-cgt-arm_18.1.1.LTS\lib\</path>
         <kind>archive</kind>
         <file>rtsv7M4_T_le_v4SPD16_eabi.lib</file>
         <name>fputc.c.obj</name>
      </input_file>
      <input_file id="fl-10a">
         <path>C:\ti\ccsv8\tools\compiler\ti-cgt-arm_18.1.1.LTS\lib\</path>
         <kind>archive</kind>
         <file>rtsv7M4_T_le_v4SPD16_eabi.lib</file>
         <name>fputs.c.obj</name>
      </input_file>
      <input_file id="fl-10b">
         <path>C:\ti\ccsv8\tools\compiler\ti-cgt-arm_18.1.1.LTS\lib\</path>
         <kind>archive</kind>
         <file>rtsv7M4_T_le_v4SPD16_eabi.lib</file>
         <name>memchr.c.obj</name>
      </input_file>
      <input_file id="fl-10c">
         <path>C:\ti\ccsv8\tools\compiler\ti-cgt-arm_18.1.1.LTS\lib\</path>
         <kind>archive</kind>
         <file>rtsv7M4_T_le_v4SPD16_eabi.lib</file>
         <name>strlen.c.obj</name>
      </input_file>
      <input_file id="fl-10d">
         <path>C:\ti\ccsv8\tools\compiler\ti-cgt-arm_18.1.1.LTS\lib\</path>
         <kind>archive</kind>
         <file>rtsv7M4_T_le_v4SPD16_eabi.lib</file>
         <name>write.c.obj</name>
      </input_file>
      <input_file id="fl-10e">
         <path>C:\ti\ccsv8\tools\compiler\ti-cgt-arm_18.1.1.LTS\lib\</path>
         <kind>archive</kind>
         <file>rtsv7M4_T_le_v4SPD16_eabi.lib</file>
         <name>_io_perm.c.obj</name>
      </input_file>
      <input_file id="fl-10f">
         <path>C:\ti\ccsv8\tools\compiler\ti-cgt-arm_18.1.1.LTS\lib\</path>
         <kind>archive</kind>
         <file>rtsv7M4_T_le_v4SPD16_eabi.lib</file>
         <name>fflush.c.obj</name>
      </input_file>
      <input_file id="fl-110">
         <path>C:\ti\ccsv8\tools\compiler\ti-cgt-arm_18.1.1.LTS\lib\</path>
         <kind>archive</kind>
         <file>rtsv7M4_T_le_v4SPD16_eabi.lib</file>
         <name>fseek.c.obj</name>
      </input_file>
      <input_file id="fl-111">
         <path>C:\ti\ccsv8\tools\compiler\ti-cgt-arm_18.1.1.LTS\lib\</path>
         <kind>archive</kind>
         <file>rtsv7M4_T_le_v4SPD16_eabi.lib</file>
         <name>lseek.c.obj</name>
      </input_file>
      <input_file id="fl-112">
         <path>C:\ti\ccsv8\tools\compiler\ti-cgt-arm_18.1.1.LTS\lib\</path>
         <kind>archive</kind>
         <file>rtsv7M4_T_le_v4SPD16_eabi.lib</file>
         <name>setvbuf.c.obj</name>
      </input_file>
      <input_file id="fl-113">
         <path>C:\ti\ccsv8\tools\compiler\ti-cgt-arm_18.1.1.LTS\lib\</path>
         <kind>archive</kind>
         <file>rtsv7M4_T_le_v4SPD16_eabi.lib</file>
         <name>hostclose.c.obj</name>
      </input_file>
      <input_file id="fl-114">
         <path>C:\ti\ccsv8\tools\compiler\ti-cgt-arm_18.1.1.LTS\lib\</path>
         <kind>archive</kind>
         <file>rtsv7M4_T_le_v4SPD16_eabi.lib</file>
         <name>hostlseek.c.obj</name>
      </input_file>
      <input_file id="fl-115">
         <path>C:\ti\ccsv8\tools\compiler\ti-cgt-arm_18.1.1.LTS\lib\</path>
         <kind>archive</kind>
         <file>rtsv7M4_T_le_v4SPD16_eabi.lib</file>
         <name>hostopen.c.obj</name>
      </input_file>
      <input_file id="fl-116">
         <path>C:\ti\ccsv8\tools\compiler\ti-cgt-arm_18.1.1.LTS\lib\</path>
         <kind>archive</kind>
         <file>rtsv7M4_T_le_v4SPD16_eabi.lib</file>
         <name>hostread.c.obj</name>
      </input_file>
      <input_file id="fl-117">
         <path>C:\ti\ccsv8\tools\compiler\ti-cgt-arm_18.1.1.LTS\lib\</path>
         <kind>archive</kind>
         <file>rtsv7M4_T_le_v4SPD16_eabi.lib</file>
         <name>hostrename.c.obj</name>
      </input_file>
      <input_file id="fl-118">
         <path>C:\ti\ccsv8\tools\compiler\ti-cgt-arm_18.1.1.LTS\lib\</path>
         <kind>archive</kind>
         <file>rtsv7M4_T_le_v4SPD16_eabi.lib</file>
         <name>hostunlink.c.obj</name>
      </input_file>
      <input_file id="fl-119">
         <path>C:\ti\ccsv8\tools\compiler\ti-cgt-arm_18.1.1.LTS\lib\</path>
         <kind>archive</kind>
         <file>rtsv7M4_T_le_v4SPD16_eabi.lib</file>
         <name>hostwrite.c.obj</name>
      </input_file>
      <input_file id="fl-11a">
         <path>C:\ti\ccsv8\tools\compiler\ti-cgt-arm_18.1.1.LTS\lib\</path>
         <kind>archive</kind>
         <file>rtsv7M4_T_le_v4SPD16_eabi.lib</file>
         <name>trgmsg.c.obj</name>
      </input_file>
      <input_file id="fl-11b">
         <path>C:\ti\ccsv8\tools\compiler\ti-cgt-arm_18.1.1.LTS\lib\</path>
         <kind>archive</kind>
         <file>rtsv7M4_T_le_v4SPD16_eabi.lib</file>
         <name>memory.c.obj</name>
      </input_file>
      <input_file id="fl-11c">
         <path>C:\ti\ccsv8\tools\compiler\ti-cgt-arm_18.1.1.LTS\lib\</path>
         <kind>archive</kind>
         <file>rtsv7M4_T_le_v4SPD16_eabi.lib</file>
         <name>fopen.c.obj</name>
      </input_file>
      <input_file id="fl-11d">
         <path>C:\ti\ccsv8\tools\compiler\ti-cgt-arm_18.1.1.LTS\lib\</path>
         <kind>archive</kind>
         <file>rtsv7M4_T_le_v4SPD16_eabi.lib</file>
         <name>open.c.obj</name>
      </input_file>
      <input_file id="fl-11e">
         <path>C:\ti\ccsv8\tools\compiler\ti-cgt-arm_18.1.1.LTS\lib\</path>
         <kind>archive</kind>
         <file>rtsv7M4_T_le_v4SPD16_eabi.lib</file>
         <name>strcpy.c.obj</name>
      </input_file>
      <input_file id="fl-11f">
         <path>C:\ti\ccsv8\tools\compiler\ti-cgt-arm_18.1.1.LTS\lib\</path>
         <kind>archive</kind>
         <file>rtsv7M4_T_le_v4SPD16_eabi.lib</file>
         <name>fclose.c.obj</name>
      </input_file>
      <input_file id="fl-120">
         <path>C:\ti\ccsv8\tools\compiler\ti-cgt-arm_18.1.1.LTS\lib\</path>
         <kind>archive</kind>
         <file>rtsv7M4_T_le_v4SPD16_eabi.lib</file>
         <name>getdevice.c.obj</name>
      </input_file>
      <input_file id="fl-121">
         <path>C:\ti\ccsv8\tools\compiler\ti-cgt-arm_18.1.1.LTS\lib\</path>
         <kind>archive</kind>
         <file>rtsv7M4_T_le_v4SPD16_eabi.lib</file>
         <name>remove.c.obj</name>
      </input_file>
      <input_file id="fl-122">
         <path>C:\ti\ccsv8\tools\compiler\ti-cgt-arm_18.1.1.LTS\lib\</path>
         <kind>archive</kind>
         <file>rtsv7M4_T_le_v4SPD16_eabi.lib</file>
         <name>strchr.c.obj</name>
      </input_file>
      <input_file id="fl-123">
         <path>C:\ti\ccsv8\tools\compiler\ti-cgt-arm_18.1.1.LTS\lib\</path>
         <kind>archive</kind>
         <file>rtsv7M4_T_le_v4SPD16_eabi.lib</file>
         <name>strcmp.c.obj</name>
      </input_file>
      <input_file id="fl-124">
         <path>C:\ti\ccsv8\tools\compiler\ti-cgt-arm_18.1.1.LTS\lib\</path>
         <kind>archive</kind>
         <file>rtsv7M4_T_le_v4SPD16_eabi.lib</file>
         <name>strncpy.c.obj</name>
      </input_file>
      <input_file id="fl-125">
         <path>C:\ti\ccsv8\tools\compiler\ti-cgt-arm_18.1.1.LTS\lib\</path>
         <kind>archive</kind>
         <file>rtsv7M4_T_le_v4SPD16_eabi.lib</file>
         <name>unlink.c.obj</name>
      </input_file>
      <input_file id="fl-126">
         <path>C:\ti\ccsv8\tools\compiler\ti-cgt-arm_18.1.1.LTS\lib\</path>
         <kind>archive</kind>
         <file>rtsv7M4_T_le_v4SPD16_eabi.lib</file>
         <name>close.c.obj</name>
      </input_file>
   </input_file_list>
   <object_component_list>
      <object_component id="oc-f">
         <name>.intvecs</name>
         <load_address>0x0</load_address>
         <run_address>0x0</run_address>
         <size>0x208</size>
         <input_file_ref idref="fl-6"/>
      </object_component>
      <object_component id="oc-83">
         <name>.text</name>
         <load_address>0x208</load_address>
         <run_address>0x208</run_address>
         <size>0x17b0</size>
         <input_file_ref idref="fl-c"/>
      </object_component>
      <object_component id="oc-140">
         <name>.text</name>
         <load_address>0x19b8</load_address>
         <run_address>0x19b8</run_address>
         <size>0x15cc</size>
         <input_file_ref idref="fl-29"/>
      </object_component>
      <object_component id="oc-14c">
         <name>.text</name>
         <load_address>0x2f84</load_address>
         <run_address>0x2f84</run_address>
         <size>0x114c</size>
         <input_file_ref idref="fl-1e"/>
      </object_component>
      <object_component id="oc-152">
         <name>.text</name>
         <load_address>0x40d0</load_address>
         <run_address>0x40d0</run_address>
         <size>0xfb4</size>
         <input_file_ref idref="fl-11"/>
      </object_component>
      <object_component id="oc-252">
         <name>.text</name>
         <load_address>0x5084</load_address>
         <run_address>0x5084</run_address>
         <size>0xb4c</size>
         <input_file_ref idref="fl-20"/>
      </object_component>
      <object_component id="oc-164">
         <name>.text</name>
         <load_address>0x5bd0</load_address>
         <run_address>0x5bd0</run_address>
         <size>0xad0</size>
         <input_file_ref idref="fl-b"/>
      </object_component>
      <object_component id="oc-239">
         <name>.text</name>
         <load_address>0x66a0</load_address>
         <run_address>0x66a0</run_address>
         <size>0xa50</size>
         <input_file_ref idref="fl-2d"/>
      </object_component>
      <object_component id="oc-276">
         <name>.text:pow</name>
         <load_address>0x70f0</load_address>
         <run_address>0x70f0</run_address>
         <size>0x9c0</size>
         <input_file_ref idref="fl-ec"/>
      </object_component>
      <object_component id="oc-10b">
         <name>.text</name>
         <load_address>0x7ab0</load_address>
         <run_address>0x7ab0</run_address>
         <size>0x578</size>
         <input_file_ref idref="fl-d"/>
      </object_component>
      <object_component id="oc-175">
         <name>.text</name>
         <load_address>0x8028</load_address>
         <run_address>0x8028</run_address>
         <size>0x56c</size>
         <input_file_ref idref="fl-32"/>
      </object_component>
      <object_component id="oc-cb">
         <name>.text</name>
         <load_address>0x8594</load_address>
         <run_address>0x8594</run_address>
         <size>0x4b4</size>
         <input_file_ref idref="fl-4"/>
      </object_component>
      <object_component id="oc-21c">
         <name>.text</name>
         <load_address>0x8a48</load_address>
         <run_address>0x8a48</run_address>
         <size>0x490</size>
         <input_file_ref idref="fl-21"/>
      </object_component>
      <object_component id="oc-158">
         <name>.text</name>
         <load_address>0x8ed8</load_address>
         <run_address>0x8ed8</run_address>
         <size>0x324</size>
         <input_file_ref idref="fl-31"/>
      </object_component>
      <object_component id="oc-f3">
         <name>.text</name>
         <load_address>0x91fc</load_address>
         <run_address>0x91fc</run_address>
         <size>0x1b8</size>
         <input_file_ref idref="fl-10"/>
      </object_component>
      <object_component id="oc-262">
         <name>.text</name>
         <load_address>0x93b4</load_address>
         <run_address>0x93b4</run_address>
         <size>0x1b6</size>
         <input_file_ref idref="fl-f1"/>
      </object_component>
      <object_component id="oc-3bb">
         <name>.text:_nop</name>
         <load_address>0x956a</load_address>
         <run_address>0x956a</run_address>
         <size>0x2</size>
         <input_file_ref idref="fl-101"/>
      </object_component>
      <object_component id="oc-15e">
         <name>.text</name>
         <load_address>0x956c</load_address>
         <run_address>0x956c</run_address>
         <size>0x190</size>
         <input_file_ref idref="fl-5"/>
      </object_component>
      <object_component id="oc-34f">
         <name>.text:sqrt</name>
         <load_address>0x96fc</load_address>
         <run_address>0x96fc</run_address>
         <size>0x158</size>
         <input_file_ref idref="fl-ed"/>
      </object_component>
      <object_component id="oc-25d">
         <name>.text</name>
         <load_address>0x9854</load_address>
         <run_address>0x9854</run_address>
         <size>0x136</size>
         <input_file_ref idref="fl-f3"/>
      </object_component>
      <object_component id="oc-37c">
         <name>.text</name>
         <load_address>0x998a</load_address>
         <run_address>0x998a</run_address>
         <size>0x2</size>
         <input_file_ref idref="fl-104"/>
      </object_component>
      <object_component id="oc-32">
         <name>.text</name>
         <load_address>0x998c</load_address>
         <run_address>0x998c</run_address>
         <size>0x12c</size>
         <input_file_ref idref="fl-e"/>
      </object_component>
      <object_component id="oc-f9">
         <name>.text</name>
         <load_address>0x9ab8</load_address>
         <run_address>0x9ab8</run_address>
         <size>0x12a</size>
         <input_file_ref idref="fl-a"/>
      </object_component>
      <object_component id="oc-16a">
         <name>.text</name>
         <load_address>0x9be4</load_address>
         <run_address>0x9be4</run_address>
         <size>0x11c</size>
         <input_file_ref idref="fl-2"/>
      </object_component>
      <object_component id="oc-2ad">
         <name>.text:fputs</name>
         <load_address>0x9d00</load_address>
         <run_address>0x9d00</run_address>
         <size>0x114</size>
         <input_file_ref idref="fl-10a"/>
      </object_component>
      <object_component id="oc-367">
         <name>.text:scalbn</name>
         <load_address>0x9e14</load_address>
         <run_address>0x9e14</run_address>
         <size>0x110</size>
         <input_file_ref idref="fl-ee"/>
      </object_component>
      <object_component id="oc-267">
         <name>.text</name>
         <load_address>0x9f24</load_address>
         <run_address>0x9f24</run_address>
         <size>0xfc</size>
         <input_file_ref idref="fl-f4"/>
      </object_component>
      <object_component id="oc-146">
         <name>.text</name>
         <load_address>0xa020</load_address>
         <run_address>0xa020</run_address>
         <size>0xe0</size>
         <input_file_ref idref="fl-7"/>
      </object_component>
      <object_component id="oc-424">
         <name>.text:setvbuf</name>
         <load_address>0xa100</load_address>
         <run_address>0xa100</run_address>
         <size>0xdc</size>
         <input_file_ref idref="fl-112"/>
      </object_component>
      <object_component id="oc-462">
         <name>.text:free</name>
         <load_address>0xa1dc</load_address>
         <run_address>0xa1dc</run_address>
         <size>0xd8</size>
         <input_file_ref idref="fl-11b"/>
      </object_component>
      <object_component id="oc-2d">
         <name>.text</name>
         <load_address>0xa2b4</load_address>
         <run_address>0xa2b4</run_address>
         <size>0xd2</size>
         <input_file_ref idref="fl-f"/>
      </object_component>
      <object_component id="oc-189">
         <name>.text:perror</name>
         <load_address>0xa388</load_address>
         <run_address>0xa388</run_address>
         <size>0xc8</size>
         <input_file_ref idref="fl-103"/>
      </object_component>
      <object_component id="oc-46">
         <name>.text</name>
         <load_address>0xa450</load_address>
         <run_address>0xa450</run_address>
         <size>0x9c</size>
         <input_file_ref idref="fl-f8"/>
      </object_component>
      <object_component id="oc-2b9">
         <name>.text:fputc</name>
         <load_address>0xa4ec</load_address>
         <run_address>0xa4ec</run_address>
         <size>0x8c</size>
         <input_file_ref idref="fl-109"/>
      </object_component>
      <object_component id="oc-35d">
         <name>.text:__aeabi_cdcmple</name>
         <load_address>0xa578</load_address>
         <run_address>0xa578</run_address>
         <size>0x86</size>
         <input_file_ref idref="fl-f2"/>
      </object_component>
      <object_component id="oc-362">
         <name>.text:__aeabi_cdrcmple</name>
         <load_address>0xa5fe</load_address>
         <run_address>0xa5fe</run_address>
         <size>0x86</size>
         <input_file_ref idref="fl-f2"/>
      </object_component>
      <object_component id="oc-bf">
         <name>.text</name>
         <load_address>0xa684</load_address>
         <run_address>0xa684</run_address>
         <size>0x7a</size>
         <input_file_ref idref="fl-fa"/>
      </object_component>
      <object_component id="oc-468">
         <name>.text:malloc</name>
         <load_address>0xa700</load_address>
         <run_address>0xa700</run_address>
         <size>0x78</size>
         <input_file_ref idref="fl-11b"/>
      </object_component>
      <object_component id="oc-4af">
         <name>.text:__TI_closefile</name>
         <load_address>0xa778</load_address>
         <run_address>0xa778</run_address>
         <size>0x74</size>
         <input_file_ref idref="fl-11f"/>
      </object_component>
      <object_component id="oc-170">
         <name>.text</name>
         <load_address>0xa7ec</load_address>
         <run_address>0xa7ec</run_address>
         <size>0x6e</size>
         <input_file_ref idref="fl-f5"/>
      </object_component>
      <object_component id="oc-4d3">
         <name>.text:HOSTlseek</name>
         <load_address>0xa85c</load_address>
         <run_address>0xa85c</run_address>
         <size>0x68</size>
         <input_file_ref idref="fl-114"/>
      </object_component>
      <object_component id="oc-4df">
         <name>.text:HOSTrename</name>
         <load_address>0xa8c4</load_address>
         <run_address>0xa8c4</run_address>
         <size>0x68</size>
         <input_file_ref idref="fl-117"/>
      </object_component>
      <object_component id="oc-12">
         <name>.text:decompress:lzss:__TI_decompress_lzss</name>
         <load_address>0xa92c</load_address>
         <run_address>0xa92c</run_address>
         <size>0x68</size>
         <input_file_ref idref="fl-fd"/>
      </object_component>
      <object_component id="oc-41e">
         <name>.text:fseek</name>
         <load_address>0xa994</load_address>
         <run_address>0xa994</run_address>
         <size>0x64</size>
         <input_file_ref idref="fl-110"/>
      </object_component>
      <object_component id="oc-387">
         <name>.text:__TI_wrt_ok</name>
         <load_address>0xa9f8</load_address>
         <run_address>0xa9f8</run_address>
         <size>0x62</size>
         <input_file_ref idref="fl-10e"/>
      </object_component>
      <object_component id="oc-4bb">
         <name>.text:HOSTopen</name>
         <load_address>0xaa5c</load_address>
         <run_address>0xaa5c</run_address>
         <size>0x60</size>
         <input_file_ref idref="fl-115"/>
      </object_component>
      <object_component id="oc-4ee">
         <name>.text:close</name>
         <load_address>0xaabc</load_address>
         <run_address>0xaabc</run_address>
         <size>0x5c</size>
         <input_file_ref idref="fl-126"/>
      </object_component>
      <object_component id="oc-4c7">
         <name>.text:HOSTread</name>
         <load_address>0xab18</load_address>
         <run_address>0xab18</run_address>
         <size>0x58</size>
         <input_file_ref idref="fl-116"/>
      </object_component>
      <object_component id="oc-4cd">
         <name>.text:HOSTwrite</name>
         <load_address>0xab70</load_address>
         <run_address>0xab70</run_address>
         <size>0x58</size>
         <input_file_ref idref="fl-119"/>
      </object_component>
      <object_component id="oc-399">
         <name>.text:__TI_doflush</name>
         <load_address>0xabc8</load_address>
         <run_address>0xabc8</run_address>
         <size>0x4c</size>
         <input_file_ref idref="fl-10f"/>
      </object_component>
      <object_component id="oc-1a2">
         <name>.text:exit</name>
         <load_address>0xac14</load_address>
         <run_address>0xac14</run_address>
         <size>0x48</size>
         <input_file_ref idref="fl-100"/>
      </object_component>
      <object_component id="oc-4c1">
         <name>.text:HOSTclose</name>
         <load_address>0xac5c</load_address>
         <run_address>0xac5c</run_address>
         <size>0x44</size>
         <input_file_ref idref="fl-113"/>
      </object_component>
      <object_component id="oc-4d9">
         <name>.text:HOSTunlink</name>
         <load_address>0xaca0</load_address>
         <run_address>0xaca0</run_address>
         <size>0x44</size>
         <input_file_ref idref="fl-118"/>
      </object_component>
      <object_component id="oc-1a8">
         <name>.text:__TI_auto_init_nobinit_nopinit:__TI_auto_init_nobinit_nopinit</name>
         <load_address>0xace4</load_address>
         <run_address>0xace4</run_address>
         <size>0x44</size>
         <input_file_ref idref="fl-105"/>
      </object_component>
      <object_component id="oc-523">
         <name>.text:getdevice</name>
         <load_address>0xad28</load_address>
         <run_address>0xad28</run_address>
         <size>0x44</size>
         <input_file_ref idref="fl-120"/>
      </object_component>
      <object_component id="oc-28c">
         <name>.text</name>
         <load_address>0xad6c</load_address>
         <run_address>0xad6c</run_address>
         <size>0x40</size>
         <input_file_ref idref="fl-f0"/>
      </object_component>
      <object_component id="oc-222">
         <name>.text</name>
         <load_address>0xadac</load_address>
         <run_address>0xadac</run_address>
         <size>0x3e</size>
         <input_file_ref idref="fl-15"/>
      </object_component>
      <object_component id="oc-4a4">
         <name>.text:minsert</name>
         <load_address>0xadec</load_address>
         <run_address>0xadec</run_address>
         <size>0x3c</size>
         <input_file_ref idref="fl-11b"/>
      </object_component>
      <object_component id="oc-4ff">
         <name>.text:__TI_writemsg</name>
         <load_address>0xae28</load_address>
         <run_address>0xae28</run_address>
         <size>0x38</size>
         <input_file_ref idref="fl-11a"/>
      </object_component>
      <object_component id="oc-64">
         <name>.text:_c_int00_noargs:_c_int00_noargs</name>
         <load_address>0xae60</load_address>
         <run_address>0xae60</run_address>
         <size>0x38</size>
         <input_file_ref idref="fl-fe"/>
      </object_component>
      <object_component id="oc-498">
         <name>.text:minit</name>
         <load_address>0xae98</load_address>
         <run_address>0xae98</run_address>
         <size>0x38</size>
         <input_file_ref idref="fl-11b"/>
      </object_component>
      <object_component id="oc-27c">
         <name>.text</name>
         <load_address>0xaed0</load_address>
         <run_address>0xaed0</run_address>
         <size>0x38</size>
         <input_file_ref idref="fl-f6"/>
      </object_component>
      <object_component id="oc-54b">
         <name>.text:strncpy</name>
         <load_address>0xaf08</load_address>
         <run_address>0xaf08</run_address>
         <size>0x36</size>
         <input_file_ref idref="fl-124"/>
      </object_component>
      <object_component id="oc-46e">
         <name>.text:__TI_cleanup</name>
         <load_address>0xaf40</load_address>
         <run_address>0xaf40</run_address>
         <size>0x34</size>
         <input_file_ref idref="fl-11c"/>
      </object_component>
      <object_component id="oc-505">
         <name>.text:__TI_readmsg</name>
         <load_address>0xaf74</load_address>
         <run_address>0xaf74</run_address>
         <size>0x34</size>
         <input_file_ref idref="fl-11a"/>
      </object_component>
      <object_component id="oc-551">
         <name>.text:finddevice</name>
         <load_address>0xafa8</load_address>
         <run_address>0xafa8</run_address>
         <size>0x30</size>
         <input_file_ref idref="fl-120"/>
      </object_component>
      <object_component id="oc-355">
         <name>.text</name>
         <load_address>0xafd8</load_address>
         <run_address>0xafd8</run_address>
         <size>0x2e</size>
         <input_file_ref idref="fl-f7"/>
      </object_component>
      <object_component id="oc-4f4">
         <name>.text:unlink</name>
         <load_address>0xb008</load_address>
         <run_address>0xb008</run_address>
         <size>0x2c</size>
         <input_file_ref idref="fl-125"/>
      </object_component>
      <object_component id="oc-45a">
         <name>.text:lseek</name>
         <load_address>0xb034</load_address>
         <run_address>0xb034</run_address>
         <size>0x28</size>
         <input_file_ref idref="fl-111"/>
      </object_component>
      <object_component id="oc-49e">
         <name>.text:mremove</name>
         <load_address>0xb05c</load_address>
         <run_address>0xb05c</run_address>
         <size>0x28</size>
         <input_file_ref idref="fl-11b"/>
      </object_component>
      <object_component id="oc-39f">
         <name>.text:write</name>
         <load_address>0xb084</load_address>
         <run_address>0xb084</run_address>
         <size>0x28</size>
         <input_file_ref idref="fl-10d"/>
      </object_component>
      <object_component id="oc-393">
         <name>.text:memchr</name>
         <load_address>0xb0ac</load_address>
         <run_address>0xb0ac</run_address>
         <size>0x20</size>
         <input_file_ref idref="fl-10b"/>
      </object_component>
      <object_component id="oc-258">
         <name>.text</name>
         <load_address>0xb0cc</load_address>
         <run_address>0xb0cc</run_address>
         <size>0x20</size>
         <input_file_ref idref="fl-f9"/>
      </object_component>
      <object_component id="oc-56a">
         <name>.text:strcmp</name>
         <load_address>0xb0ec</load_address>
         <run_address>0xb0ec</run_address>
         <size>0x18</size>
         <input_file_ref idref="fl-123"/>
      </object_component>
      <object_component id="oc-545">
         <name>.text:strchr</name>
         <load_address>0xb104</load_address>
         <run_address>0xb104</run_address>
         <size>0x16</size>
         <input_file_ref idref="fl-122"/>
      </object_component>
      <object_component id="oc-409">
         <name>.text:copysign</name>
         <load_address>0xb11a</load_address>
         <run_address>0xb11a</run_address>
         <size>0x14</size>
         <input_file_ref idref="fl-ef"/>
      </object_component>
      <object_component id="oc-519">
         <name>.text:strcpy</name>
         <load_address>0xb12e</load_address>
         <run_address>0xb12e</run_address>
         <size>0x14</size>
         <input_file_ref idref="fl-11e"/>
      </object_component>
      <object_component id="oc-38d">
         <name>.text:strlen</name>
         <load_address>0xb142</load_address>
         <run_address>0xb142</run_address>
         <size>0x14</size>
         <input_file_ref idref="fl-10c"/>
      </object_component>
      <object_component id="oc-18">
         <name>.text:decompress:none:__TI_decompress_none</name>
         <load_address>0xb156</load_address>
         <run_address>0xb156</run_address>
         <size>0xe</size>
         <input_file_ref idref="fl-fc"/>
      </object_component>
      <object_component id="oc-58">
         <name>.text:decompress:ZI:__TI_zero_init</name>
         <load_address>0xb164</load_address>
         <run_address>0xb164</run_address>
         <size>0xc</size>
         <input_file_ref idref="fl-fb"/>
      </object_component>
      <object_component id="oc-27">
         <name>.text</name>
         <load_address>0xb170</load_address>
         <run_address>0xb170</run_address>
         <size>0xc</size>
         <input_file_ref idref="fl-6"/>
      </object_component>
      <object_component id="oc-2b3">
         <name>.text:__aeabi_errno_addr</name>
         <load_address>0xb17c</load_address>
         <run_address>0xb17c</run_address>
         <size>0x8</size>
         <input_file_ref idref="fl-ff"/>
      </object_component>
      <object_component id="oc-231">
         <name>.text:SysCtlDelay</name>
         <load_address>0xb184</load_address>
         <run_address>0xb184</run_address>
         <size>0x6</size>
         <input_file_ref idref="fl-29"/>
      </object_component>
      <object_component id="oc-c5">
         <name>.text:_system_pre_init</name>
         <load_address>0xb18a</load_address>
         <run_address>0xb18a</run_address>
         <size>0x4</size>
         <input_file_ref idref="fl-106"/>
      </object_component>
      <object_component id="oc-19c">
         <name>.text:abort:abort</name>
         <load_address>0xb18e</load_address>
         <run_address>0xb18e</run_address>
         <size>0x4</size>
         <input_file_ref idref="fl-100"/>
      </object_component>
      <object_component id="oc-22b">
         <name>.const:g_pppui32XTALtoVCO</name>
         <load_address>0xb198</load_address>
         <run_address>0xb198</run_address>
         <size>0x120</size>
         <input_file_ref idref="fl-29"/>
      </object_component>
      <object_component id="oc-240">
         <name>.const:g_ppui32GPIOIntMapBlizzard</name>
         <load_address>0xb2b8</load_address>
         <run_address>0xb2b8</run_address>
         <size>0xc0</size>
         <input_file_ref idref="fl-1e"/>
      </object_component>
      <object_component id="oc-243">
         <name>.const:g_ppui32GPIOIntMapSnowflake</name>
         <load_address>0xb378</load_address>
         <run_address>0xb378</run_address>
         <size>0xc0</size>
         <input_file_ref idref="fl-1e"/>
      </object_component>
      <object_component id="oc-308">
         <name>.const:g_pui32Regs</name>
         <load_address>0xb438</load_address>
         <run_address>0xb438</run_address>
         <size>0x9c</size>
         <input_file_ref idref="fl-21"/>
      </object_component>
      <object_component id="oc-246">
         <name>.const:g_pui32GPIOBaseAddrs</name>
         <load_address>0xb4d4</load_address>
         <run_address>0xb4d4</run_address>
         <size>0x90</size>
         <input_file_ref idref="fl-1e"/>
      </object_component>
      <object_component id="oc-228">
         <name>.const:g_pui32Xtals</name>
         <load_address>0xb564</load_address>
         <run_address>0xb564</run_address>
         <size>0x6c</size>
         <input_file_ref idref="fl-29"/>
      </object_component>
      <object_component id="oc-33f">
         <name>.const:g_ppui32I2CIntMapSnowflake</name>
         <load_address>0xb5d0</load_address>
         <run_address>0xb5d0</run_address>
         <size>0x50</size>
         <input_file_ref idref="fl-20"/>
      </object_component>
      <object_component id="oc-326">
         <name>.const:g_ppui32UARTIntMap</name>
         <load_address>0xb620</load_address>
         <run_address>0xb620</run_address>
         <size>0x40</size>
         <input_file_ref idref="fl-2d"/>
      </object_component>
      <object_component id="oc-329">
         <name>.const:g_ppui32UARTIntMapSnowflake</name>
         <load_address>0xb660</load_address>
         <run_address>0xb660</run_address>
         <size>0x40</size>
         <input_file_ref idref="fl-2d"/>
      </object_component>
      <object_component id="oc-35a">
         <name>.const:$O1$$</name>
         <load_address>0xb6a0</load_address>
         <run_address>0xb6a0</run_address>
         <size>0x30</size>
         <input_file_ref idref="fl-ec"/>
      </object_component>
      <object_component id="oc-33c">
         <name>.const:g_ppui32I2CIntMap</name>
         <load_address>0xb6d0</load_address>
         <run_address>0xb6d0</run_address>
         <size>0x30</size>
         <input_file_ref idref="fl-20"/>
      </object_component>
      <object_component id="oc-219">
         <name>.const:g_sXTALtoMEMTIM</name>
         <load_address>0xb700</load_address>
         <run_address>0xb700</run_address>
         <size>0x30</size>
         <input_file_ref idref="fl-29"/>
      </object_component>
      <object_component id="oc-305">
         <name>.const:g_pui32Priority</name>
         <load_address>0xb730</load_address>
         <run_address>0xb730</run_address>
         <size>0x20</size>
         <input_file_ref idref="fl-21"/>
      </object_component>
      <object_component id="oc-30e">
         <name>.const:g_pui32Dii16Regs</name>
         <load_address>0xb750</load_address>
         <run_address>0xb750</run_address>
         <size>0x14</size>
         <input_file_ref idref="fl-21"/>
      </object_component>
      <object_component id="oc-30b">
         <name>.const:g_pui32EnRegs</name>
         <load_address>0xb764</load_address>
         <run_address>0xb764</run_address>
         <size>0x14</size>
         <input_file_ref idref="fl-21"/>
      </object_component>
      <object_component id="oc-311">
         <name>.const:g_pui32PendRegs</name>
         <load_address>0xb778</load_address>
         <run_address>0xb778</run_address>
         <size>0x14</size>
         <input_file_ref idref="fl-21"/>
      </object_component>
      <object_component id="oc-314">
         <name>.const:g_pui32UnpendRegs</name>
         <load_address>0xb78c</load_address>
         <run_address>0xb78c</run_address>
         <size>0x14</size>
         <input_file_ref idref="fl-21"/>
      </object_component>
      <object_component id="oc-382">
         <name>.const:.string</name>
         <load_address>0xb7a0</load_address>
         <run_address>0xb7a0</run_address>
         <size>0x12</size>
         <input_file_ref idref="fl-32"/>
      </object_component>
      <object_component id="oc-289">
         <name>.const:g_ui32UARTBase</name>
         <load_address>0xb7b4</load_address>
         <run_address>0xb7b4</run_address>
         <size>0xc</size>
         <input_file_ref idref="fl-32"/>
      </object_component>
      <object_component id="oc-283">
         <name>.const:g_ui32UARTPeriph</name>
         <load_address>0xb7c0</load_address>
         <run_address>0xb7c0</run_address>
         <size>0xc</size>
         <input_file_ref idref="fl-32"/>
      </object_component>
      <object_component id="oc-22e">
         <name>.const:g_pui32VCOFrequencies</name>
         <load_address>0xb7cc</load_address>
         <run_address>0xb7cc</run_address>
         <size>0x8</size>
         <input_file_ref idref="fl-29"/>
      </object_component>
      <object_component id="oc-182">
         <name>.const:.string:$P$T0$1</name>
         <load_address>0xb7d4</load_address>
         <run_address>0xb7d4</run_address>
         <size>0x7</size>
         <input_file_ref idref="fl-4"/>
      </object_component>
      <object_component id="oc-80">
         <name>.const</name>
         <load_address>0xb7dc</load_address>
         <run_address>0xb7dc</run_address>
         <size>0x4</size>
         <input_file_ref idref="fl-e"/>
      </object_component>
      <object_component id="oc-291">
         <name>.const</name>
         <load_address>0xb7e0</load_address>
         <run_address>0xb7e0</run_address>
         <size>0x4</size>
         <input_file_ref idref="fl-32"/>
      </object_component>
      <object_component id="oc-5aa">
         <name>.cinit..data.load</name>
         <load_address>0xb7e8</load_address>
         <run_address>0xb7e8</run_address>
         <size>0x7c</size>
      </object_component>
      <object_component id="oc-5a7">
         <name>__TI_handler_table</name>
         <load_address>0xb864</load_address>
         <run_address>0xb864</run_address>
         <size>0xc</size>
      </object_component>
      <object_component id="oc-5ab">
         <name>.cinit..bss.load</name>
         <load_address>0xb870</load_address>
         <run_address>0xb870</run_address>
         <size>0x8</size>
      </object_component>
      <object_component id="oc-5a9">
         <name>.cinit..vtable.load</name>
         <load_address>0xb878</load_address>
         <run_address>0xb878</run_address>
         <size>0x8</size>
      </object_component>
      <object_component id="oc-5a8">
         <name>__TI_cinit_table</name>
         <load_address>0xb880</load_address>
         <run_address>0xb880</run_address>
         <size>0x18</size>
      </object_component>
      <object_component id="oc-302">
         <name>.vtable</name>
         <uninitialized>true</uninitialized>
         <run_address>0x20000000</run_address>
         <size>0x26c</size>
         <input_file_ref idref="fl-21"/>
      </object_component>
      <object_component id="oc-7d">
         <name>.data</name>
         <load_address>0x2000cad8</load_address>
         <run_address>0x2000cad8</run_address>
         <size>0x34</size>
         <input_file_ref idref="fl-c"/>
      </object_component>
      <object_component id="oc-1fe">
         <name>.data</name>
         <load_address>0x2000cb34</load_address>
         <run_address>0x2000cb34</run_address>
         <size>0xc</size>
         <input_file_ref idref="fl-d"/>
      </object_component>
      <object_component id="oc-8a">
         <name>.data</name>
         <load_address>0x2000cb58</load_address>
         <run_address>0x2000cb58</run_address>
         <size>0x4</size>
         <input_file_ref idref="fl-e"/>
      </object_component>
      <object_component id="oc-1e6">
         <name>.data</name>
         <load_address>0x2000cb48</load_address>
         <run_address>0x2000cb48</run_address>
         <size>0x8</size>
         <input_file_ref idref="fl-10"/>
      </object_component>
      <object_component id="oc-286">
         <name>.data</name>
         <load_address>0x2000cb50</load_address>
         <run_address>0x2000cb50</run_address>
         <size>0x5</size>
         <input_file_ref idref="fl-32"/>
      </object_component>
      <object_component id="oc-3a7">
         <name>.data</name>
         <load_address>0x2000cb5c</load_address>
         <run_address>0x2000cb5c</run_address>
         <size>0x4</size>
         <input_file_ref idref="fl-ff"/>
      </object_component>
      <object_component id="oc-2c5">
         <name>.data:$O1$$</name>
         <load_address>0x2000cb1c</load_address>
         <run_address>0x2000cb1c</run_address>
         <size>0xc</size>
         <input_file_ref idref="fl-100"/>
      </object_component>
      <object_component id="oc-2c8">
         <name>.data:$O1$$</name>
         <load_address>0x2000cb40</load_address>
         <run_address>0x2000cb40</run_address>
         <size>0x8</size>
         <input_file_ref idref="fl-101"/>
      </object_component>
      <object_component id="oc-2bf">
         <name>.data:_ftable</name>
         <load_address>0x2000c920</load_address>
         <run_address>0x2000c920</run_address>
         <size>0xf0</size>
         <input_file_ref idref="fl-108"/>
      </object_component>
      <object_component id="oc-4b5">
         <name>.data</name>
         <load_address>0x2000cb0c</load_address>
         <run_address>0x2000cb0c</run_address>
         <size>0x10</size>
         <input_file_ref idref="fl-108"/>
      </object_component>
      <object_component id="oc-483">
         <name>.data:_device</name>
         <load_address>0x2000ca10</load_address>
         <run_address>0x2000ca10</run_address>
         <size>0x78</size>
         <input_file_ref idref="fl-10d"/>
      </object_component>
      <object_component id="oc-432">
         <name>.data:_stream</name>
         <load_address>0x2000ca88</load_address>
         <run_address>0x2000ca88</run_address>
         <size>0x50</size>
         <input_file_ref idref="fl-10d"/>
      </object_component>
      <object_component id="oc-4aa">
         <name>.data:$O1$$</name>
         <load_address>0x2000cb28</load_address>
         <run_address>0x2000cb28</run_address>
         <size>0xc</size>
         <input_file_ref idref="fl-11b"/>
      </object_component>
      <object_component id="oc-ff">
         <name>.bss:pxReadyTasksLists</name>
         <uninitialized>true</uninitialized>
         <run_address>0x2000c780</run_address>
         <size>0x64</size>
         <input_file_ref idref="fl-c"/>
      </object_component>
      <object_component id="oc-114">
         <name>.bss:xDelayedTaskList1</name>
         <uninitialized>true</uninitialized>
         <run_address>0x2000c84c</run_address>
         <size>0x14</size>
         <input_file_ref idref="fl-c"/>
      </object_component>
      <object_component id="oc-117">
         <name>.bss:xDelayedTaskList2</name>
         <uninitialized>true</uninitialized>
         <run_address>0x2000c860</run_address>
         <size>0x14</size>
         <input_file_ref idref="fl-c"/>
      </object_component>
      <object_component id="oc-105">
         <name>.bss</name>
         <uninitialized>true</uninitialized>
         <run_address>0x2000c8c0</run_address>
         <size>0x8</size>
         <input_file_ref idref="fl-c"/>
      </object_component>
      <object_component id="oc-111">
         <name>.bss:xPendingReadyList</name>
         <uninitialized>true</uninitialized>
         <run_address>0x2000c874</run_address>
         <size>0x14</size>
         <input_file_ref idref="fl-c"/>
      </object_component>
      <object_component id="oc-102">
         <name>.bss:xTasksWaitingTermination</name>
         <uninitialized>true</uninitialized>
         <run_address>0x2000c89c</run_address>
         <size>0x14</size>
         <input_file_ref idref="fl-c"/>
      </object_component>
      <object_component id="oc-108">
         <name>.bss:xSuspendedTaskList</name>
         <uninitialized>true</uninitialized>
         <run_address>0x2000c888</run_address>
         <size>0x14</size>
         <input_file_ref idref="fl-c"/>
      </object_component>
      <object_component id="oc-204">
         <name>.bss:xActiveTimerList1</name>
         <uninitialized>true</uninitialized>
         <run_address>0x2000c824</run_address>
         <size>0x14</size>
         <input_file_ref idref="fl-d"/>
      </object_component>
      <object_component id="oc-207">
         <name>.bss:xActiveTimerList2</name>
         <uninitialized>true</uninitialized>
         <run_address>0x2000c838</run_address>
         <size>0x14</size>
         <input_file_ref idref="fl-d"/>
      </object_component>
      <object_component id="oc-201">
         <name>.bss</name>
         <uninitialized>true</uninitialized>
         <run_address>0x2000c8c8</run_address>
         <size>0x8</size>
         <input_file_ref idref="fl-d"/>
      </object_component>
      <object_component id="oc-1ef">
         <name>.bss:ucHeap</name>
         <uninitialized>true</uninitialized>
         <run_address>0x20000270</run_address>
         <size>0xc350</size>
         <input_file_ref idref="fl-10"/>
      </object_component>
      <object_component id="oc-1e9">
         <name>.bss:xStart</name>
         <uninitialized>true</uninitialized>
         <run_address>0x2000c8d8</run_address>
         <size>0x8</size>
         <input_file_ref idref="fl-10"/>
      </object_component>
      <object_component id="oc-1ec">
         <name>.bss:xEnd</name>
         <uninitialized>true</uninitialized>
         <run_address>0x2000c8d0</run_address>
         <size>0x8</size>
         <input_file_ref idref="fl-10"/>
      </object_component>
      <object_component id="oc-24b">
         <name>.bss:g_pui8OversampleFactor</name>
         <uninitialized>true</uninitialized>
         <run_address>0x2000c8f8</run_address>
         <size>0x4</size>
         <input_file_ref idref="fl-11"/>
      </object_component>
      <object_component id="oc-52d">
         <name>.bss:_CIOBUF_</name>
         <uninitialized>true</uninitialized>
         <run_address>0x2000c5c0</run_address>
         <size>0x120</size>
         <input_file_ref idref="fl-11a"/>
      </object_component>
      <object_component id="oc-192">
         <name>.common:rh</name>
         <uninitialized>true</uninitialized>
         <run_address>0x2000c918</run_address>
         <size>0x4</size>
      </object_component>
      <object_component id="oc-194">
         <name>.common:tp</name>
         <uninitialized>true</uninitialized>
         <run_address>0x2000c91c</run_address>
         <size>0x4</size>
      </object_component>
      <object_component id="oc-193">
         <name>.common:humidity_val</name>
         <uninitialized>true</uninitialized>
         <run_address>0x2000c8e0</run_address>
         <size>0x8</size>
      </object_component>
      <object_component id="oc-195">
         <name>.common:temp_val</name>
         <uninitialized>true</uninitialized>
         <run_address>0x2000c8f0</run_address>
         <size>0x8</size>
      </object_component>
      <object_component id="oc-17b">
         <name>.common:g_ui32SysClock</name>
         <uninitialized>true</uninitialized>
         <run_address>0x2000c90c</run_address>
         <size>0x4</size>
      </object_component>
      <object_component id="oc-188">
         <name>.common:ADC0Value</name>
         <uninitialized>true</uninitialized>
         <run_address>0x2000c8fc</run_address>
         <size>0x4</size>
      </object_component>
      <object_component id="oc-185">
         <name>.common:Task1Handle</name>
         <uninitialized>true</uninitialized>
         <run_address>0x2000c904</run_address>
         <size>0x4</size>
      </object_component>
      <object_component id="oc-186">
         <name>.common:Task2Handle</name>
         <uninitialized>true</uninitialized>
         <run_address>0x2000c908</run_address>
         <size>0x4</size>
      </object_component>
      <object_component id="oc-187">
         <name>.common:LogTaskHandle</name>
         <uninitialized>true</uninitialized>
         <run_address>0x2000c900</run_address>
         <size>0x4</size>
      </object_component>
      <object_component id="oc-18f">
         <name>.common:my_sem</name>
         <uninitialized>true</uninitialized>
         <run_address>0x2000c914</run_address>
         <size>0x4</size>
      </object_component>
      <object_component id="oc-191">
         <name>.common:myQueue</name>
         <uninitialized>true</uninitialized>
         <run_address>0x2000c910</run_address>
         <size>0x4</size>
      </object_component>
      <object_component id="oc-190">
         <name>.common:msg_struct</name>
         <uninitialized>true</uninitialized>
         <run_address>0x2000c8b0</run_address>
         <size>0x10</size>
      </object_component>
      <object_component id="oc-26d">
         <name>.common:xQueueRegistry</name>
         <uninitialized>true</uninitialized>
         <run_address>0x2000c7e4</run_address>
         <size>0x40</size>
      </object_component>
      <object_component id="oc-4fa">
         <name>.common:__TI_tmpnams</name>
         <uninitialized>true</uninitialized>
         <run_address>0x2000c6e0</run_address>
         <size>0xa0</size>
      </object_component>
      <object_component id="oc-50b">
         <name>.common:parmbuf</name>
         <uninitialized>true</uninitialized>
         <run_address>0x2000c8e8</run_address>
         <size>0x8</size>
      </object_component>
      <object_component id="oc-24">
         <name>.sysmem</name>
         <uninitialized>true</uninitialized>
         <run_address>0x2000cd60</run_address>
         <size>0x8</size>
         <input_file_ref idref="fl-11b"/>
      </object_component>
      <object_component id="oc-5ad">
         <name>.sysmem</name>
         <uninitialized>true</uninitialized>
         <run_address>0x2000cd60</run_address>
         <size>0x0</size>
      </object_component>
      <object_component id="oc-21">
         <name>.stack</name>
         <uninitialized>true</uninitialized>
         <run_address>0x2000cb60</run_address>
         <size>0x4</size>
         <input_file_ref idref="fl-fe"/>
      </object_component>
      <object_component id="oc-5ac">
         <name>.stack</name>
         <uninitialized>true</uninitialized>
         <run_address>0x2000cb60</run_address>
         <size>0x0</size>
      </object_component>
      <object_component id="oc-124">
         <name>.debug_info</name>
         <load_address>0x0</load_address>
         <run_address>0x0</run_address>
         <size>0x623</size>
         <input_file_ref idref="fl-2"/>
      </object_component>
      <object_component id="oc-16b">
         <name>.debug_info</name>
         <load_address>0x623</load_address>
         <run_address>0x623</run_address>
         <size>0x302</size>
         <input_file_ref idref="fl-2"/>
      </object_component>
      <object_component id="oc-ec">
         <name>.debug_info</name>
         <load_address>0x925</load_address>
         <run_address>0x925</run_address>
         <size>0x30c</size>
         <input_file_ref idref="fl-2"/>
      </object_component>
      <object_component id="oc-a0">
         <name>.debug_info</name>
         <load_address>0xc31</load_address>
         <run_address>0xc31</run_address>
         <size>0x26b</size>
         <input_file_ref idref="fl-2"/>
      </object_component>
      <object_component id="oc-a5">
         <name>.debug_info</name>
         <load_address>0xe9c</load_address>
         <run_address>0xe9c</run_address>
         <size>0x3cd</size>
         <input_file_ref idref="fl-2"/>
      </object_component>
      <object_component id="oc-126">
         <name>.debug_info</name>
         <load_address>0x1269</load_address>
         <run_address>0x1269</run_address>
         <size>0x8b</size>
         <input_file_ref idref="fl-2"/>
      </object_component>
      <object_component id="oc-271">
         <name>.debug_info</name>
         <load_address>0x12f4</load_address>
         <run_address>0x12f4</run_address>
         <size>0x46</size>
         <input_file_ref idref="fl-2"/>
      </object_component>
      <object_component id="oc-197">
         <name>.debug_info</name>
         <load_address>0x133a</load_address>
         <run_address>0x133a</run_address>
         <size>0x46</size>
         <input_file_ref idref="fl-2"/>
      </object_component>
      <object_component id="oc-8f">
         <name>.debug_info</name>
         <load_address>0x1380</load_address>
         <run_address>0x1380</run_address>
         <size>0x2c</size>
         <input_file_ref idref="fl-2"/>
      </object_component>
      <object_component id="oc-12b">
         <name>.debug_info</name>
         <load_address>0x13ac</load_address>
         <run_address>0x13ac</run_address>
         <size>0x297</size>
         <input_file_ref idref="fl-2"/>
      </object_component>
      <object_component id="oc-233">
         <name>.debug_info</name>
         <load_address>0x1643</load_address>
         <run_address>0x1643</run_address>
         <size>0xef</size>
         <input_file_ref idref="fl-2"/>
      </object_component>
      <object_component id="oc-9b">
         <name>.debug_info</name>
         <load_address>0x1732</load_address>
         <run_address>0x1732</run_address>
         <size>0xbb</size>
         <input_file_ref idref="fl-2"/>
      </object_component>
      <object_component id="oc-94">
         <name>.debug_info</name>
         <load_address>0x17ed</load_address>
         <run_address>0x17ed</run_address>
         <size>0x53</size>
         <input_file_ref idref="fl-2"/>
      </object_component>
      <object_component id="oc-137">
         <name>.debug_info</name>
         <load_address>0x1840</load_address>
         <run_address>0x1840</run_address>
         <size>0x2c</size>
         <input_file_ref idref="fl-2"/>
      </object_component>
      <object_component id="oc-296">
         <name>.debug_info</name>
         <load_address>0x186c</load_address>
         <run_address>0x186c</run_address>
         <size>0x2c</size>
         <input_file_ref idref="fl-2"/>
      </object_component>
      <object_component id="oc-11f">
         <name>.debug_info</name>
         <load_address>0x1898</load_address>
         <run_address>0x1898</run_address>
         <size>0x14c</size>
         <input_file_ref idref="fl-2"/>
      </object_component>
      <object_component id="oc-41">
         <name>.debug_info</name>
         <load_address>0x19e4</load_address>
         <run_address>0x19e4</run_address>
         <size>0x84</size>
         <input_file_ref idref="fl-3"/>
      </object_component>
      <object_component id="oc-17c">
         <name>.debug_info</name>
         <load_address>0x1a68</load_address>
         <run_address>0x1a68</run_address>
         <size>0xd20</size>
         <input_file_ref idref="fl-4"/>
      </object_component>
      <object_component id="oc-183">
         <name>.debug_info</name>
         <load_address>0x2788</load_address>
         <run_address>0x2788</run_address>
         <size>0xd0</size>
         <input_file_ref idref="fl-4"/>
      </object_component>
      <object_component id="oc-cc">
         <name>.debug_info</name>
         <load_address>0x2858</load_address>
         <run_address>0x2858</run_address>
         <size>0xd75</size>
         <input_file_ref idref="fl-4"/>
      </object_component>
      <object_component id="oc-2a2">
         <name>.debug_info</name>
         <load_address>0x35cd</load_address>
         <run_address>0x35cd</run_address>
         <size>0xea</size>
         <input_file_ref idref="fl-4"/>
      </object_component>
      <object_component id="oc-29d">
         <name>.debug_info</name>
         <load_address>0x36b7</load_address>
         <run_address>0x36b7</run_address>
         <size>0x2c</size>
         <input_file_ref idref="fl-4"/>
      </object_component>
      <object_component id="oc-17e">
         <name>.debug_info</name>
         <load_address>0x36e3</load_address>
         <run_address>0x36e3</run_address>
         <size>0x74b</size>
         <input_file_ref idref="fl-5"/>
      </object_component>
      <object_component id="oc-161">
         <name>.debug_info</name>
         <load_address>0x3e2e</load_address>
         <run_address>0x3e2e</run_address>
         <size>0x519</size>
         <input_file_ref idref="fl-5"/>
      </object_component>
      <object_component id="oc-3a">
         <name>.debug_info</name>
         <load_address>0x4347</load_address>
         <run_address>0x4347</run_address>
         <size>0x3c7</size>
         <input_file_ref idref="fl-6"/>
      </object_component>
      <object_component id="oc-10">
         <name>.debug_info</name>
         <load_address>0x470e</load_address>
         <run_address>0x470e</run_address>
         <size>0xf0</size>
         <input_file_ref idref="fl-6"/>
      </object_component>
      <object_component id="oc-2a">
         <name>.debug_info</name>
         <load_address>0x47fe</load_address>
         <run_address>0x47fe</run_address>
         <size>0x26f</size>
         <input_file_ref idref="fl-6"/>
      </object_component>
      <object_component id="oc-180">
         <name>.debug_info</name>
         <load_address>0x4a6d</load_address>
         <run_address>0x4a6d</run_address>
         <size>0x46b</size>
         <input_file_ref idref="fl-7"/>
      </object_component>
      <object_component id="oc-148">
         <name>.debug_info</name>
         <load_address>0x4ed8</load_address>
         <run_address>0x4ed8</run_address>
         <size>0x1c1</size>
         <input_file_ref idref="fl-7"/>
      </object_component>
      <object_component id="oc-2e4">
         <name>.debug_info</name>
         <load_address>0x5099</load_address>
         <run_address>0x5099</run_address>
         <size>0x5fc</size>
         <input_file_ref idref="fl-9"/>
      </object_component>
      <object_component id="oc-1e1">
         <name>.debug_info</name>
         <load_address>0x5695</load_address>
         <run_address>0x5695</run_address>
         <size>0x110</size>
         <input_file_ref idref="fl-9"/>
      </object_component>
      <object_component id="oc-3dc">
         <name>.debug_info</name>
         <load_address>0x57a5</load_address>
         <run_address>0x57a5</run_address>
         <size>0x39</size>
         <input_file_ref idref="fl-9"/>
      </object_component>
      <object_component id="oc-3e1">
         <name>.debug_info</name>
         <load_address>0x57de</load_address>
         <run_address>0x57de</run_address>
         <size>0x76</size>
         <input_file_ref idref="fl-9"/>
      </object_component>
      <object_component id="oc-1f5">
         <name>.debug_info</name>
         <load_address>0x5854</load_address>
         <run_address>0x5854</run_address>
         <size>0x34c</size>
         <input_file_ref idref="fl-a"/>
      </object_component>
      <object_component id="oc-fb">
         <name>.debug_info</name>
         <load_address>0x5ba0</load_address>
         <run_address>0x5ba0</run_address>
         <size>0x4ab</size>
         <input_file_ref idref="fl-a"/>
      </object_component>
      <object_component id="oc-26e">
         <name>.debug_info</name>
         <load_address>0x604b</load_address>
         <run_address>0x604b</run_address>
         <size>0x7f7</size>
         <input_file_ref idref="fl-b"/>
      </object_component>
      <object_component id="oc-165">
         <name>.debug_info</name>
         <load_address>0x6842</load_address>
         <run_address>0x6842</run_address>
         <size>0x2d44</size>
         <input_file_ref idref="fl-b"/>
      </object_component>
      <object_component id="oc-34a">
         <name>.debug_info</name>
         <load_address>0x9586</load_address>
         <run_address>0x9586</run_address>
         <size>0x1cd</size>
         <input_file_ref idref="fl-b"/>
      </object_component>
      <object_component id="oc-eb">
         <name>.debug_info</name>
         <load_address>0x9753</load_address>
         <run_address>0x9753</run_address>
         <size>0x758</size>
         <input_file_ref idref="fl-c"/>
      </object_component>
      <object_component id="oc-7e">
         <name>.debug_info</name>
         <load_address>0x9eab</load_address>
         <run_address>0x9eab</run_address>
         <size>0x348</size>
         <input_file_ref idref="fl-c"/>
      </object_component>
      <object_component id="oc-100">
         <name>.debug_info</name>
         <load_address>0xa1f3</load_address>
         <run_address>0xa1f3</run_address>
         <size>0xef</size>
         <input_file_ref idref="fl-c"/>
      </object_component>
      <object_component id="oc-115">
         <name>.debug_info</name>
         <load_address>0xa2e2</load_address>
         <run_address>0xa2e2</run_address>
         <size>0xef</size>
         <input_file_ref idref="fl-c"/>
      </object_component>
      <object_component id="oc-118">
         <name>.debug_info</name>
         <load_address>0xa3d1</load_address>
         <run_address>0xa3d1</run_address>
         <size>0xef</size>
         <input_file_ref idref="fl-c"/>
      </object_component>
      <object_component id="oc-106">
         <name>.debug_info</name>
         <load_address>0xa4c0</load_address>
         <run_address>0xa4c0</run_address>
         <size>0x132</size>
         <input_file_ref idref="fl-c"/>
      </object_component>
      <object_component id="oc-112">
         <name>.debug_info</name>
         <load_address>0xa5f2</load_address>
         <run_address>0xa5f2</run_address>
         <size>0xef</size>
         <input_file_ref idref="fl-c"/>
      </object_component>
      <object_component id="oc-103">
         <name>.debug_info</name>
         <load_address>0xa6e1</load_address>
         <run_address>0xa6e1</run_address>
         <size>0xfd</size>
         <input_file_ref idref="fl-c"/>
      </object_component>
      <object_component id="oc-109">
         <name>.debug_info</name>
         <load_address>0xa7de</load_address>
         <run_address>0xa7de</run_address>
         <size>0xf1</size>
         <input_file_ref idref="fl-c"/>
      </object_component>
      <object_component id="oc-87">
         <name>.debug_info</name>
         <load_address>0xa8cf</load_address>
         <run_address>0xa8cf</run_address>
         <size>0x467a</size>
         <input_file_ref idref="fl-c"/>
      </object_component>
      <object_component id="oc-1dc">
         <name>.debug_info</name>
         <load_address>0xef49</load_address>
         <run_address>0xef49</run_address>
         <size>0x146</size>
         <input_file_ref idref="fl-c"/>
      </object_component>
      <object_component id="oc-20b">
         <name>.debug_info</name>
         <load_address>0xf08f</load_address>
         <run_address>0xf08f</run_address>
         <size>0x82c</size>
         <input_file_ref idref="fl-d"/>
      </object_component>
      <object_component id="oc-205">
         <name>.debug_info</name>
         <load_address>0xf8bb</load_address>
         <run_address>0xf8bb</run_address>
         <size>0xef</size>
         <input_file_ref idref="fl-d"/>
      </object_component>
      <object_component id="oc-208">
         <name>.debug_info</name>
         <load_address>0xf9aa</load_address>
         <run_address>0xf9aa</run_address>
         <size>0xef</size>
         <input_file_ref idref="fl-d"/>
[...]
      </symbol>
      <symbol id="sm-c82">
         <name>UARTIntClear</name>
         <value>0x6f1d</value>
         <object_component_ref idref="oc-239"/>
      </symbol>
      <symbol id="sm-c83">
         <name>UARTIntStatus</name>
         <value>0x6eed</value>
         <object_component_ref idref="oc-239"/>
      </symbol>
      <symbol id="sm-c84">
         <name>UARTDMADisable</name>
         <value>0x6f63</value>
         <object_component_ref idref="oc-239"/>
      </symbol>
      <symbol id="sm-c85">
         <name>UART9BitEnable</name>
         <value>0x701b</value>
         <object_component_ref idref="oc-239"/>
      </symbol>
      <symbol id="sm-c86">
         <name>UARTSpaceAvail</name>
         <value>0x6ce9</value>
         <object_component_ref idref="oc-239"/>
      </symbol>
      <symbol id="sm-c87">
         <name>UARTCharGet</name>
         <value>0x6d3f</value>
         <object_component_ref idref="oc-239"/>
      </symbol>
      <symbol id="sm-c88">
         <name>UARTFIFOLevelSet</name>
         <value>0x67b9</value>
         <object_component_ref idref="oc-239"/>
      </symbol>
      <symbol id="sm-c89">
         <name>UARTModemControlClear</name>
         <value>0x6b75</value>
         <object_component_ref idref="oc-239"/>
      </symbol>
      <symbol id="sm-c8a">
         <name>UARTParityModeGet</name>
         <value>0x679b</value>
         <object_component_ref idref="oc-239"/>
      </symbol>
      <symbol id="sm-c8b">
         <name>UARTIntRegister</name>
         <value>0x6e29</value>
         <object_component_ref idref="oc-239"/>
      </symbol>
      <symbol id="sm-c8c">
         <name>UARTBreakCtl</name>
         <value>0x6dc5</value>
         <object_component_ref idref="oc-239"/>
      </symbol>
      <symbol id="sm-c8d">
         <name>UART9BitAddrSet</name>
         <value>0x7063</value>
         <object_component_ref idref="oc-239"/>
      </symbol>
      <symbol id="sm-cc9">
         <name>LEDWrite</name>
         <value>0x90ab</value>
         <object_component_ref idref="oc-158"/>
      </symbol>
      <symbol id="sm-cca">
         <name>LEDRead</name>
         <value>0x913b</value>
         <object_component_ref idref="oc-158"/>
      </symbol>
      <symbol id="sm-ccb">
         <name>PinoutSet</name>
         <value>0x8ed9</value>
         <object_component_ref idref="oc-158"/>
      </symbol>
      <symbol id="sm-d45">
         <name>UARTgetc</name>
         <value>0x8205</value>
         <object_component_ref idref="oc-175"/>
      </symbol>
      <symbol id="sm-d46">
         <name>UARTgets</name>
         <value>0x8113</value>
         <object_component_ref idref="oc-175"/>
      </symbol>
      <symbol id="sm-d47">
         <name>UARTStdioConfig</name>
         <value>0x8029</value>
         <object_component_ref idref="oc-175"/>
      </symbol>
      <symbol id="sm-d48">
         <name>UARTwrite</name>
         <value>0x80a3</value>
         <object_component_ref idref="oc-175"/>
      </symbol>
      <symbol id="sm-d49">
         <name>UARTprintf</name>
         <value>0x855f</value>
         <object_component_ref idref="oc-175"/>
      </symbol>
      <symbol id="sm-d4a">
         <name>UARTvprintf</name>
         <value>0x8239</value>
         <object_component_ref idref="oc-175"/>
      </symbol>
      <symbol id="sm-ddf">
         <name>pow</name>
         <value>0x70f1</value>
         <object_component_ref idref="oc-276"/>
      </symbol>
      <symbol id="sm-de0">
         <name>powl</name>
         <value>0x70f1</value>
         <object_component_ref idref="oc-276"/>
      </symbol>
      <symbol id="sm-e02">
         <name>sqrtl</name>
         <value>0x96fd</value>
         <object_component_ref idref="oc-34f"/>
      </symbol>
      <symbol id="sm-e03">
         <name>sqrt</name>
         <value>0x96fd</value>
         <object_component_ref idref="oc-34f"/>
      </symbol>
      <symbol id="sm-e2a">
         <name>scalbn</name>
         <value>0x9e15</value>
         <object_component_ref idref="oc-367"/>
      </symbol>
      <symbol id="sm-e2b">
         <name>scalbnl</name>
         <value>0x9e15</value>
         <object_component_ref idref="oc-367"/>
      </symbol>
      <symbol id="sm-e2c">
         <name>ldexpl</name>
         <value>0x9e15</value>
         <object_component_ref idref="oc-367"/>
      </symbol>
      <symbol id="sm-e2d">
         <name>ldexp</name>
         <value>0x9e15</value>
         <object_component_ref idref="oc-367"/>
      </symbol>
      <symbol id="sm-e37">
         <name>copysign</name>
         <value>0xb11b</value>
         <object_component_ref idref="oc-409"/>
      </symbol>
      <symbol id="sm-e38">
         <name>copysignl</name>
         <value>0xb11b</value>
         <object_component_ref idref="oc-409"/>
      </symbol>
      <symbol id="sm-e47">
         <name>__aeabi_uidivmod</name>
         <value>0xad6d</value>
         <object_component_ref idref="oc-28c"/>
      </symbol>
      <symbol id="sm-e48">
         <name>__aeabi_uidiv</name>
         <value>0xad6d</value>
         <object_component_ref idref="oc-28c"/>
      </symbol>
      <symbol id="sm-e5f">
         <name>__aeabi_dsub</name>
         <value>0x93b5</value>
         <object_component_ref idref="oc-262"/>
      </symbol>
      <symbol id="sm-e60">
         <name>__aeabi_dadd</name>
         <value>0x93bf</value>
         <object_component_ref idref="oc-262"/>
      </symbol>
      <symbol id="sm-e82">
         <name>__aeabi_cdcmpeq</name>
         <value>0xa579</value>
         <object_component_ref idref="oc-35d"/>
      </symbol>
      <symbol id="sm-e83">
         <name>__aeabi_cdcmple</name>
         <value>0xa579</value>
         <object_component_ref idref="oc-35d"/>
      </symbol>
      <symbol id="sm-e84">
         <name>__aeabi_cdrcmple</name>
         <value>0xa5ff</value>
         <object_component_ref idref="oc-362"/>
      </symbol>
      <symbol id="sm-e98">
         <name>__aeabi_ddiv</name>
         <value>0x9855</value>
         <object_component_ref idref="oc-25d"/>
      </symbol>
      <symbol id="sm-ea3">
         <name>__aeabi_dmul</name>
         <value>0x9f25</value>
         <object_component_ref idref="oc-267"/>
      </symbol>
      <symbol id="sm-eaf">
         <name>__aeabi_d2f</name>
         <value>0xa7ed</value>
         <object_component_ref idref="oc-170"/>
      </symbol>
      <symbol id="sm-eba">
         <name>__aeabi_f2d</name>
         <value>0xaed1</value>
         <object_component_ref idref="oc-27c"/>
      </symbol>
      <symbol id="sm-ec4">
         <name>__aeabi_i2d</name>
         <value>0xafd9</value>
         <object_component_ref idref="oc-355"/>
      </symbol>
      <symbol id="sm-edf">
         <name>memcpy</name>
         <value>0xa451</value>
         <object_component_ref idref="oc-46"/>
      </symbol>
      <symbol id="sm-ee0">
         <name>__aeabi_memcpy</name>
         <value>0xa451</value>
         <object_component_ref idref="oc-46"/>
      </symbol>
      <symbol id="sm-ee1">
         <name>__aeabi_memcpy8</name>
         <value>0xa451</value>
         <object_component_ref idref="oc-46"/>
      </symbol>
      <symbol id="sm-ee2">
         <name>__aeabi_memcpy4</name>
         <value>0xa451</value>
         <object_component_ref idref="oc-46"/>
      </symbol>
      <symbol id="sm-eec">
         <name>__aeabi_ui2d</name>
         <value>0xb0cd</value>
         <object_component_ref idref="oc-258"/>
      </symbol>
      <symbol id="sm-efb">
         <name>__aeabi_memset</name>
         <value>0xa687</value>
         <object_component_ref idref="oc-bf"/>
      </symbol>
      <symbol id="sm-efc">
         <name>memset</name>
         <value>0xa68d</value>
         <object_component_ref idref="oc-bf"/>
      </symbol>
      <symbol id="sm-efd">
         <name>__aeabi_memset8</name>
         <value>0xa687</value>
         <object_component_ref idref="oc-bf"/>
      </symbol>
      <symbol id="sm-efe">
         <name>__aeabi_memset4</name>
         <value>0xa687</value>
         <object_component_ref idref="oc-bf"/>
      </symbol>
      <symbol id="sm-eff">
         <name>__aeabi_memclr8</name>
         <value>0xa685</value>
         <object_component_ref idref="oc-bf"/>
      </symbol>
      <symbol id="sm-f00">
         <name>__aeabi_memclr4</name>
         <value>0xa685</value>
         <object_component_ref idref="oc-bf"/>
      </symbol>
      <symbol id="sm-f01">
         <name>__aeabi_memclr</name>
         <value>0xa685</value>
         <object_component_ref idref="oc-bf"/>
      </symbol>
      <symbol id="sm-f13">
         <name>__TI_zero_init</name>
         <value>0xb165</value>
         <object_component_ref idref="oc-58"/>
      </symbol>
      <symbol id="sm-f2a">
         <name>__TI_decompress_none</name>
         <value>0xb157</value>
         <object_component_ref idref="oc-18"/>
      </symbol>
      <symbol id="sm-f4d">
         <name>__TI_decompress_lzss</name>
         <value>0xa92d</value>
         <object_component_ref idref="oc-12"/>
      </symbol>
      <symbol id="sm-f60">
         <name>__stack</name>
         <value>0x2000cb60</value>
         <object_component_ref idref="oc-21"/>
      </symbol>
      <symbol id="sm-f61">
         <name>_c_int00_noargs</name>
         <value>0xae61</value>
         <object_component_ref idref="oc-64"/>
      </symbol>
      <symbol id="sm-f77">
         <name>__aeabi_errno_addr</name>
         <value>0xb17d</value>
         <object_component_ref idref="oc-2b3"/>
      </symbol>
      <symbol id="sm-f78">
         <name>errno</name>
         <value>0x2000cb5c</value>
         <object_component_ref idref="oc-3a7"/>
      </symbol>
      <symbol id="sm-f9e">
         <name>C$$EXIT</name>
         <value>0xb18f</value>
         <object_component_ref idref="oc-19c"/>
      </symbol>
      <symbol id="sm-f9f">
         <name>abort</name>
         <value>0xb18f</value>
         <object_component_ref idref="oc-19c"/>
      </symbol>
      <symbol id="sm-fa0">
         <name>__TI_dtors_ptr</name>
         <value>0x2000cb20</value>
         <object_component_ref idref="oc-2c5"/>
      </symbol>
      <symbol id="sm-fa1">
         <name>__TI_cleanup_ptr</name>
         <value>0x2000cb1c</value>
         <object_component_ref idref="oc-2c5"/>
      </symbol>
      <symbol id="sm-fa2">
         <name>__TI_enable_exit_profile_output</name>
         <value>0x2000cb24</value>
         <object_component_ref idref="oc-2c5"/>
      </symbol>
      <symbol id="sm-fa3">
         <name>exit</name>
         <value>0xac15</value>
         <object_component_ref idref="oc-1a2"/>
      </symbol>
      <symbol id="sm-fb8">
         <name>_nop</name>
         <value>0x956b</value>
         <object_component_ref idref="oc-3bb"/>
      </symbol>
      <symbol id="sm-fb9">
         <name>_lock</name>
         <value>0x2000cb40</value>
         <object_component_ref idref="oc-2c8"/>
      </symbol>
      <symbol id="sm-fba">
         <name>_unlock</name>
         <value>0x2000cb44</value>
         <object_component_ref idref="oc-2c8"/>
      </symbol>
      <symbol id="sm-fdd">
         <name>perror</name>
         <value>0xa389</value>
         <object_component_ref idref="oc-189"/>
      </symbol>
      <symbol id="sm-fe7">
         <name>__aeabi_idiv0</name>
         <value>0x998b</value>
         <object_component_ref idref="oc-37c"/>
      </symbol>
      <symbol id="sm-fe8">
         <name>__aeabi_ldiv0</name>
         <value>0x998b</value>
         <object_component_ref idref="oc-37c"/>
      </symbol>
      <symbol id="sm-1010">
         <name>__TI_auto_init_nobinit_nopinit</name>
         <value>0xace5</value>
         <object_component_ref idref="oc-1a8"/>
      </symbol>
      <symbol id="sm-101a">
         <name>_system_pre_init</name>
         <value>0xb18b</value>
         <object_component_ref idref="oc-c5"/>
      </symbol>
      <symbol id="sm-1030">
         <name>__TI_tmpnams</name>
         <value>0x2000c6e0</value>
      </symbol>
      <symbol id="sm-1031">
         <name>__aeabi_stdout</name>
         <value>0x2000cb14</value>
         <object_component_ref idref="oc-4b5"/>
      </symbol>
      <symbol id="sm-1032">
         <name>__aeabi_stderr</name>
         <value>0x2000cb18</value>
         <object_component_ref idref="oc-4b5"/>
      </symbol>
      <symbol id="sm-1033">
         <name>__aeabi_stdin</name>
         <value>0x2000cb10</value>
         <object_component_ref idref="oc-4b5"/>
      </symbol>
      <symbol id="sm-1034">
         <name>_ftable</name>
         <value>0x2000c920</value>
         <object_component_ref idref="oc-2bf"/>
      </symbol>
      <symbol id="sm-1035">
         <name>__TI_ft_end</name>
         <value>0x2000cb0c</value>
         <object_component_ref idref="oc-4b5"/>
      </symbol>
      <symbol id="sm-104a">
         <name>putc</name>
         <value>0xa4ed</value>
         <object_component_ref idref="oc-2b9"/>
      </symbol>
      <symbol id="sm-104b">
         <name>fputc</name>
         <value>0xa4ed</value>
         <object_component_ref idref="oc-2b9"/>
      </symbol>
      <symbol id="sm-1069">
         <name>fputs</name>
         <value>0x9d01</value>
         <object_component_ref idref="oc-2ad"/>
      </symbol>
      <symbol id="sm-1079">
         <name>memchr</name>
         <value>0xb0ad</value>
         <object_component_ref idref="oc-393"/>
      </symbol>
      <symbol id="sm-1087">
         <name>strlen</name>
         <value>0xb143</value>
         <object_component_ref idref="oc-38d"/>
      </symbol>
      <symbol id="sm-10ad">
         <name>_stream</name>
         <value>0x2000ca88</value>
         <object_component_ref idref="oc-432"/>
      </symbol>
      <symbol id="sm-10ae">
         <name>_device</name>
         <value>0x2000ca10</value>
         <object_component_ref idref="oc-483"/>
      </symbol>
      <symbol id="sm-10af">
         <name>write</name>
         <value>0xb085</value>
         <object_component_ref idref="oc-39f"/>
      </symbol>
      <symbol id="sm-10c7">
         <name>__TI_wrt_ok</name>
         <value>0xa9f9</value>
         <object_component_ref idref="oc-387"/>
      </symbol>
      <symbol id="sm-10d7">
         <name>__TI_doflush</name>
         <value>0xabc9</value>
         <object_component_ref idref="oc-399"/>
      </symbol>
      <symbol id="sm-10e9">
         <name>fseek</name>
         <value>0xa995</value>
         <object_component_ref idref="oc-41e"/>
      </symbol>
      <symbol id="sm-10f9">
         <name>lseek</name>
         <value>0xb035</value>
         <object_component_ref idref="oc-45a"/>
      </symbol>
      <symbol id="sm-1115">
         <name>setvbuf</name>
         <value>0xa101</value>
         <object_component_ref idref="oc-424"/>
      </symbol>
      <symbol id="sm-1126">
         <name>HOSTclose</name>
         <value>0xac5d</value>
         <object_component_ref idref="oc-4c1"/>
      </symbol>
      <symbol id="sm-1137">
         <name>HOSTlseek</name>
         <value>0xa85d</value>
         <object_component_ref idref="oc-4d3"/>
      </symbol>
      <symbol id="sm-1149">
         <name>parmbuf</name>
         <value>0x2000c8e8</value>
      </symbol>
      <symbol id="sm-114a">
         <name>HOSTopen</name>
         <value>0xaa5d</value>
         <object_component_ref idref="oc-4bb"/>
      </symbol>
      <symbol id="sm-115b">
         <name>HOSTread</name>
         <value>0xab19</value>
         <object_component_ref idref="oc-4c7"/>
      </symbol>
      <symbol id="sm-116c">
         <name>HOSTrename</name>
         <value>0xa8c5</value>
         <object_component_ref idref="oc-4df"/>
      </symbol>
      <symbol id="sm-117d">
         <name>HOSTunlink</name>
         <value>0xaca1</value>
         <object_component_ref idref="oc-4d9"/>
      </symbol>
      <symbol id="sm-118e">
         <name>HOSTwrite</name>
         <value>0xab71</value>
         <object_component_ref idref="oc-4cd"/>
      </symbol>
      <symbol id="sm-11b2">
         <name>__TI_readmsg</name>
         <value>0xaf75</value>
         <object_component_ref idref="oc-505"/>
      </symbol>
      <symbol id="sm-11b3">
         <name>C$$IO$$</name>
         <value>0xae57</value>
         <object_component_ref idref="oc-4ff"/>
      </symbol>
      <symbol id="sm-11b4">
         <name>__CIOBUF_</name>
         <value>0x2000c5c0</value>
         <object_component_ref idref="oc-52d"/>
      </symbol>
      <symbol id="sm-11b5">
         <name>__TI_writemsg</name>
         <value>0xae29</value>
         <object_component_ref idref="oc-4ff"/>
      </symbol>
      <symbol id="sm-1230">
         <name>_sys_memory</name>
         <value>0x2000cd60</value>
         <object_component_ref idref="oc-24"/>
      </symbol>
      <symbol id="sm-1231">
         <name>free</name>
         <value>0xa1dd</value>
         <object_component_ref idref="oc-462"/>
      </symbol>
      <symbol id="sm-1232">
         <name>malloc</name>
         <value>0xa701</value>
         <object_component_ref idref="oc-468"/>
      </symbol>
      <symbol id="sm-1233">
         <name>minit</name>
         <value>0xae99</value>
         <object_component_ref idref="oc-498"/>
      </symbol>
      <symbol id="sm-1243">
         <name>__TI_cleanup</name>
         <value>0xaf41</value>
         <object_component_ref idref="oc-46e"/>
      </symbol>
      <symbol id="sm-1252">
         <name>strcpy</name>
         <value>0xb12f</value>
         <object_component_ref idref="oc-519"/>
      </symbol>
      <symbol id="sm-1267">
         <name>__TI_closefile</name>
         <value>0xa779</value>
         <object_component_ref idref="oc-4af"/>
      </symbol>
      <symbol id="sm-128f">
         <name>finddevice</name>
         <value>0xafa9</value>
         <object_component_ref idref="oc-551"/>
      </symbol>
      <symbol id="sm-1290">
         <name>getdevice</name>
         <value>0xad29</value>
         <object_component_ref idref="oc-523"/>
      </symbol>
      <symbol id="sm-12a1">
         <name>strchr</name>
         <value>0xb105</value>
         <object_component_ref idref="oc-545"/>
      </symbol>
      <symbol id="sm-12b0">
         <name>strcmp</name>
         <value>0xb0ed</value>
         <object_component_ref idref="oc-56a"/>
      </symbol>
      <symbol id="sm-12c0">
         <name>strncpy</name>
         <value>0xaf09</value>
         <object_component_ref idref="oc-54b"/>
      </symbol>
      <symbol id="sm-12d0">
         <name>unlink</name>
         <value>0xb009</value>
         <object_component_ref idref="oc-4f4"/>
      </symbol>
      <symbol id="sm-12e4">
         <name>close</name>
         <value>0xaabd</value>
         <object_component_ref idref="oc-4ee"/>
      </symbol>
      <symbol id="sm-12e5">
         <name>__TI_static_base__</name>
         <value>0x0</value>
      </symbol>
      <symbol id="sm-12e8">
         <name>__mpu_init</name>
         <value>0x0</value>
      </symbol>
      <symbol id="sm-12e9">
         <name>_system_post_cinit</name>
         <value>0x0</value>
      </symbol>
      <symbol id="sm-12ea">
         <name>remove</name>
         <value>0xb009</value>
      </symbol>
   </symbol_table>
   <title>Link successful</title>
</link_info>
