<?xml version="1.0" encoding="ISO-8859-1" ?>
<link_info>
   <banner>TI ARM Linker PC v18.1.1.LTS</banner>
   <copyright>Copyright (c) 1996-2017 Texas Instruments Incorporated</copyright>
   <link_time>0x5ae3e378</link_time>
   <link_errors>0x0</link_errors>
   <output_file>FreeRTOS_tiva_demo.out</output_file>
   <entry_point>
      <name>_c_int00_noargs</name>
      <address>0xc285</address>
   </entry_point>
   <input_file_list>
      <input_file id="fl-2">
         <path>.\</path>
         <kind>object</kind>
         <file>gas_flame.obj</file>
         <name>gas_flame.obj</name>
      </input_file>
      <input_file id="fl-3">
         <path>.\</path>
         <kind>object</kind>
         <file>main.obj</file>
         <name>main.obj</name>
      </input_file>
      <input_file id="fl-4">
         <path>.\</path>
         <kind>object</kind>
         <file>si7021.obj</file>
         <name>si7021.obj</name>
      </input_file>
      <input_file id="fl-5">
         <path>.\</path>
         <kind>object</kind>
         <file>tm4c1294ncpdt_startup_ccs.obj</file>
         <name>tm4c1294ncpdt_startup_ccs.obj</name>
      </input_file>
      <input_file id="fl-6">
         <path>.\</path>
         <kind>object</kind>
         <file>uart.obj</file>
         <name>uart.obj</name>
      </input_file>
      <input_file id="fl-7">
         <path>.\FreeRTOS\</path>
         <kind>object</kind>
         <file>croutine.obj</file>
         <name>croutine.obj</name>
      </input_file>
      <input_file id="fl-8">
         <path>.\FreeRTOS\</path>
         <kind>object</kind>
         <file>event_groups.obj</file>
         <name>event_groups.obj</name>
      </input_file>
      <input_file id="fl-9">
         <path>.\FreeRTOS\</path>
         <kind>object</kind>
         <file>list.obj</file>
         <name>list.obj</name>
      </input_file>
      <input_file id="fl-a">
         <path>.\FreeRTOS\</path>
         <kind>object</kind>
         <file>queue.obj</file>
         <name>queue.obj</name>
      </input_file>
      <input_file id="fl-b">
         <path>.\FreeRTOS\</path>
         <kind>object</kind>
         <file>tasks.obj</file>
         <name>tasks.obj</name>
      </input_file>
      <input_file id="fl-c">
         <path>.\FreeRTOS\</path>
         <kind>object</kind>
         <file>timers.obj</file>
         <name>timers.obj</name>
      </input_file>
      <input_file id="fl-d">
         <path>.\FreeRTOS\portable\CCS\ARM_CM4F\</path>
         <kind>object</kind>
         <file>port.obj</file>
         <name>port.obj</name>
      </input_file>
      <input_file id="fl-e">
         <path>.\FreeRTOS\portable\CCS\ARM_CM4F\</path>
         <kind>object</kind>
         <file>portasm.obj</file>
         <name>portasm.obj</name>
      </input_file>
      <input_file id="fl-f">
         <path>.\FreeRTOS\portable\MemMang\</path>
         <kind>object</kind>
         <file>heap_2.obj</file>
         <name>heap_2.obj</name>
      </input_file>
      <input_file id="fl-10">
         <path>.\driverlib\</path>
         <kind>object</kind>
         <file>adc.obj</file>
         <name>adc.obj</name>
      </input_file>
      <input_file id="fl-11">
         <path>.\driverlib\</path>
         <kind>object</kind>
         <file>aes.obj</file>
         <name>aes.obj</name>
      </input_file>
      <input_file id="fl-12">
         <path>.\driverlib\</path>
         <kind>object</kind>
         <file>can.obj</file>
         <name>can.obj</name>
      </input_file>
      <input_file id="fl-13">
         <path>.\driverlib\</path>
         <kind>object</kind>
         <file>comp.obj</file>
         <name>comp.obj</name>
      </input_file>
      <input_file id="fl-14">
         <path>.\driverlib\</path>
         <kind>object</kind>
         <file>cpu.obj</file>
         <name>cpu.obj</name>
      </input_file>
      <input_file id="fl-15">
         <path>.\driverlib\</path>
         <kind>object</kind>
         <file>crc.obj</file>
         <name>crc.obj</name>
      </input_file>
      <input_file id="fl-16">
         <path>.\driverlib\</path>
         <kind>object</kind>
         <file>des.obj</file>
         <name>des.obj</name>
      </input_file>
      <input_file id="fl-17">
         <path>.\driverlib\</path>
         <kind>object</kind>
         <file>eeprom.obj</file>
         <name>eeprom.obj</name>
      </input_file>
      <input_file id="fl-18">
         <path>.\driverlib\</path>
         <kind>object</kind>
         <file>emac.obj</file>
         <name>emac.obj</name>
      </input_file>
      <input_file id="fl-19">
         <path>.\driverlib\</path>
         <kind>object</kind>
         <file>epi.obj</file>
         <name>epi.obj</name>
      </input_file>
      <input_file id="fl-1a">
         <path>.\driverlib\</path>
         <kind>object</kind>
         <file>epi_workaround_ccs.obj</file>
         <name>epi_workaround_ccs.obj</name>
      </input_file>
      <input_file id="fl-1b">
         <path>.\driverlib\</path>
         <kind>object</kind>
         <file>flash.obj</file>
         <name>flash.obj</name>
      </input_file>
      <input_file id="fl-1c">
         <path>.\driverlib\</path>
         <kind>object</kind>
         <file>fpu.obj</file>
         <name>fpu.obj</name>
      </input_file>
      <input_file id="fl-1d">
         <path>.\driverlib\</path>
         <kind>object</kind>
         <file>gpio.obj</file>
         <name>gpio.obj</name>
      </input_file>
      <input_file id="fl-1e">
         <path>.\driverlib\</path>
         <kind>object</kind>
         <file>hibernate.obj</file>
         <name>hibernate.obj</name>
      </input_file>
      <input_file id="fl-1f">
         <path>.\driverlib\</path>
         <kind>object</kind>
         <file>i2c.obj</file>
         <name>i2c.obj</name>
      </input_file>
      <input_file id="fl-20">
         <path>.\driverlib\</path>
         <kind>object</kind>
         <file>interrupt.obj</file>
         <name>interrupt.obj</name>
      </input_file>
      <input_file id="fl-21">
         <path>.\driverlib\</path>
         <kind>object</kind>
         <file>lcd.obj</file>
         <name>lcd.obj</name>
      </input_file>
      <input_file id="fl-22">
         <path>.\driverlib\</path>
         <kind>object</kind>
         <file>mpu.obj</file>
         <name>mpu.obj</name>
      </input_file>
      <input_file id="fl-23">
         <path>.\driverlib\</path>
         <kind>object</kind>
         <file>pwm.obj</file>
         <name>pwm.obj</name>
      </input_file>
      <input_file id="fl-24">
         <path>.\driverlib\</path>
         <kind>object</kind>
         <file>qei.obj</file>
         <name>qei.obj</name>
      </input_file>
      <input_file id="fl-25">
         <path>.\driverlib\</path>
         <kind>object</kind>
         <file>shamd5.obj</file>
         <name>shamd5.obj</name>
      </input_file>
      <input_file id="fl-26">
         <path>.\driverlib\</path>
         <kind>object</kind>
         <file>ssi.obj</file>
         <name>ssi.obj</name>
      </input_file>
      <input_file id="fl-27">
         <path>.\driverlib\</path>
         <kind>object</kind>
         <file>sw_crc.obj</file>
         <name>sw_crc.obj</name>
      </input_file>
      <input_file id="fl-28">
         <path>.\driverlib\</path>
         <kind>object</kind>
         <file>sysctl.obj</file>
         <name>sysctl.obj</name>
      </input_file>
      <input_file id="fl-29">
         <path>.\driverlib\</path>
         <kind>object</kind>
         <file>sysexc.obj</file>
         <name>sysexc.obj</name>
      </input_file>
      <input_file id="fl-2a">
         <path>.\driverlib\</path>
         <kind>object</kind>
         <file>systick.obj</file>
         <name>systick.obj</name>
      </input_file>
      <input_file id="fl-2b">
         <path>.\driverlib\</path>
         <kind>object</kind>
         <file>timer.obj</file>
         <name>timer.obj</name>
      </input_file>
      <input_file id="fl-2c">
         <path>.\driverlib\</path>
         <kind>object</kind>
         <file>uart.obj</file>
         <name>uart.obj</name>
      </input_file>
      <input_file id="fl-2d">
         <path>.\driverlib\</path>
         <kind>object</kind>
         <file>udma.obj</file>
         <name>udma.obj</name>
      </input_file>
      <input_file id="fl-2e">
         <path>.\driverlib\</path>
         <kind>object</kind>
         <file>usb.obj</file>
         <name>usb.obj</name>
      </input_file>
      <input_file id="fl-2f">
         <path>.\driverlib\</path>
         <kind>object</kind>
         <file>watchdog.obj</file>
         <name>watchdog.obj</name>
      </input_file>
      <input_file id="fl-30">
         <path>.\drivers\</path>
         <kind>object</kind>
         <file>pinout.obj</file>
         <name>pinout.obj</name>
      </input_file>
      <input_file id="fl-31">
         <path>.\utils\</path>
         <kind>object</kind>
         <file>uartstdio.obj</file>
         <name>uartstdio.obj</name>
      </input_file>
      <input_file id="fl-35">
         <kind>object</kind>
         <file>&lt;internal&gt;</file>
         <name>&lt;internal&gt;</name>
      </input_file>
      <input_file id="fl-eb">
         <path>C:\ti\ccsv8\tools\compiler\ti-cgt-arm_18.1.1.LTS\lib\</path>
         <kind>archive</kind>
         <file>rtsv7M4_T_le_v4SPD16_eabi.lib</file>
         <name>e_pow.c.obj</name>
      </input_file>
      <input_file id="fl-ec">
         <path>C:\ti\ccsv8\tools\compiler\ti-cgt-arm_18.1.1.LTS\lib\</path>
         <kind>archive</kind>
         <file>rtsv7M4_T_le_v4SPD16_eabi.lib</file>
         <name>e_sqrt.c.obj</name>
      </input_file>
      <input_file id="fl-ed">
         <path>C:\ti\ccsv8\tools\compiler\ti-cgt-arm_18.1.1.LTS\lib\</path>
         <kind>archive</kind>
         <file>rtsv7M4_T_le_v4SPD16_eabi.lib</file>
         <name>s_scalbn.c.obj</name>
      </input_file>
      <input_file id="fl-ee">
         <path>C:\ti\ccsv8\tools\compiler\ti-cgt-arm_18.1.1.LTS\lib\</path>
         <kind>archive</kind>
         <file>rtsv7M4_T_le_v4SPD16_eabi.lib</file>
         <name>s_copysign.c.obj</name>
      </input_file>
      <input_file id="fl-ef">
         <path>C:\ti\ccsv8\tools\compiler\ti-cgt-arm_18.1.1.LTS\lib\</path>
         <kind>archive</kind>
         <file>rtsv7M4_T_le_v4SPD16_eabi.lib</file>
         <name>u_divt2.asm.obj</name>
      </input_file>
      <input_file id="fl-f0">
         <path>C:\ti\ccsv8\tools\compiler\ti-cgt-arm_18.1.1.LTS\lib\</path>
         <kind>archive</kind>
         <file>rtsv7M4_T_le_v4SPD16_eabi.lib</file>
         <name>fd_add_t2.asm.obj</name>
      </input_file>
      <input_file id="fl-f1">
         <path>C:\ti\ccsv8\tools\compiler\ti-cgt-arm_18.1.1.LTS\lib\</path>
         <kind>archive</kind>
         <file>rtsv7M4_T_le_v4SPD16_eabi.lib</file>
         <name>fd_cmp_t2.asm.obj</name>
      </input_file>
      <input_file id="fl-f2">
         <path>C:\ti\ccsv8\tools\compiler\ti-cgt-arm_18.1.1.LTS\lib\</path>
         <kind>archive</kind>
         <file>rtsv7M4_T_le_v4SPD16_eabi.lib</file>
         <name>fd_div_t2.asm.obj</name>
      </input_file>
      <input_file id="fl-f3">
         <path>C:\ti\ccsv8\tools\compiler\ti-cgt-arm_18.1.1.LTS\lib\</path>
         <kind>archive</kind>
         <file>rtsv7M4_T_le_v4SPD16_eabi.lib</file>
         <name>fd_mul_t2.asm.obj</name>
      </input_file>
      <input_file id="fl-f4">
         <path>C:\ti\ccsv8\tools\compiler\ti-cgt-arm_18.1.1.LTS\lib\</path>
         <kind>archive</kind>
         <file>rtsv7M4_T_le_v4SPD16_eabi.lib</file>
         <name>fd_tos_t2.asm.obj</name>
      </input_file>
      <input_file id="fl-f5">
         <path>C:\ti\ccsv8\tools\compiler\ti-cgt-arm_18.1.1.LTS\lib\</path>
         <kind>archive</kind>
         <file>rtsv7M4_T_le_v4SPD16_eabi.lib</file>
         <name>fs_tod_t2.asm.obj</name>
      </input_file>
      <input_file id="fl-f6">
         <path>C:\ti\ccsv8\tools\compiler\ti-cgt-arm_18.1.1.LTS\lib\</path>
         <kind>archive</kind>
         <file>rtsv7M4_T_le_v4SPD16_eabi.lib</file>
         <name>i_tofd_t2.asm.obj</name>
      </input_file>
      <input_file id="fl-f7">
         <path>C:\ti\ccsv8\tools\compiler\ti-cgt-arm_18.1.1.LTS\lib\</path>
         <kind>archive</kind>
         <file>rtsv7M4_T_le_v4SPD16_eabi.lib</file>
         <name>memcpy_t2.asm.obj</name>
      </input_file>
      <input_file id="fl-f8">
         <path>C:\ti\ccsv8\tools\compiler\ti-cgt-arm_18.1.1.LTS\lib\</path>
         <kind>archive</kind>
         <file>rtsv7M4_T_le_v4SPD16_eabi.lib</file>
         <name>u_tofd_t2.asm.obj</name>
      </input_file>
      <input_file id="fl-f9">
         <path>C:\ti\ccsv8\tools\compiler\ti-cgt-arm_18.1.1.LTS\lib\</path>
         <kind>archive</kind>
         <file>rtsv7M4_T_le_v4SPD16_eabi.lib</file>
         <name>memset_t2.asm.obj</name>
      </input_file>
      <input_file id="fl-fa">
         <path>C:\ti\ccsv8\tools\compiler\ti-cgt-arm_18.1.1.LTS\lib\</path>
         <kind>archive</kind>
         <file>rtsv7M4_T_le_v4SPD16_eabi.lib</file>
         <name>copy_zero_init.c.obj</name>
      </input_file>
      <input_file id="fl-fb">
         <path>C:\ti\ccsv8\tools\compiler\ti-cgt-arm_18.1.1.LTS\lib\</path>
         <kind>archive</kind>
         <file>rtsv7M4_T_le_v4SPD16_eabi.lib</file>
         <name>copy_decompress_none.c.obj</name>
      </input_file>
      <input_file id="fl-fc">
         <path>C:\ti\ccsv8\tools\compiler\ti-cgt-arm_18.1.1.LTS\lib\</path>
         <kind>archive</kind>
         <file>rtsv7M4_T_le_v4SPD16_eabi.lib</file>
         <name>copy_decompress_lzss.c.obj</name>
      </input_file>
      <input_file id="fl-fd">
         <path>C:\ti\ccsv8\tools\compiler\ti-cgt-arm_18.1.1.LTS\lib\</path>
         <kind>archive</kind>
         <file>rtsv7M4_T_le_v4SPD16_eabi.lib</file>
         <name>boot_cortex_m.c.obj</name>
      </input_file>
      <input_file id="fl-fe">
         <path>C:\ti\ccsv8\tools\compiler\ti-cgt-arm_18.1.1.LTS\lib\</path>
         <kind>archive</kind>
         <file>rtsv7M4_T_le_v4SPD16_eabi.lib</file>
         <name>errno.c.obj</name>
      </input_file>
      <input_file id="fl-ff">
         <path>C:\ti\ccsv8\tools\compiler\ti-cgt-arm_18.1.1.LTS\lib\</path>
         <kind>archive</kind>
         <file>rtsv7M4_T_le_v4SPD16_eabi.lib</file>
         <name>exit.c.obj</name>
      </input_file>
      <input_file id="fl-100">
         <path>C:\ti\ccsv8\tools\compiler\ti-cgt-arm_18.1.1.LTS\lib\</path>
         <kind>archive</kind>
         <file>rtsv7M4_T_le_v4SPD16_eabi.lib</file>
         <name>_lock.c.obj</name>
      </input_file>
      <input_file id="fl-101">
         <path>C:\ti\ccsv8\tools\compiler\ti-cgt-arm_18.1.1.LTS\lib\</path>
         <kind>archive</kind>
         <file>rtsv7M4_T_le_v4SPD16_eabi.lib</file>
         <name>args_main.c.obj</name>
      </input_file>
      <input_file id="fl-102">
         <path>C:\ti\ccsv8\tools\compiler\ti-cgt-arm_18.1.1.LTS\lib\</path>
         <kind>archive</kind>
         <file>rtsv7M4_T_le_v4SPD16_eabi.lib</file>
         <name>perror.c.obj</name>
      </input_file>
      <input_file id="fl-103">
         <path>C:\ti\ccsv8\tools\compiler\ti-cgt-arm_18.1.1.LTS\lib\</path>
         <kind>archive</kind>
         <file>rtsv7M4_T_le_v4SPD16_eabi.lib</file>
         <name>sprintf.c.obj</name>
      </input_file>
      <input_file id="fl-104">
         <path>C:\ti\ccsv8\tools\compiler\ti-cgt-arm_18.1.1.LTS\lib\</path>
         <kind>archive</kind>
         <file>rtsv7M4_T_le_v4SPD16_eabi.lib</file>
         <name>strlen.c.obj</name>
      </input_file>
      <input_file id="fl-105">
         <path>C:\ti\ccsv8\tools\compiler\ti-cgt-arm_18.1.1.LTS\lib\</path>
         <kind>archive</kind>
         <file>rtsv7M4_T_le_v4SPD16_eabi.lib</file>
         <name>div0.asm.obj</name>
      </input_file>
      <input_file id="fl-106">
         <path>C:\ti\ccsv8\tools\compiler\ti-cgt-arm_18.1.1.LTS\lib\</path>
         <kind>archive</kind>
         <file>rtsv7M4_T_le_v4SPD16_eabi.lib</file>
         <name>autoinit.c.obj</name>
      </input_file>
      <input_file id="fl-107">
         <path>C:\ti\ccsv8\tools\compiler\ti-cgt-arm_18.1.1.LTS\lib\</path>
         <kind>archive</kind>
         <file>rtsv7M4_T_le_v4SPD16_eabi.lib</file>
         <name>pre_init.c.obj</name>
      </input_file>
      <input_file id="fl-108">
         <path>C:\ti\ccsv8\tools\compiler\ti-cgt-arm_18.1.1.LTS\lib\</path>
         <kind>archive</kind>
         <file>rtsv7M4_T_le_v4SPD16_eabi.lib</file>
         <name>cpy_tbl.c.obj</name>
      </input_file>
      <input_file id="fl-109">
         <path>C:\ti\ccsv8\tools\compiler\ti-cgt-arm_18.1.1.LTS\lib\</path>
         <kind>archive</kind>
         <file>rtsv7M4_T_le_v4SPD16_eabi.lib</file>
         <name>_printfi.c.obj</name>
      </input_file>
      <input_file id="fl-10a">
         <path>C:\ti\ccsv8\tools\compiler\ti-cgt-arm_18.1.1.LTS\lib\</path>
         <kind>archive</kind>
         <file>rtsv7M4_T_le_v4SPD16_eabi.lib</file>
         <name>atoi.c.obj</name>
      </input_file>
      <input_file id="fl-10b">
         <path>C:\ti\ccsv8\tools\compiler\ti-cgt-arm_18.1.1.LTS\lib\</path>
         <kind>archive</kind>
         <file>rtsv7M4_T_le_v4SPD16_eabi.lib</file>
         <name>ctype.c.obj</name>
      </input_file>
      <input_file id="fl-10c">
         <path>C:\ti\ccsv8\tools\compiler\ti-cgt-arm_18.1.1.LTS\lib\</path>
         <kind>archive</kind>
         <file>rtsv7M4_T_le_v4SPD16_eabi.lib</file>
         <name>defs.c.obj</name>
      </input_file>
      <input_file id="fl-10d">
         <path>C:\ti\ccsv8\tools\compiler\ti-cgt-arm_18.1.1.LTS\lib\</path>
         <kind>archive</kind>
         <file>rtsv7M4_T_le_v4SPD16_eabi.lib</file>
         <name>fputc.c.obj</name>
      </input_file>
      <input_file id="fl-10e">
         <path>C:\ti\ccsv8\tools\compiler\ti-cgt-arm_18.1.1.LTS\lib\</path>
         <kind>archive</kind>
         <file>rtsv7M4_T_le_v4SPD16_eabi.lib</file>
         <name>fputs.c.obj</name>
      </input_file>
      <input_file id="fl-10f">
         <path>C:\ti\ccsv8\tools\compiler\ti-cgt-arm_18.1.1.LTS\lib\</path>
         <kind>archive</kind>
         <file>rtsv7M4_T_le_v4SPD16_eabi.lib</file>
         <name>ltoa.c.obj</name>
      </input_file>
      <input_file id="fl-110">
         <path>C:\ti\ccsv8\tools\compiler\ti-cgt-arm_18.1.1.LTS\lib\</path>
         <kind>archive</kind>
         <file>rtsv7M4_T_le_v4SPD16_eabi.lib</file>
         <name>memccpy.c.obj</name>
      </input_file>
      <input_file id="fl-111">
         <path>C:\ti\ccsv8\tools\compiler\ti-cgt-arm_18.1.1.LTS\lib\</path>
         <kind>archive</kind>
         <file>rtsv7M4_T_le_v4SPD16_eabi.lib</file>
         <name>memchr.c.obj</name>
      </input_file>
      <input_file id="fl-112">
         <path>C:\ti\ccsv8\tools\compiler\ti-cgt-arm_18.1.1.LTS\lib\</path>
         <kind>archive</kind>
         <file>rtsv7M4_T_le_v4SPD16_eabi.lib</file>
         <name>strchr.c.obj</name>
      </input_file>
      <input_file id="fl-113">
         <path>C:\ti\ccsv8\tools\compiler\ti-cgt-arm_18.1.1.LTS\lib\</path>
         <kind>archive</kind>
         <file>rtsv7M4_T_le_v4SPD16_eabi.lib</file>
         <name>write.c.obj</name>
      </input_file>
      <input_file id="fl-114">
         <path>C:\ti\ccsv8\tools\compiler\ti-cgt-arm_18.1.1.LTS\lib\</path>
         <kind>archive</kind>
         <file>rtsv7M4_T_le_v4SPD16_eabi.lib</file>
         <name>s_frexp.c.obj</name>
      </input_file>
      <input_file id="fl-115">
         <path>C:\ti\ccsv8\tools\compiler\ti-cgt-arm_18.1.1.LTS\lib\</path>
         <kind>archive</kind>
         <file>rtsv7M4_T_le_v4SPD16_eabi.lib</file>
         <name>wcslen.c.obj</name>
      </input_file>
      <input_file id="fl-116">
         <path>C:\ti\ccsv8\tools\compiler\ti-cgt-arm_18.1.1.LTS\lib\</path>
         <kind>archive</kind>
         <file>rtsv7M4_T_le_v4SPD16_eabi.lib</file>
         <name>fd_toi_t2.asm.obj</name>
      </input_file>
      <input_file id="fl-117">
         <path>C:\ti\ccsv8\tools\compiler\ti-cgt-arm_18.1.1.LTS\lib\</path>
         <kind>archive</kind>
         <file>rtsv7M4_T_le_v4SPD16_eabi.lib</file>
         <name>ull_div_t2.asm.obj</name>
      </input_file>
      <input_file id="fl-118">
         <path>C:\ti\ccsv8\tools\compiler\ti-cgt-arm_18.1.1.LTS\lib\</path>
         <kind>archive</kind>
         <file>rtsv7M4_T_le_v4SPD16_eabi.lib</file>
         <name>_io_perm.c.obj</name>
      </input_file>
      <input_file id="fl-119">
         <path>C:\ti\ccsv8\tools\compiler\ti-cgt-arm_18.1.1.LTS\lib\</path>
         <kind>archive</kind>
         <file>rtsv7M4_T_le_v4SPD16_eabi.lib</file>
         <name>fflush.c.obj</name>
      </input_file>
      <input_file id="fl-11a">
         <path>C:\ti\ccsv8\tools\compiler\ti-cgt-arm_18.1.1.LTS\lib\</path>
         <kind>archive</kind>
         <file>rtsv7M4_T_le_v4SPD16_eabi.lib</file>
         <name>fseek.c.obj</name>
      </input_file>
      <input_file id="fl-11b">
         <path>C:\ti\ccsv8\tools\compiler\ti-cgt-arm_18.1.1.LTS\lib\</path>
         <kind>archive</kind>
         <file>rtsv7M4_T_le_v4SPD16_eabi.lib</file>
         <name>lseek.c.obj</name>
      </input_file>
      <input_file id="fl-11c">
         <path>C:\ti\ccsv8\tools\compiler\ti-cgt-arm_18.1.1.LTS\lib\</path>
         <kind>archive</kind>
         <file>rtsv7M4_T_le_v4SPD16_eabi.lib</file>
         <name>setvbuf.c.obj</name>
      </input_file>
      <input_file id="fl-11d">
         <path>C:\ti\ccsv8\tools\compiler\ti-cgt-arm_18.1.1.LTS\lib\</path>
         <kind>archive</kind>
         <file>rtsv7M4_T_le_v4SPD16_eabi.lib</file>
         <name>hostclose.c.obj</name>
      </input_file>
      <input_file id="fl-11e">
         <path>C:\ti\ccsv8\tools\compiler\ti-cgt-arm_18.1.1.LTS\lib\</path>
         <kind>archive</kind>
         <file>rtsv7M4_T_le_v4SPD16_eabi.lib</file>
         <name>hostlseek.c.obj</name>
      </input_file>
      <input_file id="fl-11f">
         <path>C:\ti\ccsv8\tools\compiler\ti-cgt-arm_18.1.1.LTS\lib\</path>
         <kind>archive</kind>
         <file>rtsv7M4_T_le_v4SPD16_eabi.lib</file>
         <name>hostopen.c.obj</name>
      </input_file>
      <input_file id="fl-120">
         <path>C:\ti\ccsv8\tools\compiler\ti-cgt-arm_18.1.1.LTS\lib\</path>
         <kind>archive</kind>
         <file>rtsv7M4_T_le_v4SPD16_eabi.lib</file>
         <name>hostread.c.obj</name>
      </input_file>
      <input_file id="fl-121">
         <path>C:\ti\ccsv8\tools\compiler\ti-cgt-arm_18.1.1.LTS\lib\</path>
         <kind>archive</kind>
         <file>rtsv7M4_T_le_v4SPD16_eabi.lib</file>
         <name>hostrename.c.obj</name>
      </input_file>
      <input_file id="fl-122">
         <path>C:\ti\ccsv8\tools\compiler\ti-cgt-arm_18.1.1.LTS\lib\</path>
         <kind>archive</kind>
         <file>rtsv7M4_T_le_v4SPD16_eabi.lib</file>
         <name>hostunlink.c.obj</name>
      </input_file>
      <input_file id="fl-123">
         <path>C:\ti\ccsv8\tools\compiler\ti-cgt-arm_18.1.1.LTS\lib\</path>
         <kind>archive</kind>
         <file>rtsv7M4_T_le_v4SPD16_eabi.lib</file>
         <name>hostwrite.c.obj</name>
      </input_file>
      <input_file id="fl-124">
         <path>C:\ti\ccsv8\tools\compiler\ti-cgt-arm_18.1.1.LTS\lib\</path>
         <kind>archive</kind>
         <file>rtsv7M4_T_le_v4SPD16_eabi.lib</file>
         <name>trgmsg.c.obj</name>
      </input_file>
      <input_file id="fl-125">
         <path>C:\ti\ccsv8\tools\compiler\ti-cgt-arm_18.1.1.LTS\lib\</path>
         <kind>archive</kind>
         <file>rtsv7M4_T_le_v4SPD16_eabi.lib</file>
         <name>memory.c.obj</name>
      </input_file>
      <input_file id="fl-126">
         <path>C:\ti\ccsv8\tools\compiler\ti-cgt-arm_18.1.1.LTS\lib\</path>
         <kind>archive</kind>
         <file>rtsv7M4_T_le_v4SPD16_eabi.lib</file>
         <name>fopen.c.obj</name>
      </input_file>
      <input_file id="fl-127">
         <path>C:\ti\ccsv8\tools\compiler\ti-cgt-arm_18.1.1.LTS\lib\</path>
         <kind>archive</kind>
         <file>rtsv7M4_T_le_v4SPD16_eabi.lib</file>
         <name>open.c.obj</name>
      </input_file>
      <input_file id="fl-128">
         <path>C:\ti\ccsv8\tools\compiler\ti-cgt-arm_18.1.1.LTS\lib\</path>
         <kind>archive</kind>
         <file>rtsv7M4_T_le_v4SPD16_eabi.lib</file>
         <name>strcpy.c.obj</name>
      </input_file>
      <input_file id="fl-129">
         <path>C:\ti\ccsv8\tools\compiler\ti-cgt-arm_18.1.1.LTS\lib\</path>
         <kind>archive</kind>
         <file>rtsv7M4_T_le_v4SPD16_eabi.lib</file>
         <name>fclose.c.obj</name>
      </input_file>
      <input_file id="fl-12a">
         <path>C:\ti\ccsv8\tools\compiler\ti-cgt-arm_18.1.1.LTS\lib\</path>
         <kind>archive</kind>
         <file>rtsv7M4_T_le_v4SPD16_eabi.lib</file>
         <name>getdevice.c.obj</name>
      </input_file>
      <input_file id="fl-12b">
         <path>C:\ti\ccsv8\tools\compiler\ti-cgt-arm_18.1.1.LTS\lib\</path>
         <kind>archive</kind>
         <file>rtsv7M4_T_le_v4SPD16_eabi.lib</file>
         <name>remove.c.obj</name>
      </input_file>
      <input_file id="fl-12c">
         <path>C:\ti\ccsv8\tools\compiler\ti-cgt-arm_18.1.1.LTS\lib\</path>
         <kind>archive</kind>
         <file>rtsv7M4_T_le_v4SPD16_eabi.lib</file>
         <name>strcmp.c.obj</name>
      </input_file>
      <input_file id="fl-12d">
         <path>C:\ti\ccsv8\tools\compiler\ti-cgt-arm_18.1.1.LTS\lib\</path>
         <kind>archive</kind>
         <file>rtsv7M4_T_le_v4SPD16_eabi.lib</file>
         <name>strncpy.c.obj</name>
      </input_file>
      <input_file id="fl-12e">
         <path>C:\ti\ccsv8\tools\compiler\ti-cgt-arm_18.1.1.LTS\lib\</path>
         <kind>archive</kind>
         <file>rtsv7M4_T_le_v4SPD16_eabi.lib</file>
         <name>unlink.c.obj</name>
      </input_file>
      <input_file id="fl-12f">
         <path>C:\ti\ccsv8\tools\compiler\ti-cgt-arm_18.1.1.LTS\lib\</path>
         <kind>archive</kind>
         <file>rtsv7M4_T_le_v4SPD16_eabi.lib</file>
         <name>close.c.obj</name>
      </input_file>
   </input_file_list>
   <object_component_list>
      <object_component id="oc-f">
         <name>.intvecs</name>
         <load_address>0x0</load_address>
         <run_address>0x0</run_address>
         <size>0x208</size>
         <input_file_ref idref="fl-5"/>
      </object_component>
      <object_component id="oc-83">
         <name>.text</name>
         <load_address>0x208</load_address>
         <run_address>0x208</run_address>
         <size>0x17b0</size>
         <input_file_ref idref="fl-b"/>
      </object_component>
      <object_component id="oc-14c">
         <name>.text</name>
         <load_address>0x19b8</load_address>
         <run_address>0x19b8</run_address>
         <size>0x15cc</size>
         <input_file_ref idref="fl-28"/>
      </object_component>
      <object_component id="oc-164">
         <name>.text</name>
         <load_address>0x2f84</load_address>
         <run_address>0x2f84</run_address>
         <size>0x114c</size>
         <input_file_ref idref="fl-1d"/>
      </object_component>
      <object_component id="oc-178">
         <name>.text</name>
         <load_address>0x40d0</load_address>
         <run_address>0x40d0</run_address>
         <size>0xfb4</size>
         <input_file_ref idref="fl-10"/>
      </object_component>
      <object_component id="oc-293">
         <name>.text</name>
         <load_address>0x5084</load_address>
         <run_address>0x5084</run_address>
         <size>0xb4c</size>
         <input_file_ref idref="fl-1f"/>
      </object_component>
      <object_component id="oc-140">
         <name>.text</name>
         <load_address>0x5bd0</load_address>
         <run_address>0x5bd0</run_address>
         <size>0xad0</size>
         <input_file_ref idref="fl-a"/>
      </object_component>
      <object_component id="oc-2b7">
         <name>.text:__TI_printfi</name>
         <load_address>0x66a0</load_address>
         <run_address>0x66a0</run_address>
         <size>0xa5e</size>
         <input_file_ref idref="fl-109"/>
      </object_component>
      <object_component id="oc-403">
         <name>.text:_nop</name>
         <load_address>0x70fe</load_address>
         <run_address>0x70fe</run_address>
         <size>0x2</size>
         <input_file_ref idref="fl-100"/>
      </object_component>
      <object_component id="oc-146">
         <name>.text</name>
         <load_address>0x7100</load_address>
         <run_address>0x7100</run_address>
         <size>0xa50</size>
         <input_file_ref idref="fl-2c"/>
      </object_component>
      <object_component id="oc-27f">
         <name>.text:pow</name>
         <load_address>0x7b50</load_address>
         <run_address>0x7b50</run_address>
         <size>0x9c0</size>
         <input_file_ref idref="fl-eb"/>
      </object_component>
      <object_component id="oc-cb">
         <name>.text</name>
         <load_address>0x8510</load_address>
         <run_address>0x8510</run_address>
         <size>0x918</size>
         <input_file_ref idref="fl-3"/>
      </object_component>
      <object_component id="oc-10b">
         <name>.text</name>
         <load_address>0x8e28</load_address>
         <run_address>0x8e28</run_address>
         <size>0x578</size>
         <input_file_ref idref="fl-c"/>
      </object_component>
      <object_component id="oc-24d">
         <name>.text</name>
         <load_address>0x93a0</load_address>
         <run_address>0x93a0</run_address>
         <size>0x490</size>
         <input_file_ref idref="fl-20"/>
      </object_component>
      <object_component id="oc-15e">
         <name>.text</name>
         <load_address>0x9830</load_address>
         <run_address>0x9830</run_address>
         <size>0x324</size>
         <input_file_ref idref="fl-30"/>
      </object_component>
      <object_component id="oc-3b1">
         <name>.text:_pconv_a</name>
         <load_address>0x9b54</load_address>
         <run_address>0x9b54</run_address>
         <size>0x270</size>
         <input_file_ref idref="fl-109"/>
      </object_component>
      <object_component id="oc-39f">
         <name>.text:_pconv_g</name>
         <load_address>0x9dc4</load_address>
         <run_address>0x9dc4</run_address>
         <size>0x1d0</size>
         <input_file_ref idref="fl-109"/>
      </object_component>
      <object_component id="oc-f3">
         <name>.text</name>
         <load_address>0x9f94</load_address>
         <run_address>0x9f94</run_address>
         <size>0x1b8</size>
         <input_file_ref idref="fl-f"/>
      </object_component>
      <object_component id="oc-299">
         <name>.text</name>
         <load_address>0xa14c</load_address>
         <run_address>0xa14c</run_address>
         <size>0x1b6</size>
         <input_file_ref idref="fl-f0"/>
      </object_component>
      <object_component id="oc-4f4">
         <name>.text</name>
         <load_address>0xa302</load_address>
         <run_address>0xa302</run_address>
         <size>0x2</size>
         <input_file_ref idref="fl-105"/>
      </object_component>
      <object_component id="oc-16a">
         <name>.text</name>
         <load_address>0xa304</load_address>
         <run_address>0xa304</run_address>
         <size>0x190</size>
         <input_file_ref idref="fl-4"/>
      </object_component>
      <object_component id="oc-158">
         <name>.text</name>
         <load_address>0xa494</load_address>
         <run_address>0xa494</run_address>
         <size>0x168</size>
         <input_file_ref idref="fl-2"/>
      </object_component>
      <object_component id="oc-360">
         <name>.text:sqrt</name>
         <load_address>0xa5fc</load_address>
         <run_address>0xa5fc</run_address>
         <size>0x158</size>
         <input_file_ref idref="fl-ec"/>
      </object_component>
      <object_component id="oc-3ab">
         <name>.text:_pconv_e</name>
         <load_address>0xa754</load_address>
         <run_address>0xa754</run_address>
         <size>0x13c</size>
         <input_file_ref idref="fl-109"/>
      </object_component>
      <object_component id="oc-27a">
         <name>.text</name>
         <load_address>0xa890</load_address>
         <run_address>0xa890</run_address>
         <size>0x136</size>
         <input_file_ref idref="fl-f2"/>
      </object_component>
      <object_component id="oc-32">
         <name>.text</name>
         <load_address>0xa9c8</load_address>
         <run_address>0xa9c8</run_address>
         <size>0x12c</size>
         <input_file_ref idref="fl-d"/>
      </object_component>
      <object_component id="oc-f9">
         <name>.text</name>
         <load_address>0xaaf4</load_address>
         <run_address>0xaaf4</run_address>
         <size>0x12a</size>
         <input_file_ref idref="fl-9"/>
      </object_component>
      <object_component id="oc-480">
         <name>.text:fcvt</name>
         <load_address>0xac20</load_address>
         <run_address>0xac20</run_address>
         <size>0x120</size>
         <input_file_ref idref="fl-109"/>
      </object_component>
      <object_component id="oc-2d2">
         <name>.text:fputs</name>
         <load_address>0xad40</load_address>
         <run_address>0xad40</run_address>
         <size>0x114</size>
         <input_file_ref idref="fl-10e"/>
      </object_component>
      <object_component id="oc-36e">
         <name>.text:scalbn</name>
         <load_address>0xae54</load_address>
         <run_address>0xae54</run_address>
         <size>0x110</size>
         <input_file_ref idref="fl-ed"/>
      </object_component>
      <object_component id="oc-275">
         <name>.text</name>
         <load_address>0xaf64</load_address>
         <run_address>0xaf64</run_address>
         <size>0xfc</size>
         <input_file_ref idref="fl-f3"/>
      </object_component>
      <object_component id="oc-152">
         <name>.text</name>
         <load_address>0xb060</load_address>
         <run_address>0xb060</run_address>
         <size>0xe0</size>
         <input_file_ref idref="fl-6"/>
      </object_component>
      <object_component id="oc-4bb">
         <name>.text:setvbuf</name>
         <load_address>0xb140</load_address>
         <run_address>0xb140</run_address>
         <size>0xdc</size>
         <input_file_ref idref="fl-11c"/>
      </object_component>
      <object_component id="oc-51b">
         <name>.text:free</name>
         <load_address>0xb21c</load_address>
         <run_address>0xb21c</run_address>
         <size>0xd8</size>
         <input_file_ref idref="fl-125"/>
      </object_component>
      <object_component id="oc-2d">
         <name>.text</name>
         <load_address>0xb2f4</load_address>
         <run_address>0xb2f4</run_address>
         <size>0xd2</size>
         <input_file_ref idref="fl-e"/>
      </object_component>
      <object_component id="oc-1a6">
         <name>.text:perror</name>
         <load_address>0xb3c8</load_address>
         <run_address>0xb3c8</run_address>
         <size>0xc8</size>
         <input_file_ref idref="fl-102"/>
      </object_component>
      <object_component id="oc-399">
         <name>.text:_ltostr</name>
         <load_address>0xb490</load_address>
         <run_address>0xb490</run_address>
         <size>0xb1</size>
         <input_file_ref idref="fl-109"/>
      </object_component>
      <object_component id="oc-46">
         <name>.text</name>
         <load_address>0xb542</load_address>
         <run_address>0xb542</run_address>
         <size>0x9c</size>
         <input_file_ref idref="fl-f7"/>
      </object_component>
      <object_component id="oc-462">
         <name>.text</name>
         <load_address>0xb5de</load_address>
         <run_address>0xb5de</run_address>
         <size>0x96</size>
         <input_file_ref idref="fl-117"/>
      </object_component>
      <object_component id="oc-2de">
         <name>.text:fputc</name>
         <load_address>0xb674</load_address>
         <run_address>0xb674</run_address>
         <size>0x8c</size>
         <input_file_ref idref="fl-10d"/>
      </object_component>
      <object_component id="oc-189">
         <name>.text:__aeabi_cdcmple</name>
         <load_address>0xb700</load_address>
         <run_address>0xb700</run_address>
         <size>0x86</size>
         <input_file_ref idref="fl-f1"/>
      </object_component>
      <object_component id="oc-18e">
         <name>.text:__aeabi_cdrcmple</name>
         <load_address>0xb786</load_address>
         <run_address>0xb786</run_address>
         <size>0x86</size>
         <input_file_ref idref="fl-f1"/>
      </object_component>
      <object_component id="oc-bf">
         <name>.text</name>
         <load_address>0xb80c</load_address>
         <run_address>0xb80c</run_address>
         <size>0x7a</size>
         <input_file_ref idref="fl-f9"/>
      </object_component>
      <object_component id="oc-521">
         <name>.text:malloc</name>
         <load_address>0xb888</load_address>
         <run_address>0xb888</run_address>
         <size>0x78</size>
         <input_file_ref idref="fl-125"/>
      </object_component>
      <object_component id="oc-56f">
         <name>.text:__TI_closefile</name>
         <load_address>0xb900</load_address>
         <run_address>0xb900</run_address>
         <size>0x74</size>
         <input_file_ref idref="fl-129"/>
      </object_component>
      <object_component id="oc-479">
         <name>.text:_mcpy</name>
         <load_address>0xb974</load_address>
         <run_address>0xb974</run_address>
         <size>0x6e</size>
         <input_file_ref idref="fl-109"/>
      </object_component>
      <object_component id="oc-184">
         <name>.text</name>
         <load_address>0xb9e2</load_address>
         <run_address>0xb9e2</run_address>
         <size>0x6e</size>
         <input_file_ref idref="fl-f4"/>
      </object_component>
      <object_component id="oc-593">
         <name>.text:HOSTlseek</name>
         <load_address>0xba50</load_address>
         <run_address>0xba50</run_address>
         <size>0x68</size>
         <input_file_ref idref="fl-11e"/>
      </object_component>
      <object_component id="oc-59f">
         <name>.text:HOSTrename</name>
         <load_address>0xbab8</load_address>
         <run_address>0xbab8</run_address>
         <size>0x68</size>
         <input_file_ref idref="fl-121"/>
      </object_component>
      <object_component id="oc-12">
         <name>.text:decompress:lzss:__TI_decompress_lzss</name>
         <load_address>0xbb20</load_address>
         <run_address>0xbb20</run_address>
         <size>0x68</size>
         <input_file_ref idref="fl-fc"/>
      </object_component>
      <object_component id="oc-48e">
         <name>.text:frexp</name>
         <load_address>0xbb88</load_address>
         <run_address>0xbb88</run_address>
         <size>0x64</size>
         <input_file_ref idref="fl-114"/>
      </object_component>
      <object_component id="oc-4b5">
         <name>.text:fseek</name>
         <load_address>0xbbec</load_address>
         <run_address>0xbbec</run_address>
         <size>0x64</size>
         <input_file_ref idref="fl-11a"/>
      </object_component>
      <object_component id="oc-3d5">
         <name>.text:__TI_wrt_ok</name>
         <load_address>0xbc50</load_address>
         <run_address>0xbc50</run_address>
         <size>0x62</size>
         <input_file_ref idref="fl-118"/>
      </object_component>
      <object_component id="oc-57b">
         <name>.text:HOSTopen</name>
         <load_address>0xbcb4</load_address>
         <run_address>0xbcb4</run_address>
         <size>0x60</size>
         <input_file_ref idref="fl-11f"/>
      </object_component>
      <object_component id="oc-5ae">
         <name>.text:close</name>
         <load_address>0xbd14</load_address>
         <run_address>0xbd14</run_address>
         <size>0x5c</size>
         <input_file_ref idref="fl-12f"/>
      </object_component>
      <object_component id="oc-587">
         <name>.text:HOSTread</name>
         <load_address>0xbd70</load_address>
         <run_address>0xbd70</run_address>
         <size>0x58</size>
         <input_file_ref idref="fl-120"/>
      </object_component>
      <object_component id="oc-58d">
         <name>.text:HOSTwrite</name>
         <load_address>0xbdc8</load_address>
         <run_address>0xbdc8</run_address>
         <size>0x58</size>
         <input_file_ref idref="fl-123"/>
      </object_component>
      <object_component id="oc-3a5">
         <name>.text:_pconv_f</name>
         <load_address>0xbe20</load_address>
         <run_address>0xbe20</run_address>
         <size>0x56</size>
         <input_file_ref idref="fl-109"/>
      </object_component>
      <object_component id="oc-46d">
         <name>.text:ltoa</name>
         <load_address>0xbe76</load_address>
         <run_address>0xbe76</run_address>
         <size>0x54</size>
         <input_file_ref idref="fl-10f"/>
      </object_component>
      <object_component id="oc-473">
         <name>.text:_ecpy</name>
         <load_address>0xbeca</load_address>
         <run_address>0xbeca</run_address>
         <size>0x52</size>
         <input_file_ref idref="fl-109"/>
      </object_component>
      <object_component id="oc-3e1">
         <name>.text:__TI_doflush</name>
         <load_address>0xbf1c</load_address>
         <run_address>0xbf1c</run_address>
         <size>0x4c</size>
         <input_file_ref idref="fl-119"/>
      </object_component>
      <object_component id="oc-393">
         <name>.text:atoi</name>
         <load_address>0xbf68</load_address>
         <run_address>0xbf68</run_address>
         <size>0x4c</size>
         <input_file_ref idref="fl-10a"/>
      </object_component>
      <object_component id="oc-1c7">
         <name>.text:exit</name>
         <load_address>0xbfb4</load_address>
         <run_address>0xbfb4</run_address>
         <size>0x48</size>
         <input_file_ref idref="fl-ff"/>
      </object_component>
      <object_component id="oc-468">
         <name>.text</name>
         <load_address>0xbffc</load_address>
         <run_address>0xbffc</run_address>
         <size>0x48</size>
         <input_file_ref idref="fl-116"/>
      </object_component>
      <object_component id="oc-581">
         <name>.text:HOSTclose</name>
         <load_address>0xc044</load_address>
         <run_address>0xc044</run_address>
         <size>0x44</size>
         <input_file_ref idref="fl-11d"/>
      </object_component>
      <object_component id="oc-599">
         <name>.text:HOSTunlink</name>
         <load_address>0xc088</load_address>
         <run_address>0xc088</run_address>
         <size>0x44</size>
         <input_file_ref idref="fl-122"/>
      </object_component>
      <object_component id="oc-1cd">
         <name>.text:__TI_auto_init_nobinit_nopinit:__TI_auto_init_nobinit_nopinit</name>
         <load_address>0xc0cc</load_address>
         <run_address>0xc0cc</run_address>
         <size>0x44</size>
         <input_file_ref idref="fl-106"/>
      </object_component>
      <object_component id="oc-5e3">
         <name>.text:getdevice</name>
         <load_address>0xc110</load_address>
         <run_address>0xc110</run_address>
         <size>0x44</size>
         <input_file_ref idref="fl-12a"/>
      </object_component>
      <object_component id="oc-19a">
         <name>.text:sprintf</name>
         <load_address>0xc154</load_address>
         <run_address>0xc154</run_address>
         <size>0x40</size>
         <input_file_ref idref="fl-103"/>
      </object_component>
      <object_component id="oc-486">
         <name>.text:_fcpy</name>
         <load_address>0xc194</load_address>
         <run_address>0xc194</run_address>
         <size>0x3e</size>
         <input_file_ref idref="fl-109"/>
      </object_component>
      <object_component id="oc-25d">
         <name>.text</name>
         <load_address>0xc1d2</load_address>
         <run_address>0xc1d2</run_address>
         <size>0x3e</size>
         <input_file_ref idref="fl-14"/>
      </object_component>
      <object_component id="oc-564">
         <name>.text:minsert</name>
         <load_address>0xc210</load_address>
         <run_address>0xc210</run_address>
         <size>0x3c</size>
         <input_file_ref idref="fl-125"/>
      </object_component>
      <object_component id="oc-5bf">
         <name>.text:__TI_writemsg</name>
         <load_address>0xc24c</load_address>
         <run_address>0xc24c</run_address>
         <size>0x38</size>
         <input_file_ref idref="fl-124"/>
      </object_component>
      <object_component id="oc-64">
         <name>.text:_c_int00_noargs:_c_int00_noargs</name>
         <load_address>0xc284</load_address>
         <run_address>0xc284</run_address>
         <size>0x38</size>
         <input_file_ref idref="fl-fd"/>
      </object_component>
      <object_component id="oc-558">
         <name>.text:minit</name>
         <load_address>0xc2bc</load_address>
         <run_address>0xc2bc</run_address>
         <size>0x38</size>
         <input_file_ref idref="fl-125"/>
      </object_component>
      <object_component id="oc-1ae">
         <name>.text</name>
         <load_address>0xc2f4</load_address>
         <run_address>0xc2f4</run_address>
         <size>0x38</size>
         <input_file_ref idref="fl-f5"/>
      </object_component>
      <object_component id="oc-605">
         <name>.text:strncpy</name>
         <load_address>0xc32c</load_address>
         <run_address>0xc32c</run_address>
         <size>0x36</size>
         <input_file_ref idref="fl-12d"/>
      </object_component>
      <object_component id="oc-527">
         <name>.text:__TI_cleanup</name>
         <load_address>0xc364</load_address>
         <run_address>0xc364</run_address>
         <size>0x34</size>
         <input_file_ref idref="fl-126"/>
      </object_component>
      <object_component id="oc-5c5">
         <name>.text:__TI_readmsg</name>
         <load_address>0xc398</load_address>
         <run_address>0xc398</run_address>
         <size>0x34</size>
         <input_file_ref idref="fl-124"/>
      </object_component>
      <object_component id="oc-60b">
         <name>.text:finddevice</name>
         <load_address>0xc3cc</load_address>
         <run_address>0xc3cc</run_address>
         <size>0x30</size>
         <input_file_ref idref="fl-12a"/>
      </object_component>
      <object_component id="oc-366">
         <name>.text</name>
         <load_address>0xc3fc</load_address>
         <run_address>0xc3fc</run_address>
         <size>0x2e</size>
         <input_file_ref idref="fl-f6"/>
      </object_component>
      <object_component id="oc-5b4">
         <name>.text:unlink</name>
         <load_address>0xc42c</load_address>
         <run_address>0xc42c</run_address>
         <size>0x2c</size>
         <input_file_ref idref="fl-12e"/>
      </object_component>
      <object_component id="oc-513">
         <name>.text:lseek</name>
         <load_address>0xc458</load_address>
         <run_address>0xc458</run_address>
         <size>0x28</size>
         <input_file_ref idref="fl-11b"/>
      </object_component>
      <object_component id="oc-55e">
         <name>.text:mremove</name>
         <load_address>0xc480</load_address>
         <run_address>0xc480</run_address>
         <size>0x28</size>
         <input_file_ref idref="fl-125"/>
      </object_component>
      <object_component id="oc-3e7">
         <name>.text:write</name>
         <load_address>0xc4a8</load_address>
         <run_address>0xc4a8</run_address>
         <size>0x28</size>
         <input_file_ref idref="fl-113"/>
      </object_component>
      <object_component id="oc-3db">
         <name>.text:memchr</name>
         <load_address>0xc4d0</load_address>
         <run_address>0xc4d0</run_address>
         <size>0x20</size>
         <input_file_ref idref="fl-111"/>
      </object_component>
      <object_component id="oc-270">
         <name>.text</name>
         <load_address>0xc4f0</load_address>
         <run_address>0xc4f0</run_address>
         <size>0x20</size>
         <input_file_ref idref="fl-f8"/>
      </object_component>
      <object_component id="oc-3b7">
         <name>.text:memccpy</name>
         <load_address>0xc510</load_address>
         <run_address>0xc510</run_address>
         <size>0x1c</size>
         <input_file_ref idref="fl-110"/>
      </object_component>
      <object_component id="oc-2bd">
         <name>.text:_outs</name>
         <load_address>0xc52c</load_address>
         <run_address>0xc52c</run_address>
         <size>0x18</size>
         <input_file_ref idref="fl-103"/>
      </object_component>
      <object_component id="oc-622">
         <name>.text:strcmp</name>
         <load_address>0xc544</load_address>
         <run_address>0xc544</run_address>
         <size>0x18</size>
         <input_file_ref idref="fl-12c"/>
      </object_component>
      <object_component id="oc-494">
         <name>.text:strchr</name>
         <load_address>0xc55c</load_address>
         <run_address>0xc55c</run_address>
         <size>0x16</size>
         <input_file_ref idref="fl-112"/>
      </object_component>
      <object_component id="oc-443">
         <name>.text:copysign</name>
         <load_address>0xc572</load_address>
         <run_address>0xc572</run_address>
         <size>0x14</size>
         <input_file_ref idref="fl-ee"/>
      </object_component>
      <object_component id="oc-5d9">
         <name>.text:strcpy</name>
         <load_address>0xc586</load_address>
         <run_address>0xc586</run_address>
         <size>0x14</size>
         <input_file_ref idref="fl-128"/>
      </object_component>
      <object_component id="oc-1a0">
         <name>.text:strlen</name>
         <load_address>0xc59a</load_address>
         <run_address>0xc59a</run_address>
         <size>0x14</size>
         <input_file_ref idref="fl-104"/>
      </object_component>
      <object_component id="oc-3bd">
         <name>.text:wcslen</name>
         <load_address>0xc5ae</load_address>
         <run_address>0xc5ae</run_address>
         <size>0x12</size>
         <input_file_ref idref="fl-115"/>
      </object_component>
      <object_component id="oc-18">
         <name>.text:decompress:none:__TI_decompress_none</name>
         <load_address>0xc5c0</load_address>
         <run_address>0xc5c0</run_address>
         <size>0xe</size>
         <input_file_ref idref="fl-fb"/>
      </object_component>
      <object_component id="oc-58">
         <name>.text:decompress:ZI:__TI_zero_init</name>
         <load_address>0xc5ce</load_address>
         <run_address>0xc5ce</run_address>
         <size>0xc</size>
         <input_file_ref idref="fl-fa"/>
      </object_component>
      <object_component id="oc-27">
         <name>.text</name>
         <load_address>0xc5da</load_address>
         <run_address>0xc5da</run_address>
         <size>0xc</size>
         <input_file_ref idref="fl-5"/>
      </object_component>
      <object_component id="oc-2c3">
         <name>.text:_outc</name>
         <load_address>0xc5e6</load_address>
         <run_address>0xc5e6</run_address>
         <size>0xa</size>
         <input_file_ref idref="fl-103"/>
      </object_component>
      <object_component id="oc-2d8">
         <name>.text:__aeabi_errno_addr</name>
         <load_address>0xc5f0</load_address>
         <run_address>0xc5f0</run_address>
         <size>0x8</size>
         <input_file_ref idref="fl-fe"/>
      </object_component>
      <object_component id="oc-26c">
         <name>.text:SysCtlDelay</name>
         <load_address>0xc5f8</load_address>
         <run_address>0xc5f8</run_address>
         <size>0x6</size>
         <input_file_ref idref="fl-28"/>
      </object_component>
      <object_component id="oc-c5">
         <name>.text:_system_pre_init</name>
         <load_address>0xc5fe</load_address>
         <run_address>0xc5fe</run_address>
         <size>0x4</size>
         <input_file_ref idref="fl-107"/>
      </object_component>
      <object_component id="oc-1c1">
         <name>.text:abort:abort</name>
         <load_address>0xc602</load_address>
         <run_address>0xc602</run_address>
         <size>0x4</size>
         <input_file_ref idref="fl-ff"/>
      </object_component>
      <object_component id="oc-266">
         <name>.const:g_pppui32XTALtoVCO</name>
         <load_address>0xc608</load_address>
         <run_address>0xc608</run_address>
         <size>0x120</size>
         <input_file_ref idref="fl-28"/>
      </object_component>
      <object_component id="oc-45d">
         <name>.const:.string:_ctypes_</name>
         <load_address>0xc728</load_address>
         <run_address>0xc728</run_address>
         <size>0x101</size>
         <input_file_ref idref="fl-10b"/>
      </object_component>
      <object_component id="oc-288">
         <name>.const:g_ppui32GPIOIntMapBlizzard</name>
         <load_address>0xc82c</load_address>
         <run_address>0xc82c</run_address>
         <size>0xc0</size>
         <input_file_ref idref="fl-1d"/>
      </object_component>
      <object_component id="oc-28b">
         <name>.const:g_ppui32GPIOIntMapSnowflake</name>
         <load_address>0xc8ec</load_address>
         <run_address>0xc8ec</run_address>
         <size>0xc0</size>
         <input_file_ref idref="fl-1d"/>
      </object_component>
      <object_component id="oc-33b">
         <name>.const:g_pui32Regs</name>
         <load_address>0xc9ac</load_address>
         <run_address>0xc9ac</run_address>
         <size>0x9c</size>
         <input_file_ref idref="fl-20"/>
      </object_component>
      <object_component id="oc-28e">
         <name>.const:g_pui32GPIOBaseAddrs</name>
         <load_address>0xca48</load_address>
         <run_address>0xca48</run_address>
         <size>0x90</size>
         <input_file_ref idref="fl-1d"/>
      </object_component>
      <object_component id="oc-263">
         <name>.const:g_pui32Xtals</name>
         <load_address>0xcad8</load_address>
         <run_address>0xcad8</run_address>
         <size>0x6c</size>
         <input_file_ref idref="fl-28"/>
      </object_component>
      <object_component id="oc-389">
         <name>.const:g_ppui32I2CIntMapSnowflake</name>
         <load_address>0xcb44</load_address>
         <run_address>0xcb44</run_address>
         <size>0x50</size>
         <input_file_ref idref="fl-1f"/>
      </object_component>
      <object_component id="oc-247">
         <name>.const:g_ppui32UARTIntMap</name>
         <load_address>0xcb94</load_address>
         <run_address>0xcb94</run_address>
         <size>0x40</size>
         <input_file_ref idref="fl-2c"/>
      </object_component>
      <object_component id="oc-24a">
         <name>.const:g_ppui32UARTIntMapSnowflake</name>
         <load_address>0xcbd4</load_address>
         <run_address>0xcbd4</run_address>
         <size>0x40</size>
         <input_file_ref idref="fl-2c"/>
      </object_component>
      <object_component id="oc-80">
         <name>.const</name>
         <load_address>0xcc14</load_address>
         <run_address>0xcc14</run_address>
         <size>0x4</size>
         <input_file_ref idref="fl-d"/>
      </object_component>
      <object_component id="oc-36b">
         <name>.const:$O1$$</name>
         <load_address>0xcc18</load_address>
         <run_address>0xcc18</run_address>
         <size>0x30</size>
         <input_file_ref idref="fl-eb"/>
      </object_component>
      <object_component id="oc-386">
         <name>.const:g_ppui32I2CIntMap</name>
         <load_address>0xcc48</load_address>
         <run_address>0xcc48</run_address>
         <size>0x30</size>
         <input_file_ref idref="fl-1f"/>
      </object_component>
      <object_component id="oc-25a">
         <name>.const:g_sXTALtoMEMTIM</name>
         <load_address>0xcc78</load_address>
         <run_address>0xcc78</run_address>
         <size>0x30</size>
         <input_file_ref idref="fl-28"/>
      </object_component>
      <object_component id="oc-338">
         <name>.const:g_pui32Priority</name>
         <load_address>0xcca8</load_address>
         <run_address>0xcca8</run_address>
         <size>0x20</size>
         <input_file_ref idref="fl-20"/>
      </object_component>
      <object_component id="oc-341">
         <name>.const:g_pui32Dii16Regs</name>
         <load_address>0xccc8</load_address>
         <run_address>0xccc8</run_address>
         <size>0x14</size>
         <input_file_ref idref="fl-20"/>
      </object_component>
      <object_component id="oc-33e">
         <name>.const:g_pui32EnRegs</name>
         <load_address>0xccdc</load_address>
         <run_address>0xccdc</run_address>
         <size>0x14</size>
         <input_file_ref idref="fl-20"/>
      </object_component>
      <object_component id="oc-344">
         <name>.const:g_pui32PendRegs</name>
         <load_address>0xccf0</load_address>
         <run_address>0xccf0</run_address>
         <size>0x14</size>
         <input_file_ref idref="fl-20"/>
      </object_component>
      <object_component id="oc-347">
         <name>.const:g_pui32UnpendRegs</name>
         <load_address>0xcd04</load_address>
         <run_address>0xcd04</run_address>
         <size>0x14</size>
         <input_file_ref idref="fl-20"/>
      </object_component>
      <object_component id="oc-269">
         <name>.const:g_pui32VCOFrequencies</name>
         <load_address>0xcd18</load_address>
         <run_address>0xcd18</run_address>
         <size>0x8</size>
         <input_file_ref idref="fl-28"/>
      </object_component>
      <object_component id="oc-65b">
         <name>.cinit..data.load</name>
         <load_address>0xcd20</load_address>
         <run_address>0xcd20</run_address>
         <size>0x7a</size>
      </object_component>
      <object_component id="oc-658">
         <name>__TI_handler_table</name>
         <load_address>0xcd9c</load_address>
         <run_address>0xcd9c</run_address>
         <size>0xc</size>
      </object_component>
      <object_component id="oc-65c">
         <name>.cinit..bss.load</name>
         <load_address>0xcda8</load_address>
         <run_address>0xcda8</run_address>
         <size>0x8</size>
      </object_component>
      <object_component id="oc-65a">
         <name>.cinit..vtable.load</name>
         <load_address>0xcdb0</load_address>
         <run_address>0xcdb0</run_address>
         <size>0x8</size>
      </object_component>
      <object_component id="oc-659">
         <name>__TI_cinit_table</name>
         <load_address>0xcdb8</load_address>
         <run_address>0xcdb8</run_address>
         <size>0x18</size>
      </object_component>
      <object_component id="oc-335">
         <name>.vtable</name>
         <uninitialized>true</uninitialized>
         <run_address>0x20000000</run_address>
         <size>0x26c</size>
         <input_file_ref idref="fl-20"/>
      </object_component>
      <object_component id="oc-1b7">
         <name>.data:buff1</name>
         <load_address>0x2000cad0</load_address>
         <run_address>0x2000cad0</run_address>
         <size>0x190</size>
         <input_file_ref idref="fl-3"/>
      </object_component>
      <object_component id="oc-1b3">
         <name>.data:abuff</name>
         <load_address>0x2000c940</load_address>
         <run_address>0x2000c940</run_address>
         <size>0x190</size>
         <input_file_ref idref="fl-3"/>
      </object_component>
      <object_component id="oc-7d">
         <name>.data</name>
         <load_address>0x2000ce18</load_address>
         <run_address>0x2000ce18</run_address>
         <size>0x34</size>
         <input_file_ref idref="fl-b"/>
      </object_component>
      <object_component id="oc-223">
         <name>.data</name>
         <load_address>0x2000ce74</load_address>
         <run_address>0x2000ce74</run_address>
         <size>0xc</size>
         <input_file_ref idref="fl-c"/>
      </object_component>
      <object_component id="oc-8a">
         <name>.data</name>
         <load_address>0x2000ce90</load_address>
         <run_address>0x2000ce90</run_address>
         <size>0x4</size>
         <input_file_ref idref="fl-d"/>
      </object_component>
      <object_component id="oc-20b">
         <name>.data</name>
         <load_address>0x2000ce88</load_address>
         <run_address>0x2000ce88</run_address>
         <size>0x8</size>
         <input_file_ref idref="fl-f"/>
      </object_component>
      <object_component id="oc-3ef">
         <name>.data</name>
         <load_address>0x2000ce94</load_address>
         <run_address>0x2000ce94</run_address>
         <size>0x4</size>
         <input_file_ref idref="fl-fe"/>
      </object_component>
      <object_component id="oc-2ef">
         <name>.data:$O1$$</name>
         <load_address>0x2000ce5c</load_address>
         <run_address>0x2000ce5c</run_address>
         <size>0xc</size>
         <input_file_ref idref="fl-ff"/>
      </object_component>
      <object_component id="oc-2f2">
         <name>.data:$O1$$</name>
         <load_address>0x2000ce80</load_address>
         <run_address>0x2000ce80</run_address>
         <size>0x8</size>
         <input_file_ref idref="fl-100"/>
      </object_component>
      <object_component id="oc-2e4">
         <name>.data:_ftable</name>
         <load_address>0x2000cc60</load_address>
         <run_address>0x2000cc60</run_address>
         <size>0xf0</size>
         <input_file_ref idref="fl-10c"/>
      </object_component>
      <object_component id="oc-575">
         <name>.data</name>
         <load_address>0x2000ce4c</load_address>
         <run_address>0x2000ce4c</run_address>
         <size>0x10</size>
         <input_file_ref idref="fl-10c"/>
      </object_component>
      <object_component id="oc-53a">
         <name>.data:_device</name>
         <load_address>0x2000cd50</load_address>
         <run_address>0x2000cd50</run_address>
         <size>0x78</size>
         <input_file_ref idref="fl-113"/>
      </object_component>
      <object_component id="oc-4c7">
         <name>.data:_stream</name>
         <load_address>0x2000cdc8</load_address>
         <run_address>0x2000cdc8</run_address>
         <size>0x50</size>
         <input_file_ref idref="fl-113"/>
      </object_component>
      <object_component id="oc-56a">
         <name>.data:$O1$$</name>
         <load_address>0x2000ce68</load_address>
         <run_address>0x2000ce68</run_address>
         <size>0xc</size>
         <input_file_ref idref="fl-125"/>
      </object_component>
      <object_component id="oc-ff">
         <name>.bss:pxReadyTasksLists</name>
         <uninitialized>true</uninitialized>
         <run_address>0x2000c780</run_address>
         <size>0x64</size>
         <input_file_ref idref="fl-b"/>
      </object_component>
      <object_component id="oc-114">
         <name>.bss:xDelayedTaskList1</name>
         <uninitialized>true</uninitialized>
         <run_address>0x2000c84c</run_address>
         <size>0x14</size>
         <input_file_ref idref="fl-b"/>
      </object_component>
      <object_component id="oc-117">
         <name>.bss:xDelayedTaskList2</name>
         <uninitialized>true</uninitialized>
         <run_address>0x2000c860</run_address>
         <size>0x14</size>
         <input_file_ref idref="fl-b"/>
      </object_component>
      <object_component id="oc-105">
         <name>.bss</name>
         <uninitialized>true</uninitialized>
         <run_address>0x2000c8c4</run_address>
         <size>0x8</size>
         <input_file_ref idref="fl-b"/>
      </object_component>
      <object_component id="oc-111">
         <name>.bss:xPendingReadyList</name>
         <uninitialized>true</uninitialized>
         <run_address>0x2000c874</run_address>
         <size>0x14</size>
         <input_file_ref idref="fl-b"/>
      </object_component>
      <object_component id="oc-102">
         <name>.bss:xTasksWaitingTermination</name>
         <uninitialized>true</uninitialized>
         <run_address>0x2000c89c</run_address>
         <size>0x14</size>
         <input_file_ref idref="fl-b"/>
      </object_component>
      <object_component id="oc-108">
         <name>.bss:xSuspendedTaskList</name>
         <uninitialized>true</uninitialized>
         <run_address>0x2000c888</run_address>
         <size>0x14</size>
         <input_file_ref idref="fl-b"/>
      </object_component>
      <object_component id="oc-229">
         <name>.bss:xActiveTimerList1</name>
         <uninitialized>true</uninitialized>
         <run_address>0x2000c824</run_address>
         <size>0x14</size>
         <input_file_ref idref="fl-c"/>
      </object_component>
      <object_component id="oc-22c">
         <name>.bss:xActiveTimerList2</name>
         <uninitialized>true</uninitialized>
         <run_address>0x2000c838</run_address>
         <size>0x14</size>
         <input_file_ref idref="fl-c"/>
      </object_component>
      <object_component id="oc-226">
         <name>.bss</name>
         <uninitialized>true</uninitialized>
         <run_address>0x2000c8cc</run_address>
         <size>0x8</size>
         <input_file_ref idref="fl-c"/>
      </object_component>
      <object_component id="oc-214">
         <name>.bss:ucHeap</name>
         <uninitialized>true</uninitialized>
         <run_address>0x20000270</run_address>
         <size>0xc350</size>
         <input_file_ref idref="fl-f"/>
      </object_component>
      <object_component id="oc-20e">
         <name>.bss:xStart</name>
         <uninitialized>true</uninitialized>
         <run_address>0x2000c8dc</run_address>
         <size>0x8</size>
         <input_file_ref idref="fl-f"/>
      </object_component>
      <object_component id="oc-211">
         <name>.bss:xEnd</name>
         <uninitialized>true</uninitialized>
         <run_address>0x2000c8d4</run_address>
         <size>0x8</size>
         <input_file_ref idref="fl-f"/>
      </object_component>
      <object_component id="oc-2af">
         <name>.bss:g_pui8OversampleFactor</name>
         <uninitialized>true</uninitialized>
         <run_address>0x2000c8e4</run_address>
         <size>0x4</size>
         <input_file_ref idref="fl-10"/>
      </object_component>
      <object_component id="oc-5ed">
         <name>.bss:_CIOBUF_</name>
         <uninitialized>true</uninitialized>
         <run_address>0x2000c5c0</run_address>
         <size>0x120</size>
         <input_file_ref idref="fl-124"/>
      </object_component>
      <object_component id="oc-198">
         <name>.common:rh</name>
         <uninitialized>true</uninitialized>
         <run_address>0x2000c934</run_address>
         <size>0x4</size>
      </object_component>
      <object_component id="oc-1ac">
         <name>.common:tp</name>
         <uninitialized>true</uninitialized>
         <run_address>0x2000c93c</run_address>
         <size>0x4</size>
      </object_component>
      <object_component id="oc-199">
         <name>.common:humidity_val</name>
         <uninitialized>true</uninitialized>
         <run_address>0x2000c8e8</run_address>
         <size>0x8</size>
      </object_component>
      <object_component id="oc-1ad">
         <name>.common:temp_val</name>
         <uninitialized>true</uninitialized>
         <run_address>0x2000c8f8</run_address>
         <size>0x8</size>
      </object_component>
      <object_component id="oc-173">
         <name>.common:g_ui32SysClock</name>
         <uninitialized>true</uninitialized>
         <run_address>0x2000c924</run_address>
         <size>0x4</size>
      </object_component>
      <object_component id="oc-194">
         <name>.common:ADC0Value</name>
         <uninitialized>true</uninitialized>
         <run_address>0x2000c900</run_address>
         <size>0x4</size>
      </object_component>
      <object_component id="oc-197">
         <name>.common:ADC1Value</name>
         <uninitialized>true</uninitialized>
         <run_address>0x2000c904</run_address>
         <size>0x4</size>
      </object_component>
      <object_component id="oc-17e">
         <name>.common:Task1Handle</name>
         <uninitialized>true</uninitialized>
         <run_address>0x2000c910</run_address>
         <size>0x4</size>
      </object_component>
      <object_component id="oc-17f">
         <name>.common:Task2Handle</name>
         <uninitialized>true</uninitialized>
         <run_address>0x2000c914</run_address>
         <size>0x4</size>
      </object_component>
      <object_component id="oc-180">
         <name>.common:Task3Handle</name>
         <uninitialized>true</uninitialized>
         <run_address>0x2000c918</run_address>
         <size>0x4</size>
      </object_component>
      <object_component id="oc-181">
         <name>.common:Task4Handle</name>
         <uninitialized>true</uninitialized>
         <run_address>0x2000c91c</run_address>
         <size>0x4</size>
      </object_component>
      <object_component id="oc-182">
         <name>.common:LogTaskHandle</name>
         <uninitialized>true</uninitialized>
         <run_address>0x2000c90c</run_address>
         <size>0x4</size>
      </object_component>
      <object_component id="oc-183">
         <name>.common:AlertTaskHandle</name>
         <uninitialized>true</uninitialized>
         <run_address>0x2000c908</run_address>
         <size>0x4</size>
      </object_component>
      <object_component id="oc-193">
         <name>.common:my_sem</name>
         <uninitialized>true</uninitialized>
         <run_address>0x2000c92c</run_address>
         <size>0x4</size>
      </object_component>
      <object_component id="oc-170">
         <name>.common:sem_uart</name>
         <uninitialized>true</uninitialized>
         <run_address>0x2000c938</run_address>
         <size>0x4</size>
      </object_component>
      <object_component id="oc-196">
         <name>.common:myQueue</name>
         <uninitialized>true</uninitialized>
         <run_address>0x2000c928</run_address>
         <size>0x4</size>
      </object_component>
      <object_component id="oc-1ba">
         <name>.common:ptr</name>
         <uninitialized>true</uninitialized>
         <run_address>0x2000c930</run_address>
         <size>0x4</size>
      </object_component>
      <object_component id="oc-1b6">
         <name>.common:aptr</name>
         <uninitialized>true</uninitialized>
         <run_address>0x2000c920</run_address>
         <size>0x4</size>
      </object_component>
      <object_component id="oc-195">
         <name>.common:msg_struct</name>
         <uninitialized>true</uninitialized>
         <run_address>0x2000c8b0</run_address>
         <size>0x14</size>
      </object_component>
      <object_component id="oc-23e">
         <name>.common:xQueueRegistry</name>
         <uninitialized>true</uninitialized>
         <run_address>0x2000c7e4</run_address>
         <size>0x40</size>
      </object_component>
      <object_component id="oc-5ba">
         <name>.common:__TI_tmpnams</name>
         <uninitialized>true</uninitialized>
         <run_address>0x2000c6e0</run_address>
         <size>0xa0</size>
      </object_component>
      <object_component id="oc-5cb">
         <name>.common:parmbuf</name>
         <uninitialized>true</uninitialized>
         <run_address>0x2000c8f0</run_address>
         <size>0x8</size>
      </object_component>
      <object_component id="oc-24">
         <name>.sysmem</name>
         <uninitialized>true</uninitialized>
         <run_address>0x2000d098</run_address>
         <size>0x8</size>
         <input_file_ref idref="fl-125"/>
      </object_component>
      <object_component id="oc-65e">
         <name>.sysmem</name>
         <uninitialized>true</uninitialized>
         <run_address>0x2000d098</run_address>
         <size>0x0</size>
      </object_component>
      <object_component id="oc-21">
         <name>.stack</name>
         <uninitialized>true</uninitialized>
         <run_address>0x2000ce98</run_address>
         <size>0x4</size>
         <input_file_ref idref="fl-fd"/>
      </object_component>
      <object_component id="oc-65d">
         <name>.stack</name>
         <uninitialized>true</uninitialized>
         <run_address>0x2000ce98</run_address>
         <size>0x0</size>
      </object_component>
      <object_component id="oc-124">
         <name>.debug_info</name>
         <load_address>0x0</load_address>
         <run_address>0x0</run_address>
         <size>0x61a</size>
         <input_file_ref idref="fl-2"/>
      </object_component>
      <object_component id="oc-159">
         <name>.debug_info</name>
         <load_address>0x61a</load_address>
         <run_address>0x61a</run_address>
         <size>0x40c</size>
         <input_file_ref idref="fl-2"/>
      </object_component>
      <object_component id="oc-ec">
         <name>.debug_info</name>
         <load_address>0xa26</load_address>
         <run_address>0xa26</run_address>
         <size>0x30c</size>
         <input_file_ref idref="fl-2"/>
      </object_component>
      <object_component id="oc-a0">
         <name>.debug_info</name>
         <load_address>0xd32</load_address>
         <run_address>0xd32</run_address>
         <size>0x26b</size>
         <input_file_ref idref="fl-2"/>
      </object_component>
      <object_component id="oc-a5">
         <name>.debug_info</name>
         <load_address>0xf9d</load_address>
         <run_address>0xf9d</run_address>
         <size>0x3cd</size>
         <input_file_ref idref="fl-2"/>
      </object_component>
      <object_component id="oc-126">
         <name>.debug_info</name>
         <load_address>0x136a</load_address>
         <run_address>0x136a</run_address>
         <size>0x8b</size>
         <input_file_ref idref="fl-2"/>
      </object_component>
      <object_component id="oc-242">
         <name>.debug_info</name>
         <load_address>0x13f5</load_address>
         <run_address>0x13f5</run_address>
         <size>0x46</size>
         <input_file_ref idref="fl-2"/>
      </object_component>
      <object_component id="oc-1bc">
         <name>.debug_info</name>
         <load_address>0x143b</load_address>
         <run_address>0x143b</run_address>
         <size>0x46</size>
         <input_file_ref idref="fl-2"/>
      </object_component>
      <object_component id="oc-8f">
         <name>.debug_info</name>
         <load_address>0x1481</load_address>
         <run_address>0x1481</run_address>
         <size>0x2c</size>
         <input_file_ref idref="fl-2"/>
      </object_component>
      <object_component id="oc-12b">
         <name>.debug_info</name>
         <load_address>0x14ad</load_address>
         <run_address>0x14ad</run_address>
         <size>0x297</size>
         <input_file_ref idref="fl-2"/>
      </object_component>
      <object_component id="oc-254">
         <name>.debug_info</name>
         <load_address>0x1744</load_address>
         <run_address>0x1744</run_address>
         <size>0xef</size>
         <input_file_ref idref="fl-2"/>
      </object_component>
      <object_component id="oc-9b">
         <name>.debug_info</name>
         <load_address>0x1833</load_address>
         <run_address>0x1833</run_address>
         <size>0xbb</size>
         <input_file_ref idref="fl-2"/>
      </object_component>
      <object_component id="oc-94">
         <name>.debug_info</name>
         <load_address>0x18ee</load_address>
         <run_address>0x18ee</run_address>
         <size>0x53</size>
         <input_file_ref idref="fl-2"/>
      </object_component>
      <object_component id="oc-137">
         <name>.debug_info</name>
         <load_address>0x1941</load_address>
         <run_address>0x1941</run_address>
         <size>0x2c</size>
         <input_file_ref idref="fl-2"/>
      </object_component>
      <object_component id="oc-2cb">
         <name>.debug_info</name>
         <load_address>0x196d</load_address>
         <run_address>0x196d</run_address>
         <size>0x2c</size>
         <input_file_ref idref="fl-2"/>
      </object_component>
      <object_component id="oc-11f">
         <name>.debug_info</name>
         <load_address>0x1999</load_address>
         <run_address>0x1999</run_address>
         <size>0x14c</size>
         <input_file_ref idref="fl-2"/>
      </object_component>
      <object_component id="oc-171">
         <name>.debug_info</name>
         <load_address>0x1ae5</load_address>
         <run_address>0x1ae5</run_address>
         <size>0xda2</size>
         <input_file_ref idref="fl-3"/>
      </object_component>
      <object_component id="oc-1b8">
         <name>.debug_info</name>
         <load_address>0x2887</load_address>
         <run_address>0x2887</run_address>
         <size>0xc4</size>
         <input_file_ref idref="fl-3"/>
      </object_component>
      <object_component id="oc-1b4">
         <name>.debug_info</name>
         <load_address>0x294b</load_address>
         <run_address>0x294b</run_address>
         <size>0xc4</size>
         <input_file_ref idref="fl-3"/>
      </object_component>
      <object_component id="oc-cc">
         <name>.debug_info</name>
         <load_address>0x2a0f</load_address>
         <run_address>0x2a0f</run_address>
         <size>0x11b1</size>
         <input_file_ref idref="fl-3"/>
      </object_component>
      <object_component id="oc-2a6">
         <name>.debug_info</name>
         <load_address>0x3bc0</load_address>
         <run_address>0x3bc0</run_address>
         <size>0x142</size>
         <input_file_ref idref="fl-3"/>
      </object_component>
      <object_component id="oc-2a1">
         <name>.debug_info</name>
         <load_address>0x3d02</load_address>
[...]
         <object_component_ref idref="oc-146"/>
      </symbol>
      <symbol id="sm-cce">
         <name>UART9BitEnable</name>
         <value>0x7a7b</value>
         <object_component_ref idref="oc-146"/>
      </symbol>
      <symbol id="sm-ccf">
         <name>UARTSpaceAvail</name>
         <value>0x7749</value>
         <object_component_ref idref="oc-146"/>
      </symbol>
      <symbol id="sm-cd0">
         <name>UARTCharGet</name>
         <value>0x779f</value>
         <object_component_ref idref="oc-146"/>
      </symbol>
      <symbol id="sm-cd1">
         <name>UARTFIFOLevelSet</name>
         <value>0x7219</value>
         <object_component_ref idref="oc-146"/>
      </symbol>
      <symbol id="sm-cd2">
         <name>UARTModemControlClear</name>
         <value>0x75d5</value>
         <object_component_ref idref="oc-146"/>
      </symbol>
      <symbol id="sm-cd3">
         <name>UARTParityModeGet</name>
         <value>0x71fb</value>
         <object_component_ref idref="oc-146"/>
      </symbol>
      <symbol id="sm-cd4">
         <name>UARTIntRegister</name>
         <value>0x7889</value>
         <object_component_ref idref="oc-146"/>
      </symbol>
      <symbol id="sm-cd5">
         <name>UARTBreakCtl</name>
         <value>0x7825</value>
         <object_component_ref idref="oc-146"/>
      </symbol>
      <symbol id="sm-cd6">
         <name>UART9BitAddrSet</name>
         <value>0x7ac3</value>
         <object_component_ref idref="oc-146"/>
      </symbol>
      <symbol id="sm-d12">
         <name>LEDWrite</name>
         <value>0x9a03</value>
         <object_component_ref idref="oc-15e"/>
      </symbol>
      <symbol id="sm-d13">
         <name>LEDRead</name>
         <value>0x9a93</value>
         <object_component_ref idref="oc-15e"/>
      </symbol>
      <symbol id="sm-d14">
         <name>PinoutSet</name>
         <value>0x9831</value>
         <object_component_ref idref="oc-15e"/>
      </symbol>
      <symbol id="sm-daa">
         <name>pow</name>
         <value>0x7b51</value>
         <object_component_ref idref="oc-27f"/>
      </symbol>
      <symbol id="sm-dab">
         <name>powl</name>
         <value>0x7b51</value>
         <object_component_ref idref="oc-27f"/>
      </symbol>
      <symbol id="sm-dcd">
         <name>sqrtl</name>
         <value>0xa5fd</value>
         <object_component_ref idref="oc-360"/>
      </symbol>
      <symbol id="sm-dce">
         <name>sqrt</name>
         <value>0xa5fd</value>
         <object_component_ref idref="oc-360"/>
      </symbol>
      <symbol id="sm-df5">
         <name>scalbn</name>
         <value>0xae55</value>
         <object_component_ref idref="oc-36e"/>
      </symbol>
      <symbol id="sm-df6">
         <name>scalbnl</name>
         <value>0xae55</value>
         <object_component_ref idref="oc-36e"/>
      </symbol>
      <symbol id="sm-df7">
         <name>ldexpl</name>
         <value>0xae55</value>
         <object_component_ref idref="oc-36e"/>
      </symbol>
      <symbol id="sm-df8">
         <name>ldexp</name>
         <value>0xae55</value>
         <object_component_ref idref="oc-36e"/>
      </symbol>
      <symbol id="sm-e02">
         <name>copysign</name>
         <value>0xc573</value>
         <object_component_ref idref="oc-443"/>
      </symbol>
      <symbol id="sm-e03">
         <name>copysignl</name>
         <value>0xc573</value>
         <object_component_ref idref="oc-443"/>
      </symbol>
      <symbol id="sm-e1b">
         <name>__aeabi_dsub</name>
         <value>0xa14d</value>
         <object_component_ref idref="oc-299"/>
      </symbol>
      <symbol id="sm-e1c">
         <name>__aeabi_dadd</name>
         <value>0xa157</value>
         <object_component_ref idref="oc-299"/>
      </symbol>
      <symbol id="sm-e3e">
         <name>__aeabi_cdcmpeq</name>
         <value>0xb701</value>
         <object_component_ref idref="oc-189"/>
      </symbol>
      <symbol id="sm-e3f">
         <name>__aeabi_cdcmple</name>
         <value>0xb701</value>
         <object_component_ref idref="oc-189"/>
      </symbol>
      <symbol id="sm-e40">
         <name>__aeabi_cdrcmple</name>
         <value>0xb787</value>
         <object_component_ref idref="oc-18e"/>
      </symbol>
      <symbol id="sm-e54">
         <name>__aeabi_ddiv</name>
         <value>0xa891</value>
         <object_component_ref idref="oc-27a"/>
      </symbol>
      <symbol id="sm-e5f">
         <name>__aeabi_dmul</name>
         <value>0xaf65</value>
         <object_component_ref idref="oc-275"/>
      </symbol>
      <symbol id="sm-e6b">
         <name>__aeabi_d2f</name>
         <value>0xb9e3</value>
         <object_component_ref idref="oc-184"/>
      </symbol>
      <symbol id="sm-e76">
         <name>__aeabi_f2d</name>
         <value>0xc2f5</value>
         <object_component_ref idref="oc-1ae"/>
      </symbol>
      <symbol id="sm-e80">
         <name>__aeabi_i2d</name>
         <value>0xc3fd</value>
         <object_component_ref idref="oc-366"/>
      </symbol>
      <symbol id="sm-e9b">
         <name>memcpy</name>
         <value>0xb543</value>
         <object_component_ref idref="oc-46"/>
      </symbol>
      <symbol id="sm-e9c">
         <name>__aeabi_memcpy</name>
         <value>0xb543</value>
         <object_component_ref idref="oc-46"/>
      </symbol>
      <symbol id="sm-e9d">
         <name>__aeabi_memcpy8</name>
         <value>0xb543</value>
         <object_component_ref idref="oc-46"/>
      </symbol>
      <symbol id="sm-e9e">
         <name>__aeabi_memcpy4</name>
         <value>0xb543</value>
         <object_component_ref idref="oc-46"/>
      </symbol>
      <symbol id="sm-ea8">
         <name>__aeabi_ui2d</name>
         <value>0xc4f1</value>
         <object_component_ref idref="oc-270"/>
      </symbol>
      <symbol id="sm-eb7">
         <name>__aeabi_memset</name>
         <value>0xb80f</value>
         <object_component_ref idref="oc-bf"/>
      </symbol>
      <symbol id="sm-eb8">
         <name>memset</name>
         <value>0xb815</value>
         <object_component_ref idref="oc-bf"/>
      </symbol>
      <symbol id="sm-eb9">
         <name>__aeabi_memset8</name>
         <value>0xb80f</value>
         <object_component_ref idref="oc-bf"/>
      </symbol>
      <symbol id="sm-eba">
         <name>__aeabi_memset4</name>
         <value>0xb80f</value>
         <object_component_ref idref="oc-bf"/>
      </symbol>
      <symbol id="sm-ebb">
         <name>__aeabi_memclr8</name>
         <value>0xb80d</value>
         <object_component_ref idref="oc-bf"/>
      </symbol>
      <symbol id="sm-ebc">
         <name>__aeabi_memclr4</name>
         <value>0xb80d</value>
         <object_component_ref idref="oc-bf"/>
      </symbol>
      <symbol id="sm-ebd">
         <name>__aeabi_memclr</name>
         <value>0xb80d</value>
         <object_component_ref idref="oc-bf"/>
      </symbol>
      <symbol id="sm-ecf">
         <name>__TI_zero_init</name>
         <value>0xc5cf</value>
         <object_component_ref idref="oc-58"/>
      </symbol>
      <symbol id="sm-ee6">
         <name>__TI_decompress_none</name>
         <value>0xc5c1</value>
         <object_component_ref idref="oc-18"/>
      </symbol>
      <symbol id="sm-f09">
         <name>__TI_decompress_lzss</name>
         <value>0xbb21</value>
         <object_component_ref idref="oc-12"/>
      </symbol>
      <symbol id="sm-f1c">
         <name>__stack</name>
         <value>0x2000ce98</value>
         <object_component_ref idref="oc-21"/>
      </symbol>
      <symbol id="sm-f1d">
         <name>_c_int00_noargs</name>
         <value>0xc285</value>
         <object_component_ref idref="oc-64"/>
      </symbol>
      <symbol id="sm-f33">
         <name>__aeabi_errno_addr</name>
         <value>0xc5f1</value>
         <object_component_ref idref="oc-2d8"/>
      </symbol>
      <symbol id="sm-f34">
         <name>errno</name>
         <value>0x2000ce94</value>
         <object_component_ref idref="oc-3ef"/>
      </symbol>
      <symbol id="sm-f5a">
         <name>C$$EXIT</name>
         <value>0xc603</value>
         <object_component_ref idref="oc-1c1"/>
      </symbol>
      <symbol id="sm-f5b">
         <name>abort</name>
         <value>0xc603</value>
         <object_component_ref idref="oc-1c1"/>
      </symbol>
      <symbol id="sm-f5c">
         <name>__TI_dtors_ptr</name>
         <value>0x2000ce60</value>
         <object_component_ref idref="oc-2ef"/>
      </symbol>
      <symbol id="sm-f5d">
         <name>__TI_cleanup_ptr</name>
         <value>0x2000ce5c</value>
         <object_component_ref idref="oc-2ef"/>
      </symbol>
      <symbol id="sm-f5e">
         <name>__TI_enable_exit_profile_output</name>
         <value>0x2000ce64</value>
         <object_component_ref idref="oc-2ef"/>
      </symbol>
      <symbol id="sm-f5f">
         <name>exit</name>
         <value>0xbfb5</value>
         <object_component_ref idref="oc-1c7"/>
      </symbol>
      <symbol id="sm-f74">
         <name>_nop</name>
         <value>0x70ff</value>
         <object_component_ref idref="oc-403"/>
      </symbol>
      <symbol id="sm-f75">
         <name>_lock</name>
         <value>0x2000ce80</value>
         <object_component_ref idref="oc-2f2"/>
      </symbol>
      <symbol id="sm-f76">
         <name>_unlock</name>
         <value>0x2000ce84</value>
         <object_component_ref idref="oc-2f2"/>
      </symbol>
      <symbol id="sm-f99">
         <name>perror</name>
         <value>0xb3c9</value>
         <object_component_ref idref="oc-1a6"/>
      </symbol>
      <symbol id="sm-fc0">
         <name>sprintf</name>
         <value>0xc155</value>
         <object_component_ref idref="oc-19a"/>
      </symbol>
      <symbol id="sm-fce">
         <name>strlen</name>
         <value>0xc59b</value>
         <object_component_ref idref="oc-1a0"/>
      </symbol>
      <symbol id="sm-fd8">
         <name>__aeabi_idiv0</name>
         <value>0xa303</value>
         <object_component_ref idref="oc-4f4"/>
      </symbol>
      <symbol id="sm-fd9">
         <name>__aeabi_ldiv0</name>
         <value>0xa303</value>
         <object_component_ref idref="oc-4f4"/>
      </symbol>
      <symbol id="sm-1001">
         <name>__TI_auto_init_nobinit_nopinit</name>
         <value>0xc0cd</value>
         <object_component_ref idref="oc-1cd"/>
      </symbol>
      <symbol id="sm-100b">
         <name>_system_pre_init</name>
         <value>0xc5ff</value>
         <object_component_ref idref="oc-c5"/>
      </symbol>
      <symbol id="sm-1171">
         <name>__TI_printfi</name>
         <value>0x66a1</value>
         <object_component_ref idref="oc-2b7"/>
      </symbol>
      <symbol id="sm-1187">
         <name>atoi</name>
         <value>0xbf69</value>
         <object_component_ref idref="oc-393"/>
      </symbol>
      <symbol id="sm-1192">
         <name>_ctypes_</name>
         <value>0xc728</value>
         <object_component_ref idref="oc-45d"/>
      </symbol>
      <symbol id="sm-11a7">
         <name>__TI_tmpnams</name>
         <value>0x2000c6e0</value>
      </symbol>
      <symbol id="sm-11a8">
         <name>__aeabi_stdout</name>
         <value>0x2000ce54</value>
         <object_component_ref idref="oc-575"/>
      </symbol>
      <symbol id="sm-11a9">
         <name>__aeabi_stderr</name>
         <value>0x2000ce58</value>
         <object_component_ref idref="oc-575"/>
      </symbol>
      <symbol id="sm-11aa">
         <name>__aeabi_stdin</name>
         <value>0x2000ce50</value>
         <object_component_ref idref="oc-575"/>
      </symbol>
      <symbol id="sm-11ab">
         <name>_ftable</name>
         <value>0x2000cc60</value>
         <object_component_ref idref="oc-2e4"/>
      </symbol>
      <symbol id="sm-11ac">
         <name>__TI_ft_end</name>
         <value>0x2000ce4c</value>
         <object_component_ref idref="oc-575"/>
      </symbol>
      <symbol id="sm-11c1">
         <name>putc</name>
         <value>0xb675</value>
         <object_component_ref idref="oc-2de"/>
      </symbol>
      <symbol id="sm-11c2">
         <name>fputc</name>
         <value>0xb675</value>
         <object_component_ref idref="oc-2de"/>
      </symbol>
      <symbol id="sm-11e0">
         <name>fputs</name>
         <value>0xad41</value>
         <object_component_ref idref="oc-2d2"/>
      </symbol>
      <symbol id="sm-11ef">
         <name>ltoa</name>
         <value>0xbe77</value>
         <object_component_ref idref="oc-46d"/>
      </symbol>
      <symbol id="sm-11ff">
         <name>memccpy</name>
         <value>0xc511</value>
         <object_component_ref idref="oc-3b7"/>
      </symbol>
      <symbol id="sm-120f">
         <name>memchr</name>
         <value>0xc4d1</value>
         <object_component_ref idref="oc-3db"/>
      </symbol>
      <symbol id="sm-121f">
         <name>strchr</name>
         <value>0xc55d</value>
         <object_component_ref idref="oc-494"/>
      </symbol>
      <symbol id="sm-1245">
         <name>_stream</name>
         <value>0x2000cdc8</value>
         <object_component_ref idref="oc-4c7"/>
      </symbol>
      <symbol id="sm-1246">
         <name>_device</name>
         <value>0x2000cd50</value>
         <object_component_ref idref="oc-53a"/>
      </symbol>
      <symbol id="sm-1247">
         <name>write</name>
         <value>0xc4a9</value>
         <object_component_ref idref="oc-3e7"/>
      </symbol>
      <symbol id="sm-125d">
         <name>frexpl</name>
         <value>0xbb89</value>
         <object_component_ref idref="oc-48e"/>
      </symbol>
      <symbol id="sm-125e">
         <name>frexp</name>
         <value>0xbb89</value>
         <object_component_ref idref="oc-48e"/>
      </symbol>
      <symbol id="sm-1277">
         <name>wcslen</name>
         <value>0xc5af</value>
         <object_component_ref idref="oc-3bd"/>
      </symbol>
      <symbol id="sm-1281">
         <name>__aeabi_d2iz</name>
         <value>0xbffd</value>
         <object_component_ref idref="oc-468"/>
      </symbol>
      <symbol id="sm-128e">
         <name>__aeabi_uldivmod</name>
         <value>0xb5df</value>
         <object_component_ref idref="oc-462"/>
      </symbol>
      <symbol id="sm-12a6">
         <name>__TI_wrt_ok</name>
         <value>0xbc51</value>
         <object_component_ref idref="oc-3d5"/>
      </symbol>
      <symbol id="sm-12b6">
         <name>__TI_doflush</name>
         <value>0xbf1d</value>
         <object_component_ref idref="oc-3e1"/>
      </symbol>
      <symbol id="sm-12c8">
         <name>fseek</name>
         <value>0xbbed</value>
         <object_component_ref idref="oc-4b5"/>
      </symbol>
      <symbol id="sm-12d8">
         <name>lseek</name>
         <value>0xc459</value>
         <object_component_ref idref="oc-513"/>
      </symbol>
      <symbol id="sm-12f4">
         <name>setvbuf</name>
         <value>0xb141</value>
         <object_component_ref idref="oc-4bb"/>
      </symbol>
      <symbol id="sm-1305">
         <name>HOSTclose</name>
         <value>0xc045</value>
         <object_component_ref idref="oc-581"/>
      </symbol>
      <symbol id="sm-1316">
         <name>HOSTlseek</name>
         <value>0xba51</value>
         <object_component_ref idref="oc-593"/>
      </symbol>
      <symbol id="sm-1328">
         <name>parmbuf</name>
         <value>0x2000c8f0</value>
      </symbol>
      <symbol id="sm-1329">
         <name>HOSTopen</name>
         <value>0xbcb5</value>
         <object_component_ref idref="oc-57b"/>
      </symbol>
      <symbol id="sm-133a">
         <name>HOSTread</name>
         <value>0xbd71</value>
         <object_component_ref idref="oc-587"/>
      </symbol>
      <symbol id="sm-134b">
         <name>HOSTrename</name>
         <value>0xbab9</value>
         <object_component_ref idref="oc-59f"/>
      </symbol>
      <symbol id="sm-135c">
         <name>HOSTunlink</name>
         <value>0xc089</value>
         <object_component_ref idref="oc-599"/>
      </symbol>
      <symbol id="sm-136d">
         <name>HOSTwrite</name>
         <value>0xbdc9</value>
         <object_component_ref idref="oc-58d"/>
      </symbol>
      <symbol id="sm-1391">
         <name>__TI_readmsg</name>
         <value>0xc399</value>
         <object_component_ref idref="oc-5c5"/>
      </symbol>
      <symbol id="sm-1392">
         <name>C$$IO$$</name>
         <value>0xc27b</value>
         <object_component_ref idref="oc-5bf"/>
      </symbol>
      <symbol id="sm-1393">
         <name>__CIOBUF_</name>
         <value>0x2000c5c0</value>
         <object_component_ref idref="oc-5ed"/>
      </symbol>
      <symbol id="sm-1394">
         <name>__TI_writemsg</name>
         <value>0xc24d</value>
         <object_component_ref idref="oc-5bf"/>
      </symbol>
      <symbol id="sm-140f">
         <name>_sys_memory</name>
         <value>0x2000d098</value>
         <object_component_ref idref="oc-24"/>
      </symbol>
      <symbol id="sm-1410">
         <name>free</name>
         <value>0xb21d</value>
         <object_component_ref idref="oc-51b"/>
      </symbol>
      <symbol id="sm-1411">
         <name>malloc</name>
         <value>0xb889</value>
         <object_component_ref idref="oc-521"/>
      </symbol>
      <symbol id="sm-1412">
         <name>minit</name>
         <value>0xc2bd</value>
         <object_component_ref idref="oc-558"/>
      </symbol>
      <symbol id="sm-1422">
         <name>__TI_cleanup</name>
         <value>0xc365</value>
         <object_component_ref idref="oc-527"/>
      </symbol>
      <symbol id="sm-1431">
         <name>strcpy</name>
         <value>0xc587</value>
         <object_component_ref idref="oc-5d9"/>
      </symbol>
      <symbol id="sm-1446">
         <name>__TI_closefile</name>
         <value>0xb901</value>
         <object_component_ref idref="oc-56f"/>
      </symbol>
      <symbol id="sm-1469">
         <name>finddevice</name>
         <value>0xc3cd</value>
         <object_component_ref idref="oc-60b"/>
      </symbol>
      <symbol id="sm-146a">
         <name>getdevice</name>
         <value>0xc111</value>
         <object_component_ref idref="oc-5e3"/>
      </symbol>
      <symbol id="sm-147a">
         <name>strcmp</name>
         <value>0xc545</value>
         <object_component_ref idref="oc-622"/>
      </symbol>
      <symbol id="sm-148a">
         <name>strncpy</name>
         <value>0xc32d</value>
         <object_component_ref idref="oc-605"/>
      </symbol>
      <symbol id="sm-149a">
         <name>unlink</name>
         <value>0xc42d</value>
         <object_component_ref idref="oc-5b4"/>
      </symbol>
      <symbol id="sm-14ae">
         <name>close</name>
         <value>0xbd15</value>
         <object_component_ref idref="oc-5ae"/>
      </symbol>
      <symbol id="sm-14af">
         <name>__TI_static_base__</name>
         <value>0x0</value>
      </symbol>
      <symbol id="sm-14b2">
         <name>__mpu_init</name>
         <value>0x0</value>
      </symbol>
      <symbol id="sm-14b3">
         <name>_system_post_cinit</name>
         <value>0x0</value>
      </symbol>
      <symbol id="sm-14b4">
         <name>remove</name>
         <value>0xc42d</value>
      </symbol>
   </symbol_table>
   <title>Link successful</title>
</link_info>
